<?xml version="1.0"?>
<link_info>
   <banner>TI ARM Linker PC v5.2.4</banner>
   <copyright>Copyright (c) 1996-2015 Texas Instruments Incorporated</copyright>
   <link_time>0x554b0e6f</link_time>
   <link_errors>0x0</link_errors>
   <output_file>[TIVA][FW2] _STATE_MACHINE.out</output_file>
   <entry_point>
      <name>_c_int00</name>
      <address>0x193d</address>
   </entry_point>
   <input_file_list>
      <input_file id="fl-2">
         <path>.\</path>
         <kind>object</kind>
         <file>Functions.obj</file>
         <name>Functions.obj</name>
      </input_file>
      <input_file id="fl-3">
         <path>.\</path>
         <kind>object</kind>
         <file>SystemConfig.obj</file>
         <name>SystemConfig.obj</name>
      </input_file>
      <input_file id="fl-4">
         <path>.\</path>
         <kind>object</kind>
         <file>main.obj</file>
         <name>main.obj</name>
      </input_file>
      <input_file id="fl-5">
         <path>.\</path>
         <kind>object</kind>
         <file>startup_ccs.obj</file>
         <name>startup_ccs.obj</name>
      </input_file>
      <input_file id="fl-6">
         <path>.\utils\</path>
         <kind>object</kind>
         <file>cmdline.obj</file>
         <name>cmdline.obj</name>
      </input_file>
      <input_file id="fl-7">
         <path>.\utils\</path>
         <kind>object</kind>
         <file>uartstdio.obj</file>
         <name>uartstdio.obj</name>
      </input_file>
      <input_file id="fl-8">
         <path>.\utils\</path>
         <kind>object</kind>
         <file>ustdlib.obj</file>
         <name>ustdlib.obj</name>
      </input_file>
      <input_file id="fl-9">
         <path>.\drivers\</path>
         <kind>object</kind>
         <file>buttons.obj</file>
         <name>buttons.obj</name>
      </input_file>
      <input_file id="fl-a">
         <path>.\drivers\</path>
         <kind>object</kind>
         <file>rgb.obj</file>
         <name>rgb.obj</name>
      </input_file>
      <input_file id="fl-132">
         <path>c:\ti\ccsv6\tools\compiler\ti-cgt-arm_5.2.4\lib\</path>
         <kind>archive</kind>
         <file>rtsv7M4_T_le_v4SPD16_eabi.lib</file>
         <name>boot.obj</name>
      </input_file>
      <input_file id="fl-133">
         <path>c:\ti\ccsv6\tools\compiler\ti-cgt-arm_5.2.4\lib\</path>
         <kind>archive</kind>
         <file>rtsv7M4_T_le_v4SPD16_eabi.lib</file>
         <name>copy_decompress_none.obj</name>
      </input_file>
      <input_file id="fl-134">
         <path>c:\ti\ccsv6\tools\compiler\ti-cgt-arm_5.2.4\lib\</path>
         <kind>archive</kind>
         <file>rtsv7M4_T_le_v4SPD16_eabi.lib</file>
         <name>copy_decompress_rle.obj</name>
      </input_file>
      <input_file id="fl-135">
         <path>c:\ti\ccsv6\tools\compiler\ti-cgt-arm_5.2.4\lib\</path>
         <kind>archive</kind>
         <file>rtsv7M4_T_le_v4SPD16_eabi.lib</file>
         <name>copy_zero_init.obj</name>
      </input_file>
      <input_file id="fl-136">
         <path>c:\ti\ccsv6\tools\compiler\ti-cgt-arm_5.2.4\lib\</path>
         <kind>archive</kind>
         <file>rtsv7M4_T_le_v4SPD16_eabi.lib</file>
         <name>exit.obj</name>
      </input_file>
      <input_file id="fl-137">
         <path>c:\ti\ccsv6\tools\compiler\ti-cgt-arm_5.2.4\lib\</path>
         <kind>archive</kind>
         <file>rtsv7M4_T_le_v4SPD16_eabi.lib</file>
         <name>fd_cmp_t2.obj</name>
      </input_file>
      <input_file id="fl-138">
         <path>c:\ti\ccsv6\tools\compiler\ti-cgt-arm_5.2.4\lib\</path>
         <kind>archive</kind>
         <file>rtsv7M4_T_le_v4SPD16_eabi.lib</file>
         <name>fs_toull_t2.obj</name>
      </input_file>
      <input_file id="fl-139">
         <path>c:\ti\ccsv6\tools\compiler\ti-cgt-arm_5.2.4\lib\</path>
         <kind>archive</kind>
         <file>rtsv7M4_T_le_v4SPD16_eabi.lib</file>
         <name>memcpy_t2.obj</name>
      </input_file>
      <input_file id="fl-13a">
         <path>c:\ti\ccsv6\tools\compiler\ti-cgt-arm_5.2.4\lib\</path>
         <kind>archive</kind>
         <file>rtsv7M4_T_le_v4SPD16_eabi.lib</file>
         <name>memset_t2.obj</name>
      </input_file>
      <input_file id="fl-13b">
         <path>c:\ti\ccsv6\tools\compiler\ti-cgt-arm_5.2.4\lib\</path>
         <kind>archive</kind>
         <file>rtsv7M4_T_le_v4SPD16_eabi.lib</file>
         <name>pre_init.obj</name>
      </input_file>
      <input_file id="fl-13c">
         <path>c:\ti\ccsv6\tools\compiler\ti-cgt-arm_5.2.4\lib\</path>
         <kind>archive</kind>
         <file>rtsv7M4_T_le_v4SPD16_eabi.lib</file>
         <name>stkdepth_vars.obj</name>
      </input_file>
      <input_file id="fl-13d">
         <path>c:\ti\ccsv6\tools\compiler\ti-cgt-arm_5.2.4\lib\</path>
         <kind>archive</kind>
         <file>rtsv7M4_T_le_v4SPD16_eabi.lib</file>
         <name>strcmp.obj</name>
      </input_file>
      <input_file id="fl-13e">
         <path>c:\ti\ccsv6\tools\compiler\ti-cgt-arm_5.2.4\lib\</path>
         <kind>archive</kind>
         <file>rtsv7M4_T_le_v4SPD16_eabi.lib</file>
         <name>u_divt2.obj</name>
      </input_file>
      <input_file id="fl-13f">
         <path>c:\ti\ccsv6\tools\compiler\ti-cgt-arm_5.2.4\lib\</path>
         <kind>archive</kind>
         <file>rtsv7M4_T_le_v4SPD16_eabi.lib</file>
         <name>u_tofd_t2.obj</name>
      </input_file>
      <input_file id="fl-140">
         <path>c:\ti\ccsv6\tools\compiler\ti-cgt-arm_5.2.4\lib\</path>
         <kind>archive</kind>
         <file>rtsv7M4_T_le_v4SPD16_eabi.lib</file>
         <name>_lock.obj</name>
      </input_file>
      <input_file id="fl-141">
         <path>c:\ti\ccsv6\tools\compiler\ti-cgt-arm_5.2.4\lib\</path>
         <kind>archive</kind>
         <file>rtsv7M4_T_le_v4SPD16_eabi.lib</file>
         <name>args_main.obj</name>
      </input_file>
      <input_file id="fl-142">
         <path>c:\ti\ccsv6\tools\compiler\ti-cgt-arm_5.2.4\lib\</path>
         <kind>archive</kind>
         <file>rtsv7M4_T_le_v4SPD16_eabi.lib</file>
         <name>autoinit.obj</name>
      </input_file>
      <input_file id="fl-143">
         <path>c:\ti\ccsv6\tools\compiler\ti-cgt-arm_5.2.4\lib\</path>
         <kind>archive</kind>
         <file>rtsv7M4_T_le_v4SPD16_eabi.lib</file>
         <name>cpy_tbl.obj</name>
      </input_file>
      <input_file id="fl-144">
         <path>c:\ti\ccsv6\tools\compiler\ti-cgt-arm_5.2.4\lib\</path>
         <kind>archive</kind>
         <file>rtsv7M4_T_le_v4SPD16_eabi.lib</file>
         <name>i_div0.obj</name>
      </input_file>
      <input_file id="fl-145">
         <path>C:\ti\TivaWare_C_Series-2.1.0.12573\examples\boards\ek-tm4c123gxl\qs-rgb\ccs\..\..\..\..\..\driverlib\ccs\Debug\</path>
         <kind>archive</kind>
         <file>driverlib.lib</file>
         <name>uart.obj</name>
      </input_file>
      <input_file id="fl-146">
         <path>C:\ti\TivaWare_C_Series-2.1.0.12573\examples\boards\ek-tm4c123gxl\qs-rgb\ccs\..\..\..\..\..\driverlib\ccs\Debug\</path>
         <kind>archive</kind>
         <file>driverlib.lib</file>
         <name>timer.obj</name>
      </input_file>
      <input_file id="fl-147">
         <path>C:\ti\TivaWare_C_Series-2.1.0.12573\examples\boards\ek-tm4c123gxl\qs-rgb\ccs\..\..\..\..\..\driverlib\ccs\Debug\</path>
         <kind>archive</kind>
         <file>driverlib.lib</file>
         <name>systick.obj</name>
      </input_file>
      <input_file id="fl-148">
         <path>C:\ti\TivaWare_C_Series-2.1.0.12573\examples\boards\ek-tm4c123gxl\qs-rgb\ccs\..\..\..\..\..\driverlib\ccs\Debug\</path>
         <kind>archive</kind>
         <file>driverlib.lib</file>
         <name>sysctl.obj</name>
      </input_file>
      <input_file id="fl-149">
         <path>C:\ti\TivaWare_C_Series-2.1.0.12573\examples\boards\ek-tm4c123gxl\qs-rgb\ccs\..\..\..\..\..\driverlib\ccs\Debug\</path>
         <kind>archive</kind>
         <file>driverlib.lib</file>
         <name>pwm.obj</name>
      </input_file>
      <input_file id="fl-14a">
         <path>C:\ti\TivaWare_C_Series-2.1.0.12573\examples\boards\ek-tm4c123gxl\qs-rgb\ccs\..\..\..\..\..\driverlib\ccs\Debug\</path>
         <kind>archive</kind>
         <file>driverlib.lib</file>
         <name>interrupt.obj</name>
      </input_file>
      <input_file id="fl-14b">
         <path>C:\ti\TivaWare_C_Series-2.1.0.12573\examples\boards\ek-tm4c123gxl\qs-rgb\ccs\..\..\..\..\..\driverlib\ccs\Debug\</path>
         <kind>archive</kind>
         <file>driverlib.lib</file>
         <name>gpio.obj</name>
      </input_file>
      <input_file id="fl-14c">
         <path>C:\ti\TivaWare_C_Series-2.1.0.12573\examples\boards\ek-tm4c123gxl\qs-rgb\ccs\..\..\..\..\..\driverlib\ccs\Debug\</path>
         <kind>archive</kind>
         <file>driverlib.lib</file>
         <name>eeprom.obj</name>
      </input_file>
      <input_file id="fl-14d">
         <path>C:\ti\TivaWare_C_Series-2.1.0.12573\examples\boards\ek-tm4c123gxl\qs-rgb\ccs\..\..\..\..\..\driverlib\ccs\Debug\</path>
         <kind>archive</kind>
         <file>driverlib.lib</file>
         <name>cpu.obj</name>
      </input_file>
   </input_file_list>
   <object_component_list>
      <object_component id="oc-f">
         <name>.intvecs</name>
         <load_address>0x0</load_address>
         <run_address>0x0</run_address>
         <size>0x26c</size>
         <input_file_ref idref="fl-5"/>
      </object_component>
      <object_component id="oc-13b">
         <name>.text:main</name>
         <load_address>0x26c</load_address>
         <run_address>0x26c</run_address>
         <size>0x2bc</size>
         <input_file_ref idref="fl-4"/>
      </object_component>
      <object_component id="oc-18b">
         <name>.text:UARTvprintf</name>
         <load_address>0x528</load_address>
         <run_address>0x528</run_address>
         <size>0x1ea</size>
         <input_file_ref idref="fl-7"/>
      </object_component>
      <object_component id="oc-36">
         <name>.text:FaultISR</name>
         <load_address>0x712</load_address>
         <run_address>0x712</run_address>
         <size>0x2</size>
         <input_file_ref idref="fl-5"/>
      </object_component>
      <object_component id="oc-1ac">
         <name>.text:SwitchState</name>
         <load_address>0x714</load_address>
         <run_address>0x714</run_address>
         <size>0x1d8</size>
         <input_file_ref idref="fl-4"/>
      </object_component>
      <object_component id="oc-48">
         <name>.text:UARTStdioIntHandler</name>
         <load_address>0x8ec</load_address>
         <run_address>0x8ec</run_address>
         <size>0x160</size>
         <input_file_ref idref="fl-7"/>
      </object_component>
      <object_component id="oc-2f1">
         <name>.text:GPIOPadConfigSet</name>
         <load_address>0xa4c</load_address>
         <run_address>0xa4c</run_address>
         <size>0x130</size>
         <input_file_ref idref="fl-14b"/>
      </object_component>
      <object_component id="oc-a8">
         <name>.text:AppHandler</name>
         <load_address>0xb7c</load_address>
         <run_address>0xb7c</run_address>
         <size>0x120</size>
         <input_file_ref idref="fl-4"/>
      </object_component>
      <object_component id="oc-ea">
         <name>.text:SysCtlClockGet</name>
         <load_address>0xc9c</load_address>
         <run_address>0xc9c</run_address>
         <size>0x118</size>
         <input_file_ref idref="fl-148"/>
      </object_component>
      <object_component id="oc-241">
         <name>.text:IndicateState</name>
         <load_address>0xdb4</load_address>
         <run_address>0xdb4</run_address>
         <size>0xf8</size>
         <input_file_ref idref="fl-2"/>
      </object_component>
      <object_component id="oc-4e">
         <name>.text:Timer0IntHandler</name>
         <load_address>0xeac</load_address>
         <run_address>0xeac</run_address>
         <size>0xf4</size>
         <input_file_ref idref="fl-2"/>
      </object_component>
      <object_component id="oc-281">
         <name>.text:SysCtlClockSet</name>
         <load_address>0xfa0</load_address>
         <run_address>0xfa0</run_address>
         <size>0xf0</size>
         <input_file_ref idref="fl-148"/>
      </object_component>
      <object_component id="oc-267">
         <name>.text:EEPROMProgram</name>
         <load_address>0x1090</load_address>
         <run_address>0x1090</run_address>
         <size>0xc4</size>
         <input_file_ref idref="fl-14c"/>
      </object_component>
      <object_component id="oc-29d">
         <name>.text:UARTStdioConfig</name>
         <load_address>0x1154</load_address>
         <run_address>0x1154</run_address>
         <size>0xb0</size>
         <input_file_ref idref="fl-7"/>
      </object_component>
      <object_component id="oc-be">
         <name>.text:UARTwrite</name>
         <load_address>0x1204</load_address>
         <run_address>0x1204</run_address>
         <size>0xa8</size>
         <input_file_ref idref="fl-7"/>
      </object_component>
      <object_component id="oc-5d">
         <name>.text</name>
         <load_address>0x12ac</load_address>
         <run_address>0x12ac</run_address>
         <size>0x9c</size>
         <input_file_ref idref="fl-139"/>
      </object_component>
      <object_component id="oc-a2">
         <name>.text:ButtonsPoll</name>
         <load_address>0x1348</load_address>
         <run_address>0x1348</run_address>
         <size>0x8c</size>
         <input_file_ref idref="fl-9"/>
      </object_component>
      <object_component id="oc-b2">
         <name>.text:UARTPrimeTransmit</name>
         <load_address>0x13d4</load_address>
         <run_address>0x13d4</run_address>
         <size>0x8c</size>
         <input_file_ref idref="fl-7"/>
      </object_component>
      <object_component id="oc-158">
         <name>.text:__aeabi_cdrcmple</name>
         <load_address>0x1460</load_address>
         <run_address>0x1460</run_address>
         <size>0x86</size>
         <input_file_ref idref="fl-137"/>
      </object_component>
      <object_component id="oc-76">
         <name>.text</name>
         <load_address>0x14e6</load_address>
         <run_address>0x14e6</run_address>
         <size>0x7a</size>
         <input_file_ref idref="fl-13a"/>
      </object_component>
      <object_component id="oc-88">
         <name>.text</name>
         <load_address>0x1560</load_address>
         <run_address>0x1560</run_address>
         <size>0x6c</size>
         <input_file_ref idref="fl-142"/>
      </object_component>
      <object_component id="oc-69">
         <name>.text</name>
         <load_address>0x15cc</load_address>
         <run_address>0x15cc</run_address>
         <size>0x6a</size>
         <input_file_ref idref="fl-134"/>
      </object_component>
      <object_component id="oc-3c">
         <name>.text:IntDefaultHandler</name>
         <load_address>0x1636</load_address>
         <run_address>0x1636</run_address>
         <size>0x2</size>
         <input_file_ref idref="fl-5"/>
      </object_component>
      <object_component id="oc-20a">
         <name>.text:ButtonsInit</name>
         <load_address>0x1638</load_address>
         <run_address>0x1638</run_address>
         <size>0x68</size>
         <input_file_ref idref="fl-9"/>
      </object_component>
      <object_component id="oc-22e">
         <name>.text:ConfigPWM</name>
         <load_address>0x16a0</load_address>
         <run_address>0x16a0</run_address>
         <size>0x68</size>
         <input_file_ref idref="fl-3"/>
      </object_component>
      <object_component id="oc-222">
         <name>.text:ConfigUART</name>
         <load_address>0x1708</load_address>
         <run_address>0x1708</run_address>
         <size>0x68</size>
         <input_file_ref idref="fl-3"/>
      </object_component>
      <object_component id="oc-1a6">
         <name>.text:InitSystem</name>
         <load_address>0x1770</load_address>
         <run_address>0x1770</run_address>
         <size>0x68</size>
         <input_file_ref idref="fl-3"/>
      </object_component>
      <object_component id="oc-21c">
         <name>.text:IntEnable</name>
         <load_address>0x17d8</load_address>
         <run_address>0x17d8</run_address>
         <size>0x60</size>
         <input_file_ref idref="fl-14a"/>
      </object_component>
      <object_component id="oc-340">
         <name>.text:TimerConfigure</name>
         <load_address>0x1838</load_address>
         <run_address>0x1838</run_address>
         <size>0x5c</size>
         <input_file_ref idref="fl-146"/>
      </object_component>
      <object_component id="oc-210">
         <name>.text:GPIOIntTypeSet</name>
         <load_address>0x1894</load_address>
         <run_address>0x1894</run_address>
         <size>0x56</size>
         <input_file_ref idref="fl-14b"/>
      </object_component>
      <object_component id="oc-30">
         <name>.text:NmiSR</name>
         <load_address>0x18ea</load_address>
         <run_address>0x18ea</run_address>
         <size>0x2</size>
         <input_file_ref idref="fl-5"/>
      </object_component>
      <object_component id="oc-338">
         <name>.text:SysCtlPeripheralReset</name>
         <load_address>0x18ec</load_address>
         <run_address>0x18ec</run_address>
         <size>0x50</size>
         <input_file_ref idref="fl-148"/>
      </object_component>
      <object_component id="oc-24">
         <name>.text</name>
         <load_address>0x193c</load_address>
         <run_address>0x193c</run_address>
         <size>0x50</size>
         <input_file_ref idref="fl-132"/>
      </object_component>
      <object_component id="oc-133">
         <name>.text</name>
         <load_address>0x198c</load_address>
         <run_address>0x198c</run_address>
         <size>0x4c</size>
         <input_file_ref idref="fl-143"/>
      </object_component>
      <object_component id="oc-2bd">
         <name>.text:GPIOPinConfigure</name>
         <load_address>0x19d8</load_address>
         <run_address>0x19d8</run_address>
         <size>0x48</size>
         <input_file_ref idref="fl-14b"/>
      </object_component>
      <object_component id="oc-2e4">
         <name>.text:ConfigTimer0</name>
         <load_address>0x1a20</load_address>
         <run_address>0x1a20</run_address>
         <size>0x44</size>
         <input_file_ref idref="fl-3"/>
      </object_component>
      <object_component id="oc-94">
         <name>.text</name>
         <load_address>0x1a64</load_address>
         <run_address>0x1a64</run_address>
         <size>0x44</size>
         <input_file_ref idref="fl-136"/>
      </object_component>
      <object_component id="oc-2d6">
         <name>.text:EEPROMInit</name>
         <load_address>0x1aa8</load_address>
         <run_address>0x1aa8</run_address>
         <size>0x40</size>
         <input_file_ref idref="fl-14c"/>
      </object_component>
      <object_component id="oc-1f0">
         <name>.text</name>
         <load_address>0x1ae8</load_address>
         <run_address>0x1ae8</run_address>
         <size>0x40</size>
         <input_file_ref idref="fl-13e"/>
      </object_component>
      <object_component id="oc-31f">
         <name>.text:UARTFlushTx</name>
         <load_address>0x1b28</load_address>
         <run_address>0x1b28</run_address>
         <size>0x3c</size>
         <input_file_ref idref="fl-7"/>
      </object_component>
      <object_component id="oc-309">
         <name>.text:_EEPROMSectorMaskSet</name>
         <load_address>0x1b64</load_address>
         <run_address>0x1b64</run_address>
         <size>0x3c</size>
         <input_file_ref idref="fl-14c"/>
      </object_component>
      <object_component id="oc-260">
         <name>.text:EEPROMRead</name>
         <load_address>0x1ba0</load_address>
         <run_address>0x1ba0</run_address>
         <size>0x34</size>
         <input_file_ref idref="fl-14c"/>
      </object_component>
      <object_component id="oc-288">
         <name>.text:SysCtlPeripheralEnable</name>
         <load_address>0x1bd4</load_address>
         <run_address>0x1bd4</run_address>
         <size>0x34</size>
         <input_file_ref idref="fl-148"/>
      </object_component>
      <object_component id="oc-303">
         <name>.text:_EEPROMSectorMaskClear</name>
         <load_address>0x1c08</load_address>
         <run_address>0x1c08</run_address>
         <size>0x34</size>
         <input_file_ref idref="fl-14c"/>
      </object_component>
      <object_component id="oc-259">
         <name>.text:UARTgetc</name>
         <load_address>0x1c3c</load_address>
         <run_address>0x1c3c</run_address>
         <size>0x30</size>
         <input_file_ref idref="fl-7"/>
      </object_component>
      <object_component id="oc-319">
         <name>.text:UARTFlushRx</name>
         <load_address>0x1c6c</load_address>
         <run_address>0x1c6c</run_address>
         <size>0x2c</size>
         <input_file_ref idref="fl-7"/>
      </object_component>
      <object_component id="oc-2eb">
         <name>.text:GPIODirModeSet</name>
         <load_address>0x1c98</load_address>
         <run_address>0x1c98</run_address>
         <size>0x2a</size>
         <input_file_ref idref="fl-14b"/>
      </object_component>
      <object_component id="oc-278">
         <name>.text</name>
         <load_address>0x1cc2</load_address>
         <run_address>0x1cc2</run_address>
         <size>0x2</size>
         <input_file_ref idref="fl-144"/>
      </object_component>
      <object_component id="oc-204">
         <name>.text:ConfigDisplay</name>
         <load_address>0x1cc4</load_address>
         <run_address>0x1cc4</run_address>
         <size>0x28</size>
         <input_file_ref idref="fl-3"/>
      </object_component>
      <object_component id="oc-2c3">
         <name>.text:PWMGenConfigure</name>
         <load_address>0x1cec</load_address>
         <run_address>0x1cec</run_address>
         <size>0x22</size>
         <input_file_ref idref="fl-149"/>
      </object_component>
      <object_component id="oc-153">
         <name>.text</name>
         <load_address>0x1d0e</load_address>
         <run_address>0x1d0e</run_address>
         <size>0x20</size>
         <input_file_ref idref="fl-13f"/>
      </object_component>
      <object_component id="oc-f0">
         <name>.text:PWMPulseWidthSet</name>
         <load_address>0x1d2e</load_address>
         <run_address>0x1d2e</run_address>
         <size>0x1e</size>
         <input_file_ref idref="fl-149"/>
      </object_component>
      <object_component id="oc-54">
         <name>.text:ButtonISR</name>
         <load_address>0x1d4c</load_address>
         <run_address>0x1d4c</run_address>
         <size>0x1c</size>
         <input_file_ref idref="fl-4"/>
      </object_component>
      <object_component id="oc-42">
         <name>.text:SysTickIntHandler</name>
         <load_address>0x1d68</load_address>
         <run_address>0x1d68</run_address>
         <size>0x1c</size>
         <input_file_ref idref="fl-4"/>
      </object_component>
      <object_component id="oc-228">
         <name>.text:ConfigSysTick</name>
         <load_address>0x1d84</load_address>
         <run_address>0x1d84</run_address>
         <size>0x1a</size>
         <input_file_ref idref="fl-3"/>
      </object_component>
      <object_component id="oc-108">
         <name>.text:UARTprintf</name>
         <load_address>0x1d9e</load_address>
         <run_address>0x1d9e</run_address>
         <size>0x1a</size>
         <input_file_ref idref="fl-7"/>
      </object_component>
      <object_component id="oc-24d">
         <name>.text:GPIOPinTypeGPIOOutput</name>
         <load_address>0x1db8</load_address>
         <run_address>0x1db8</run_address>
         <size>0x18</size>
         <input_file_ref idref="fl-14b"/>
      </object_component>
      <object_component id="oc-c4">
         <name>.text:IsBufferFull</name>
         <load_address>0x1dd0</load_address>
         <run_address>0x1dd0</run_address>
         <size>0x18</size>
         <input_file_ref idref="fl-7"/>
      </object_component>
      <object_component id="oc-1b9">
         <name>.text:SetErrorFlag</name>
         <load_address>0x1de8</load_address>
         <run_address>0x1de8</run_address>
         <size>0x18</size>
         <input_file_ref idref="fl-2"/>
      </object_component>
      <object_component id="oc-8e">
         <name>.text</name>
         <load_address>0x1e00</load_address>
         <run_address>0x1e00</run_address>
         <size>0x18</size>
         <input_file_ref idref="fl-141"/>
      </object_component>
      <object_component id="oc-1b3">
         <name>.text:IsErrorFlagOn</name>
         <load_address>0x1e18</load_address>
         <run_address>0x1e18</run_address>
         <size>0x16</size>
         <input_file_ref idref="fl-2"/>
      </object_component>
      <object_component id="oc-234">
         <name>.text:ConfigEEPROM</name>
         <load_address>0x1e30</load_address>
         <run_address>0x1e30</run_address>
         <size>0x14</size>
         <input_file_ref idref="fl-3"/>
      </object_component>
      <object_component id="oc-2b7">
         <name>.text:SysCtlPWMClockSet</name>
         <load_address>0x1e44</load_address>
         <run_address>0x1e44</run_address>
         <size>0x14</size>
         <input_file_ref idref="fl-148"/>
      </object_component>
      <object_component id="oc-2aa">
         <name>.text:SysTickEnable</name>
         <load_address>0x1e58</load_address>
         <run_address>0x1e58</run_address>
         <size>0x14</size>
         <input_file_ref idref="fl-147"/>
      </object_component>
      <object_component id="oc-2b0">
         <name>.text:SysTickIntEnable</name>
         <load_address>0x1e6c</load_address>
         <run_address>0x1e6c</run_address>
         <size>0x14</size>
         <input_file_ref idref="fl-147"/>
      </object_component>
      <object_component id="oc-253">
         <name>.text:UARTRxBytesAvail</name>
         <load_address>0x1e80</load_address>
         <run_address>0x1e80</run_address>
         <size>0x14</size>
         <input_file_ref idref="fl-7"/>
      </object_component>
      <object_component id="oc-1c7">
         <name>.text</name>
         <load_address>0x1e94</load_address>
         <run_address>0x1e94</run_address>
         <size>0x14</size>
         <input_file_ref idref="fl-140"/>
      </object_component>
      <object_component id="oc-247">
         <name>.text:GPIOPinTypePWM</name>
         <load_address>0x1ea8</load_address>
         <run_address>0x1ea8</run_address>
         <size>0x12</size>
         <input_file_ref idref="fl-14b"/>
      </object_component>
      <object_component id="oc-2f9">
         <name>.text:GetBufferCount</name>
         <load_address>0x1eba</load_address>
         <run_address>0x1eba</run_address>
         <size>0x12</size>
         <input_file_ref idref="fl-7"/>
      </object_component>
      <object_component id="oc-2cf">
         <name>.text:PWMOutputState</name>
         <load_address>0x1ecc</load_address>
         <run_address>0x1ecc</run_address>
         <size>0x12</size>
         <input_file_ref idref="fl-149"/>
      </object_component>
      <object_component id="oc-346">
         <name>.text:TimerLoadSet</name>
         <load_address>0x1ede</load_address>
         <run_address>0x1ede</run_address>
         <size>0x12</size>
         <input_file_ref idref="fl-146"/>
      </object_component>
      <object_component id="oc-2c9">
         <name>.text:PWMGenPeriodSet</name>
         <load_address>0x1ef0</load_address>
         <run_address>0x1ef0</run_address>
         <size>0x10</size>
         <input_file_ref idref="fl-149"/>
      </object_component>
      <object_component id="oc-2a4">
         <name>.text:SysTickPeriodSet</name>
         <load_address>0x1f00</load_address>
         <run_address>0x1f00</run_address>
         <size>0x10</size>
         <input_file_ref idref="fl-147"/>
      </object_component>
      <object_component id="oc-332">
         <name>.text:_EEPROMWaitForDone</name>
         <load_address>0x1f10</load_address>
         <run_address>0x1f10</run_address>
         <size>0x10</size>
         <input_file_ref idref="fl-14c"/>
      </object_component>
      <object_component id="oc-b8">
         <name>.text:IsBufferEmpty</name>
         <load_address>0x1f20</load_address>
         <run_address>0x1f20</run_address>
         <size>0xe</size>
         <input_file_ref idref="fl-7"/>
      </object_component>
      <object_component id="oc-352">
         <name>.text:TimerEnable</name>
         <load_address>0x1f2e</load_address>
         <run_address>0x1f2e</run_address>
         <size>0xe</size>
         <input_file_ref idref="fl-146"/>
      </object_component>
      <object_component id="oc-12">
         <name>.text:decompress:none</name>
         <load_address>0x1f3c</load_address>
         <run_address>0x1f3c</run_address>
         <size>0xe</size>
         <input_file_ref idref="fl-133"/>
      </object_component>
      <object_component id="oc-2dd">
         <name>.text:CPUcpsie</name>
         <load_address>0x1f4a</load_address>
         <run_address>0x1f4a</run_address>
         <size>0xc</size>
         <input_file_ref idref="fl-14d"/>
      </object_component>
      <object_component id="oc-1fe">
         <name>.text:ConfigSystemClock</name>
         <load_address>0x1f58</load_address>
         <run_address>0x1f58</run_address>
         <size>0xc</size>
         <input_file_ref idref="fl-3"/>
      </object_component>
      <object_component id="oc-216">
         <name>.text:GPIOIntEnable</name>
         <load_address>0x1f64</load_address>
         <run_address>0x1f64</run_address>
         <size>0xc</size>
         <input_file_ref idref="fl-14b"/>
      </object_component>
      <object_component id="oc-e4">
         <name>.text:PWMGenDisable</name>
         <load_address>0x1f70</load_address>
         <run_address>0x1f70</run_address>
         <size>0xc</size>
         <input_file_ref idref="fl-149"/>
      </object_component>
      <object_component id="oc-f6">
         <name>.text:PWMGenEnable</name>
         <load_address>0x1f7c</load_address>
         <run_address>0x1f7c</run_address>
         <size>0xc</size>
         <input_file_ref idref="fl-149"/>
      </object_component>
      <object_component id="oc-1e">
         <name>.text:decompress:ZI</name>
         <load_address>0x1f88</load_address>
         <run_address>0x1f88</run_address>
         <size>0xc</size>
         <input_file_ref idref="fl-135"/>
      </object_component>
      <object_component id="oc-23a">
         <name>.text:IntMasterEnable</name>
         <load_address>0x1f94</load_address>
         <run_address>0x1f94</run_address>
         <size>0xa</size>
         <input_file_ref idref="fl-14a"/>
      </object_component>
      <object_component id="oc-34c">
         <name>.text:TimerIntEnable</name>
         <load_address>0x1f9e</load_address>
         <run_address>0x1f9e</run_address>
         <size>0x8</size>
         <input_file_ref idref="fl-146"/>
      </object_component>
      <object_component id="oc-110">
         <name>.text:GPIOIntClear</name>
         <load_address>0x1fa6</load_address>
         <run_address>0x1fa6</run_address>
         <size>0x6</size>
         <input_file_ref idref="fl-14b"/>
      </object_component>
      <object_component id="oc-fc">
         <name>.text:GPIOPinRead</name>
         <load_address>0x1fac</load_address>
         <run_address>0x1fac</run_address>
         <size>0x6</size>
         <input_file_ref idref="fl-14b"/>
      </object_component>
      <object_component id="oc-102">
         <name>.text:GPIOPinWrite</name>
         <load_address>0x1fb2</load_address>
         <run_address>0x1fb2</run_address>
         <size>0x6</size>
         <input_file_ref idref="fl-14b"/>
      </object_component>
      <object_component id="oc-2a">
         <name>.text:ResetISR</name>
         <load_address>0x1fb8</load_address>
         <run_address>0x1fb8</run_address>
         <size>0x6</size>
         <input_file_ref idref="fl-5"/>
      </object_component>
      <object_component id="oc-1b2">
         <name>.text:SysCtlDelay</name>
         <load_address>0x1fbe</load_address>
         <run_address>0x1fbe</run_address>
         <size>0x6</size>
         <input_file_ref idref="fl-148"/>
      </object_component>
      <object_component id="oc-297">
         <name>.text:UARTClockSourceSet</name>
         <load_address>0x1fc4</load_address>
         <run_address>0x1fc4</run_address>
         <size>0x6</size>
         <input_file_ref idref="fl-145"/>
      </object_component>
      <object_component id="oc-18">
         <name>.text:decompress:rle24</name>
         <load_address>0x1fca</load_address>
         <run_address>0x1fca</run_address>
         <size>0x6</size>
         <input_file_ref idref="fl-134"/>
      </object_component>
      <object_component id="oc-de">
         <name>.text:TimerIntClear</name>
         <load_address>0x1fd0</load_address>
         <run_address>0x1fd0</run_address>
         <size>0x4</size>
         <input_file_ref idref="fl-146"/>
      </object_component>
      <object_component id="oc-82">
         <name>.text</name>
         <load_address>0x1fd4</load_address>
         <run_address>0x1fd4</run_address>
         <size>0x4</size>
         <input_file_ref idref="fl-13b"/>
      </object_component>
      <object_component id="oc-32b">
         <name>.const:g_pui32GPIOBaseAddrs</name>
         <load_address>0x1fd8</load_address>
         <run_address>0x1fd8</run_address>
         <size>0x90</size>
         <input_file_ref idref="fl-14b"/>
      </object_component>
      <object_component id="oc-292">
         <name>.const</name>
         <load_address>0x2068</load_address>
         <run_address>0x2068</run_address>
         <size>0x70</size>
         <input_file_ref idref="fl-14a"/>
      </object_component>
      <object_component id="oc-182">
         <name>.const:g_pui32Xtals</name>
         <load_address>0x20d8</load_address>
         <run_address>0x20d8</run_address>
         <size>0x6c</size>
         <input_file_ref idref="fl-148"/>
      </object_component>
      <object_component id="oc-169">
         <name>.const</name>
         <load_address>0x2144</load_address>
         <run_address>0x2144</run_address>
         <size>0x28</size>
         <input_file_ref idref="fl-7"/>
      </object_component>
      <object_component id="oc-1dd">
         <name>.const:.string</name>
         <load_address>0x216c</load_address>
         <run_address>0x216c</run_address>
         <size>0x12</size>
         <input_file_ref idref="fl-7"/>
      </object_component>
      <object_component id="oc-394">
         <name>.cinit..data.load</name>
         <load_address>0x2180</load_address>
         <run_address>0x2180</run_address>
         <size>0x20</size>
      </object_component>
      <object_component id="oc-392">
         <name>__TI_handler_table</name>
         <load_address>0x21a0</load_address>
         <run_address>0x21a0</run_address>
         <size>0xc</size>
      </object_component>
      <object_component id="oc-395">
         <name>.cinit..bss.load</name>
         <load_address>0x21b0</load_address>
         <run_address>0x21b0</run_address>
         <size>0x8</size>
      </object_component>
      <object_component id="oc-393">
         <name>__TI_cinit_table</name>
         <load_address>0x21b8</load_address>
         <run_address>0x21b8</run_address>
         <size>0x10</size>
      </object_component>
      <object_component id="oc-29">
         <name>.stack</name>
         <uninitialized>true</uninitialized>
         <run_address>0x20000000</run_address>
         <size>0x0</size>
         <input_file_ref idref="fl-132"/>
      </object_component>
      <object_component id="oc-396">
         <name>.stack</name>
         <uninitialized>true</uninitialized>
         <run_address>0x20000000</run_address>
         <size>0x0</size>
      </object_component>
      <object_component id="oc-16c">
         <name>.bss:g_pcUARTTxBuffer</name>
         <uninitialized>true</uninitialized>
         <run_address>0x20001000</run_address>
         <size>0x400</size>
         <input_file_ref idref="fl-7"/>
      </object_component>
      <object_component id="oc-d0">
         <name>.bss:g_pcUARTRxBuffer</name>
         <uninitialized>true</uninitialized>
         <run_address>0x20001400</run_address>
         <size>0x80</size>
         <input_file_ref idref="fl-7"/>
      </object_component>
      <object_component id="oc-ae">
         <name>.common:g_sState</name>
         <uninitialized>true</uninitialized>
         <run_address>0x20001480</run_address>
         <size>0x10</size>
      </object_component>
      <object_component id="oc-116">
         <name>.common:flagError</name>
         <uninitialized>true</uninitialized>
         <run_address>0x20001494</run_address>
         <size>0x1</size>
      </object_component>
      <object_component id="oc-cd">
         <name>.common:g_bDisableEcho</name>
         <uninitialized>true</uninitialized>
         <run_address>0x20001495</run_address>
         <size>0x1</size>
      </object_component>
      <object_component id="oc-168">
         <name>.common:g_ui32PortNum</name>
         <uninitialized>true</uninitialized>
         <run_address>0x20001490</run_address>
         <size>0x4</size>
      </object_component>
      <object_component id="oc-10e">
         <name>.data</name>
         <load_address>0x200014cc</load_address>
         <run_address>0x200014cc</run_address>
         <size>0x5</size>
         <input_file_ref idref="fl-2"/>
      </object_component>
      <object_component id="oc-15d">
         <name>.data</name>
         <load_address>0x200014b0</load_address>
         <run_address>0x200014b0</run_address>
         <size>0xa</size>
         <input_file_ref idref="fl-4"/>
      </object_component>
      <object_component id="oc-ca">
         <name>.data</name>
         <load_address>0x20001498</load_address>
         <run_address>0x20001498</run_address>
         <size>0x15</size>
         <input_file_ref idref="fl-7"/>
      </object_component>
      <object_component id="oc-14e">
         <name>.data</name>
         <load_address>0x200014ad</load_address>
         <run_address>0x200014ad</run_address>
         <size>0x3</size>
         <input_file_ref idref="fl-9"/>
      </object_component>
      <object_component id="oc-146">
         <name>.data</name>
         <load_address>0x200014c4</load_address>
         <run_address>0x200014c4</run_address>
         <size>0x8</size>
         <input_file_ref idref="fl-136"/>
      </object_component>
      <object_component id="oc-9a">
         <name>.data</name>
         <load_address>0x200014d4</load_address>
         <run_address>0x200014d4</run_address>
         <size>0x4</size>
         <input_file_ref idref="fl-13c"/>
      </object_component>
      <object_component id="oc-143">
         <name>.data</name>
         <load_address>0x200014bc</load_address>
         <run_address>0x200014bc</run_address>
         <size>0x8</size>
         <input_file_ref idref="fl-140"/>
      </object_component>
      <object_component id="oc-1f6">
         <name>.debug_info</name>
         <load_address>0x0</load_address>
         <run_address>0x0</run_address>
         <size>0x31b</size>
         <input_file_ref idref="fl-2"/>
      </object_component>
      <object_component id="oc-4f">
         <name>.debug_info</name>
         <load_address>0x31b</load_address>
         <run_address>0x31b</run_address>
         <size>0x24a</size>
         <input_file_ref idref="fl-2"/>
      </object_component>
      <object_component id="oc-1ba">
         <name>.debug_info</name>
         <load_address>0x565</load_address>
         <run_address>0x565</run_address>
         <size>0x183</size>
         <input_file_ref idref="fl-2"/>
      </object_component>
      <object_component id="oc-1b4">
         <name>.debug_info</name>
         <load_address>0x6e8</load_address>
         <run_address>0x6e8</run_address>
         <size>0x14c</size>
         <input_file_ref idref="fl-2"/>
      </object_component>
      <object_component id="oc-244">
         <name>.debug_info</name>
         <load_address>0x834</load_address>
         <run_address>0x834</run_address>
         <size>0x1f6</size>
         <input_file_ref idref="fl-2"/>
      </object_component>
      <object_component id="oc-163">
         <name>.debug_info</name>
         <load_address>0xa2a</load_address>
         <run_address>0xa2a</run_address>
         <size>0x9a</size>
         <input_file_ref idref="fl-2"/>
      </object_component>
      <object_component id="oc-d4">
         <name>.debug_info</name>
         <load_address>0xac4</load_address>
         <run_address>0xac4</run_address>
         <size>0x8b</size>
         <input_file_ref idref="fl-2"/>
      </object_component>
      <object_component id="oc-d9">
         <name>.debug_info</name>
         <load_address>0xb4f</load_address>
         <run_address>0xb4f</run_address>
         <size>0x18b</size>
         <input_file_ref idref="fl-2"/>
      </object_component>
      <object_component id="oc-192">
         <name>.debug_info</name>
         <load_address>0xcda</load_address>
         <run_address>0xcda</run_address>
         <size>0x4e</size>
         <input_file_ref idref="fl-2"/>
      </object_component>
      <object_component id="oc-359">
         <name>.debug_info</name>
         <load_address>0xd28</load_address>
         <run_address>0xd28</run_address>
         <size>0x606</size>
         <input_file_ref idref="fl-3"/>
      </object_component>
      <object_component id="oc-1ff">
         <name>.debug_info</name>
         <load_address>0x132e</load_address>
         <run_address>0x132e</run_address>
         <size>0x13e</size>
         <input_file_ref idref="fl-3"/>
      </object_component>
      <object_component id="oc-205">
         <name>.debug_info</name>
         <load_address>0x146c</load_address>
         <run_address>0x146c</run_address>
         <size>0x172</size>
         <input_file_ref idref="fl-3"/>
      </object_component>
      <object_component id="oc-223">
         <name>.debug_info</name>
         <load_address>0x15de</load_address>
         <run_address>0x15de</run_address>
         <size>0x172</size>
         <input_file_ref idref="fl-3"/>
      </object_component>
      <object_component id="oc-229">
         <name>.debug_info</name>
         <load_address>0x1750</load_address>
         <run_address>0x1750</run_address>
         <size>0x17d</size>
         <input_file_ref idref="fl-3"/>
      </object_component>
      <object_component id="oc-22f">
         <name>.debug_info</name>
         <load_address>0x18cd</load_address>
         <run_address>0x18cd</run_address>
         <size>0x1f2</size>
         <input_file_ref idref="fl-3"/>
      </object_component>
      <object_component id="oc-235">
         <name>.debug_info</name>
         <load_address>0x1abf</load_address>
         <run_address>0x1abf</run_address>
         <size>0x152</size>
         <input_file_ref idref="fl-3"/>
      </object_component>
      <object_component id="oc-1a7">
         <name>.debug_info</name>
         <load_address>0x1c11</load_address>
         <run_address>0x1c11</run_address>
         <size>0x206</size>
         <input_file_ref idref="fl-3"/>
      </object_component>
      <object_component id="oc-2e7">
         <name>.debug_info</name>
         <load_address>0x1e17</load_address>
         <run_address>0x1e17</run_address>
         <size>0x1f0</size>
         <input_file_ref idref="fl-3"/>
      </object_component>
      <object_component id="oc-af">
         <name>.debug_info</name>
         <load_address>0x2007</load_address>
         <run_address>0x2007</run_address>
         <size>0x3b7</size>
         <input_file_ref idref="fl-4"/>
      </object_component>
      <object_component id="oc-15e">
         <name>.debug_info</name>
         <load_address>0x23be</load_address>
         <run_address>0x23be</run_address>
         <size>0xd8</size>
         <input_file_ref idref="fl-4"/>
      </object_component>
      <object_component id="oc-1af">
         <name>.debug_info</name>
         <load_address>0x2496</load_address>
         <run_address>0x2496</run_address>
         <size>0x267</size>
         <input_file_ref idref="fl-4"/>
      </object_component>
      <object_component id="oc-13e">
         <name>.debug_info</name>
         <load_address>0x26fd</load_address>
         <run_address>0x26fd</run_address>
         <size>0x236</size>
         <input_file_ref idref="fl-4"/>
      </object_component>
      <object_component id="oc-ab">
         <name>.debug_info</name>
         <load_address>0x2933</load_address>
         <run_address>0x2933</run_address>
         <size>0x1ce</size>
         <input_file_ref idref="fl-4"/>
      </object_component>
      <object_component id="oc-45">
         <name>.debug_info</name>
         <load_address>0x2b01</load_address>
         <run_address>0x2b01</run_address>
         <size>0x139</size>
         <input_file_ref idref="fl-4"/>
      </object_component>
      <object_component id="oc-57">
         <name>.debug_info</name>
         <load_address>0x2c3a</load_address>
         <run_address>0x2c3a</run_address>
         <size>0x119</size>
         <input_file_ref idref="fl-4"/>
      </object_component>
      <object_component id="oc-5c">
         <name>.debug_info</name>
         <load_address>0x2d53</load_address>
         <run_address>0x2d53</run_address>
         <size>0x19e</size>
         <input_file_ref idref="fl-5"/>
      </object_component>
      <object_component id="oc-10">
         <name>.debug_info</name>
         <load_address>0x2ef1</load_address>
         <run_address>0x2ef1</run_address>
         <size>0xe9</size>
         <input_file_ref idref="fl-5"/>
      </object_component>
      <object_component id="oc-2b">
         <name>.debug_info</name>
         <load_address>0x2fda</load_address>
         <run_address>0x2fda</run_address>
         <size>0x119</size>
         <input_file_ref idref="fl-5"/>
      </object_component>
      <object_component id="oc-31">
         <name>.debug_info</name>
         <load_address>0x30f3</load_address>
         <run_address>0x30f3</run_address>
         <size>0x10a</size>
         <input_file_ref idref="fl-5"/>
      </object_component>
      <object_component id="oc-3d">
         <name>.debug_info</name>
         <load_address>0x31fd</load_address>
         <run_address>0x31fd</run_address>
         <size>0x122</size>
         <input_file_ref idref="fl-5"/>
      </object_component>
      <object_component id="oc-37">
         <name>.debug_info</name>
         <load_address>0x331f</load_address>
         <run_address>0x331f</run_address>
         <size>0x110</size>
         <input_file_ref idref="fl-5"/>
      </object_component>
      <object_component id="oc-11a">
         <name>.debug_info</name>
         <load_address>0x342f</load_address>
         <run_address>0x342f</run_address>
         <size>0x84</size>
         <input_file_ref idref="fl-5"/>
      </object_component>
      <object_component id="oc-12a">
         <name>.debug_info</name>
         <load_address>0x34b3</load_address>
         <run_address>0x34b3</run_address>
         <size>0x2c</size>
         <input_file_ref idref="fl-6"/>
      </object_component>
      <object_component id="oc-ce">
         <name>.debug_info</name>
         <load_address>0x34df</load_address>
         <run_address>0x34df</run_address>
         <size>0x1b0</size>
         <input_file_ref idref="fl-7"/>
      </object_component>
      <object_component id="oc-16d">
         <name>.debug_info</name>
         <load_address>0x368f</load_address>
         <run_address>0x368f</run_address>
         <size>0x115</size>
         <input_file_ref idref="fl-7"/>
      </object_component>
      <object_component id="oc-cb">
         <name>.debug_info</name>
         <load_address>0x37a4</load_address>
         <run_address>0x37a4</run_address>
         <size>0x1f5</size>
         <input_file_ref idref="fl-7"/>
      </object_component>
      <object_component id="oc-d1">
         <name>.debug_info</name>
         <load_address>0x3999</load_address>
         <run_address>0x3999</run_address>
         <size>0x115</size>
         <input_file_ref idref="fl-7"/>
      </object_component>
      <object_component id="oc-16a">
         <name>.debug_info</name>
         <load_address>0x3aae</load_address>
         <run_address>0x3aae</run_address>
         <size>0x189</size>
         <input_file_ref idref="fl-7"/>
      </object_component>
      <object_component id="oc-c6">
         <name>.debug_info</name>
         <load_address>0x3c37</load_address>
         <run_address>0x3c37</run_address>
         <size>0x269</size>
         <input_file_ref idref="fl-7"/>
      </object_component>
      <object_component id="oc-b9">
         <name>.debug_info</name>
         <load_address>0x3ea0</load_address>
         <run_address>0x3ea0</run_address>
         <size>0x239</size>
         <input_file_ref idref="fl-7"/>
      </object_component>
      <object_component id="oc-b3">
         <name>.debug_info</name>
         <load_address>0x40d9</load_address>
         <run_address>0x40d9</run_address>
         <size>0x212</size>
         <input_file_ref idref="fl-7"/>
      </object_component>
      <object_component id="oc-bf">
         <name>.debug_info</name>
         <load_address>0x42eb</load_address>
         <run_address>0x42eb</run_address>
         <size>0x24f</size>
         <input_file_ref idref="fl-7"/>
      </object_component>
      <object_component id="oc-18c">
         <name>.debug_info</name>
         <load_address>0x453a</load_address>
         <run_address>0x453a</run_address>
         <size>0x336</size>
         <input_file_ref idref="fl-7"/>
      </object_component>
      <object_component id="oc-109">
         <name>.debug_info</name>
         <load_address>0x4870</load_address>
         <run_address>0x4870</run_address>
         <size>0x1d1</size>
         <input_file_ref idref="fl-7"/>
      </object_component>
      <object_component id="oc-25a">
         <name>.debug_info</name>
         <load_address>0x4a41</load_address>
         <run_address>0x4a41</run_address>
         <size>0x1b6</size>
         <input_file_ref idref="fl-7"/>
      </object_component>
      <object_component id="oc-2fa">
         <name>.debug_info</name>
         <load_address>0x4bf7</load_address>
         <run_address>0x4bf7</run_address>
         <size>0x270</size>
         <input_file_ref idref="fl-7"/>
      </object_component>
      <object_component id="oc-49">
         <name>.debug_info</name>
         <load_address>0x4e67</load_address>
         <run_address>0x4e67</run_address>
         <size>0x2cd</size>
         <input_file_ref idref="fl-7"/>
      </object_component>
      <object_component id="oc-31a">
         <name>.debug_info</name>
         <load_address>0x5134</load_address>
         <run_address>0x5134</run_address>
         <size>0x1b6</size>
         <input_file_ref idref="fl-7"/>
      </object_component>
      <object_component id="oc-320">
         <name>.debug_info</name>
         <load_address>0x52ea</load_address>
         <run_address>0x52ea</run_address>
         <size>0x202</size>
         <input_file_ref idref="fl-7"/>
      </object_component>
      <object_component id="oc-29f">
         <name>.debug_info</name>
         <load_address>0x54ec</load_address>
         <run_address>0x54ec</run_address>
         <size>0x2a7</size>
         <input_file_ref idref="fl-7"/>
      </object_component>
      <object_component id="oc-255">
         <name>.debug_info</name>
         <load_address>0x5793</load_address>
         <run_address>0x5793</run_address>
         <size>0x1af</size>
         <input_file_ref idref="fl-7"/>
      </object_component>
      <object_component id="oc-152">
         <name>.debug_info</name>
         <load_address>0x5942</load_address>
         <run_address>0x5942</run_address>
         <size>0x11a</size>
         <input_file_ref idref="fl-9"/>
      </object_component>
      <object_component id="oc-14f">
         <name>.debug_info</name>
         <load_address>0x5a5c</load_address>
         <run_address>0x5a5c</run_address>
         <size>0x135</size>
         <input_file_ref idref="fl-9"/>
      </object_component>
      <object_component id="oc-a4">
         <name>.debug_info</name>
         <load_address>0x5b91</load_address>
         <run_address>0x5b91</run_address>
         <size>0x2f9</size>
         <input_file_ref idref="fl-9"/>
      </object_component>
      <object_component id="oc-20c">
         <name>.debug_info</name>
         <load_address>0x5e8a</load_address>
         <run_address>0x5e8a</run_address>
         <size>0x204</size>
         <input_file_ref idref="fl-9"/>
      </object_component>
      <object_component id="oc-27">
         <name>.debug_info</name>
         <load_address>0x608e</load_address>
         <run_address>0x608e</run_address>
         <size>0x136</size>
         <input_file_ref idref="fl-132"/>
      </object_component>
      <object_component id="oc-68">
         <name>.debug_info</name>
         <load_address>0x61c4</load_address>
         <run_address>0x61c4</run_address>
         <size>0x123</size>
         <input_file_ref idref="fl-133"/>
      </object_component>
      <object_component id="oc-13">
         <name>.debug_info</name>
         <load_address>0x62e7</load_address>
         <run_address>0x62e7</run_address>
         <size>0x1c2</size>
         <input_file_ref idref="fl-133"/>
      </object_component>
      <object_component id="oc-63">
         <name>.debug_info</name>
         <load_address>0x64a9</load_address>
         <run_address>0x64a9</run_address>
         <size>0x46</size>
         <input_file_ref idref="fl-133"/>
      </object_component>
      <object_component id="oc-120">
         <name>.debug_info</name>
         <load_address>0x64ef</load_address>
         <run_address>0x64ef</run_address>
         <size>0x2c</size>
         <input_file_ref idref="fl-133"/>
      </object_component>
      <object_component id="oc-70">
         <name>.debug_info</name>
         <load_address>0x651b</load_address>
         <run_address>0x651b</run_address>
         <size>0x117</size>
         <input_file_ref idref="fl-134"/>
      </object_component>
      <object_component id="oc-6d">
         <name>.debug_info</name>
         <load_address>0x6632</load_address>
         <run_address>0x6632</run_address>
         <size>0x22a</size>
         <input_file_ref idref="fl-134"/>
      </object_component>
      <object_component id="oc-1b">
         <name>.debug_info</name>
         <load_address>0x685c</load_address>
         <run_address>0x685c</run_address>
         <size>0x194</size>
         <input_file_ref idref="fl-134"/>
      </object_component>
      <object_component id="oc-71">
         <name>.debug_info</name>
         <load_address>0x69f0</load_address>
         <run_address>0x69f0</run_address>
         <size>0x39</size>
         <input_file_ref idref="fl-134"/>
      </object_component>
      <object_component id="oc-81">
         <name>.debug_info</name>
         <load_address>0x6a29</load_address>
         <run_address>0x6a29</run_address>
         <size>0x112</size>
         <input_file_ref idref="fl-135"/>
      </object_component>
      <object_component id="oc-1f">
         <name>.debug_info</name>
         <load_address>0x6b3b</load_address>
         <run_address>0x6b3b</run_address>
         <size>0x18d</size>
         <input_file_ref idref="fl-135"/>
      </object_component>
      <object_component id="oc-7c">
         <name>.debug_info</name>
         <load_address>0x6cc8</load_address>
         <run_address>0x6cc8</run_address>
         <size>0x46</size>
         <input_file_ref idref="fl-135"/>
      </object_component>
      <object_component id="oc-14a">
         <name>.debug_info</name>
         <load_address>0x6d0e</load_address>
         <run_address>0x6d0e</run_address>
         <size>0x174</size>
         <input_file_ref idref="fl-136"/>
      </object_component>
      <object_component id="oc-147">
         <name>.debug_info</name>
         <load_address>0x6e82</load_address>
         <run_address>0x6e82</run_address>
         <size>0x119</size>
         <input_file_ref idref="fl-136"/>
      </object_component>
      <object_component id="oc-95">
         <name>.debug_info</name>
         <load_address>0x6f9b</load_address>
         <run_address>0x6f9b</run_address>
         <size>0x1f0</size>
         <input_file_ref idref="fl-136"/>
      </object_component>
      <object_component id="oc-159">
         <name>.debug_info</name>
         <load_address>0x718b</load_address>
         <run_address>0x718b</run_address>
         <size>0x109</size>
         <input_file_ref idref="fl-137"/>
      </object_component>
      <object_component id="oc-5f">
         <name>.debug_info</name>
         <load_address>0x7294</load_address>
         <run_address>0x7294</run_address>
         <size>0xf8</size>
         <input_file_ref idref="fl-139"/>
      </object_component>
      <object_component id="oc-77">
         <name>.debug_info</name>
         <load_address>0x738c</load_address>
         <run_address>0x738c</run_address>
         <size>0x126</size>
         <input_file_ref idref="fl-13a"/>
      </object_component>
      <object_component id="oc-84">
         <name>.debug_info</name>
         <load_address>0x74b2</load_address>
         <run_address>0x74b2</run_address>
         <size>0x12b</size>
         <input_file_ref idref="fl-13b"/>
      </object_component>
      <object_component id="oc-9b">
         <name>.debug_info</name>
         <load_address>0x75dd</load_address>
         <run_address>0x75dd</run_address>
         <size>0xec</size>
         <input_file_ref idref="fl-13c"/>
      </object_component>
      <object_component id="oc-1f1">
         <name>.debug_info</name>
         <load_address>0x76c9</load_address>
         <run_address>0x76c9</run_address>
         <size>0x121</size>
         <input_file_ref idref="fl-13e"/>
      </object_component>
      <object_component id="oc-154">
         <name>.debug_info</name>
         <load_address>0x77ea</load_address>
         <run_address>0x77ea</run_address>
         <size>0x10d</size>
         <input_file_ref idref="fl-13f"/>
      </object_component>
      <object_component id="oc-1cf">
         <name>.debug_info</name>
         <load_address>0x78f7</load_address>
         <run_address>0x78f7</run_address>
         <size>0x107</size>
         <input_file_ref idref="fl-140"/>
      </object_component>
      <object_component id="oc-144">
         <name>.debug_info</name>
         <load_address>0x79fe</load_address>
         <run_address>0x79fe</run_address>
         <size>0xf6</size>
         <input_file_ref idref="fl-140"/>
      </object_component>
      <object_component id="oc-1ca">
         <name>.debug_info</name>
         <load_address>0x7af4</load_address>
         <run_address>0x7af4</run_address>
         <size>0x202</size>
         <input_file_ref idref="fl-140"/>
      </object_component>
      <object_component id="oc-142">
         <name>.debug_info</name>
         <load_address>0x7cf6</load_address>
         <run_address>0x7cf6</run_address>
         <size>0x149</size>
         <input_file_ref idref="fl-141"/>
      </object_component>
      <object_component id="oc-8f">
         <name>.debug_info</name>
         <load_address>0x7e3f</load_address>
         <run_address>0x7e3f</run_address>
         <size>0x14a</size>
         <input_file_ref idref="fl-141"/>
      </object_component>
      <object_component id="oc-1c2">
         <name>.debug_info</name>
         <load_address>0x7f89</load_address>
         <run_address>0x7f89</run_address>
         <size>0x5e</size>
         <input_file_ref idref="fl-141"/>
      </object_component>
      <object_component id="oc-13a">
         <name>.debug_info</name>
         <load_address>0x7fe7</load_address>
         <run_address>0x7fe7</run_address>
         <size>0x2a0</size>
         <input_file_ref idref="fl-142"/>
      </object_component>
      <object_component id="oc-89">
         <name>.debug_info</name>
         <load_address>0x8287</load_address>
         <run_address>0x8287</run_address>
         <size>0x15a</size>
         <input_file_ref idref="fl-142"/>
      </object_component>
      <object_component id="oc-19c">
         <name>.debug_info</name>
         <load_address>0x83e1</load_address>
         <run_address>0x83e1</run_address>
         <size>0x39</size>
         <input_file_ref idref="fl-142"/>
      </object_component>
      <object_component id="oc-1a1">
         <name>.debug_info</name>
         <load_address>0x841a</load_address>
         <run_address>0x841a</run_address>
         <size>0xcd</size>
         <input_file_ref idref="fl-142"/>
      </object_component>
      <object_component id="oc-199">
         <name>.debug_info</name>
         <load_address>0x84e7</load_address>
         <run_address>0x84e7</run_address>
         <size>0x1c3</size>
         <input_file_ref idref="fl-143"/>
      </object_component>
      <object_component id="oc-136">
         <name>.debug_info</name>
         <load_address>0x86aa</load_address>
         <run_address>0x86aa</run_address>
         <size>0x166</size>
         <input_file_ref idref="fl-143"/>
      </object_component>
      <object_component id="oc-1f9">
         <name>.debug_info</name>
         <load_address>0x8810</load_address>
         <run_address>0x8810</run_address>
         <size>0x2c</size>
         <input_file_ref idref="fl-143"/>
      </object_component>
      <object_component id="oc-27b">
         <name>.debug_info</name>
         <load_address>0x883c</load_address>
         <run_address>0x883c</run_address>
         <size>0x12a</size>
         <input_file_ref idref="fl-144"/>
      </object_component>
      <object_component id="oc-318">
         <name>.debug_info</name>
         <load_address>0x8966</load_address>
         <run_address>0x8966</run_address>
         <size>0x1ce</size>
         <input_file_ref idref="fl-145"/>
      </object_component>
      <object_component id="oc-298">
         <name>.debug_info</name>
         <load_address>0x8b34</load_address>
         <run_address>0x8b34</run_address>
         <size>0x1f5</size>
         <input_file_ref idref="fl-145"/>
      </object_component>
      <object_component id="oc-1e2">
         <name>.debug_info</name>
         <load_address>0x8d29</load_address>
         <run_address>0x8d29</run_address>
         <size>0x90</size>
         <input_file_ref idref="fl-145"/>
      </object_component>
      <object_component id="oc-17a">
         <name>.debug_info</name>
         <load_address>0x8db9</load_address>
         <run_address>0x8db9</run_address>
         <size>0x18b</size>
         <input_file_ref idref="fl-145"/>
      </object_component>
      <object_component id="oc-17f">
         <name>.debug_info</name>
         <load_address>0x8f44</load_address>
         <run_address>0x8f44</run_address>
         <size>0x1cf</size>
         <input_file_ref idref="fl-146"/>
      </object_component>
      <object_component id="oc-347">
         <name>.debug_info</name>
         <load_address>0x9113</load_address>
         <run_address>0x9113</run_address>
         <size>0x21e</size>
         <input_file_ref idref="fl-146"/>
      </object_component>
      <object_component id="oc-34d">
         <name>.debug_info</name>
         <load_address>0x9331</load_address>
         <run_address>0x9331</run_address>
         <size>0x1f8</size>
         <input_file_ref idref="fl-146"/>
      </object_component>
      <object_component id="oc-df">
         <name>.debug_info</name>
         <load_address>0x9529</load_address>
         <run_address>0x9529</run_address>
         <size>0x1f6</size>
         <input_file_ref idref="fl-146"/>
      </object_component>
      <object_component id="oc-353">
         <name>.debug_info</name>
         <load_address>0x971f</load_address>
         <run_address>0x971f</run_address>
         <size>0x1e3</size>
         <input_file_ref idref="fl-146"/>
      </object_component>
      <object_component id="oc-341">
         <name>.debug_info</name>
         <load_address>0x9902</load_address>
         <run_address>0x9902</run_address>
         <size>0x1f0</size>
         <input_file_ref idref="fl-146"/>
      </object_component>
      <object_component id="oc-327">
         <name>.debug_info</name>
         <load_address>0x9af2</load_address>
         <run_address>0x9af2</run_address>
         <size>0x144</size>
         <input_file_ref idref="fl-147"/>
      </object_component>
      <object_component id="oc-2a5">
         <name>.debug_info</name>
         <load_address>0x9c36</load_address>
         <run_address>0x9c36</run_address>
         <size>0x1c5</size>
         <input_file_ref idref="fl-147"/>
      </object_component>
      <object_component id="oc-2b1">
         <name>.debug_info</name>
         <load_address>0x9dfb</load_address>
         <run_address>0x9dfb</run_address>
         <size>0x18b</size>
         <input_file_ref idref="fl-147"/>
      </object_component>
      <object_component id="oc-2ab">
         <name>.debug_info</name>
         <load_address>0x9f86</load_address>
         <run_address>0x9f86</run_address>
         <size>0x185</size>
         <input_file_ref idref="fl-147"/>
      </object_component>
      <object_component id="oc-1ed">
         <name>.debug_info</name>
         <load_address>0xa10b</load_address>
         <run_address>0xa10b</run_address>
         <size>0x226</size>
         <input_file_ref idref="fl-148"/>
      </object_component>
      <object_component id="oc-183">
         <name>.debug_info</name>
         <load_address>0xa331</load_address>
         <run_address>0xa331</run_address>
         <size>0xff</size>
         <input_file_ref idref="fl-148"/>
      </object_component>
      <object_component id="oc-33a">
         <name>.debug_info</name>
         <load_address>0xa430</load_address>
         <run_address>0xa430</run_address>
         <size>0x281</size>
         <input_file_ref idref="fl-148"/>
      </object_component>
      <object_component id="oc-28a">
         <name>.debug_info</name>
         <load_address>0xa6b1</load_address>
         <run_address>0xa6b1</run_address>
         <size>0x1e1</size>
         <input_file_ref idref="fl-148"/>
      </object_component>
      <object_component id="oc-2b9">
         <name>.debug_info</name>
         <load_address>0xa892</load_address>
         <run_address>0xa892</run_address>
         <size>0x1c7</size>
         <input_file_ref idref="fl-148"/>
      </object_component>
      <object_component id="oc-283">
         <name>.debug_info</name>
         <load_address>0xaa59</load_address>
         <run_address>0xaa59</run_address>
         <size>0x363</size>
         <input_file_ref idref="fl-148"/>
      </object_component>
      <object_component id="oc-ec">
         <name>.debug_info</name>
         <load_address>0xadbc</load_address>
         <run_address>0xadbc</run_address>
         <size>0x219</size>
         <input_file_ref idref="fl-148"/>
      </object_component>
      <object_component id="oc-273">
         <name>.debug_info</name>
         <load_address>0xafd5</load_address>
         <run_address>0xafd5</run_address>
         <size>0x5f</size>
         <input_file_ref idref="fl-148"/>
      </object_component>
      <object_component id="oc-181">
         <name>.debug_info</name>
         <load_address>0xb034</load_address>
         <run_address>0xb034</run_address>
         <size>0x194</size>
         <input_file_ref idref="fl-149"/>
      </object_component>
      <object_component id="oc-f1">
         <name>.debug_info</name>
         <load_address>0xb1c8</load_address>
         <run_address>0xb1c8</run_address>
         <size>0x25a</size>
         <input_file_ref idref="fl-149"/>
      </object_component>
      <object_component id="oc-2d0">
         <name>.debug_info</name>
         <load_address>0xb422</load_address>
         <run_address>0xb422</run_address>
         <size>0x228</size>
         <input_file_ref idref="fl-149"/>
      </object_component>
      <object_component id="oc-2cb">
         <name>.debug_info</name>
         <load_address>0xb64a</load_address>
         <run_address>0xb64a</run_address>
         <size>0x21a</size>
         <input_file_ref idref="fl-149"/>
      </object_component>
      <object_component id="oc-f7">
         <name>.debug_info</name>
         <load_address>0xb864</load_address>
         <run_address>0xb864</run_address>
         <size>0x1da</size>
         <input_file_ref idref="fl-149"/>
      </object_component>
      <object_component id="oc-e5">
         <name>.debug_info</name>
         <load_address>0xba3e</load_address>
         <run_address>0xba3e</run_address>
         <size>0x1dc</size>
         <input_file_ref idref="fl-149"/>
      </object_component>
      <object_component id="oc-2c4">
         <name>.debug_info</name>
         <load_address>0xbc1a</load_address>
         <run_address>0xbc1a</run_address>
         <size>0x217</size>
         <input_file_ref idref="fl-149"/>
      </object_component>
      <object_component id="oc-296">
         <name>.debug_info</name>
         <load_address>0xbe31</load_address>
         <run_address>0xbe31</run_address>
         <size>0x1ba</size>
         <input_file_ref idref="fl-14a"/>
      </object_component>
      <object_component id="oc-293">
         <name>.debug_info</name>
         <load_address>0xbfeb</load_address>
         <run_address>0xbfeb</run_address>
         <size>0x1c2</size>
         <input_file_ref idref="fl-14a"/>
      </object_component>
      <object_component id="oc-23b">
         <name>.debug_info</name>
         <load_address>0xc1ad</load_address>
         <run_address>0xc1ad</run_address>
         <size>0x1a2</size>
         <input_file_ref idref="fl-14a"/>
      </object_component>
      <object_component id="oc-21d">
         <name>.debug_info</name>
         <load_address>0xc34f</load_address>
         <run_address>0xc34f</run_address>
         <size>0x1cc</size>
         <input_file_ref idref="fl-14a"/>
      </object_component>
      <object_component id="oc-189">
         <name>.debug_info</name>
         <load_address>0xc51b</load_address>
         <run_address>0xc51b</run_address>
         <size>0x1d7</size>
         <input_file_ref idref="fl-14b"/>
      </object_component>
      <object_component id="oc-32c">
         <name>.debug_info</name>
         <load_address>0xc6f2</load_address>
         <run_address>0xc6f2</run_address>
         <size>0x10d</size>
         <input_file_ref idref="fl-14b"/>
      </object_component>
      <object_component id="oc-103">
         <name>.debug_info</name>
         <load_address>0xc7ff</load_address>
         <run_address>0xc7ff</run_address>
         <size>0x207</size>
         <input_file_ref idref="fl-14b"/>
      </object_component>
      <object_component id="oc-2ec">
         <name>.debug_info</name>
         <load_address>0xca06</load_address>
         <run_address>0xca06</run_address>
         <size>0x217</size>
         <input_file_ref idref="fl-14b"/>
      </object_component>
      <object_component id="oc-2f2">
         <name>.debug_info</name>
         <load_address>0xcc1d</load_address>
         <run_address>0xcc1d</run_address>
         <size>0x312</size>
         <input_file_ref idref="fl-14b"/>
      </object_component>
      <object_component id="oc-249">
         <name>.debug_info</name>
         <load_address>0xcf2f</load_address>
         <run_address>0xcf2f</run_address>
         <size>0x1dd</size>
         <input_file_ref idref="fl-14b"/>
      </object_component>
      <object_component id="oc-24e">
         <name>.debug_info</name>
         <load_address>0xd10c</load_address>
         <run_address>0xd10c</run_address>
         <size>0x1eb</size>
         <input_file_ref idref="fl-14b"/>
      </object_component>
      <object_component id="oc-fd">
         <name>.debug_info</name>
         <load_address>0xd2f7</load_address>
         <run_address>0xd2f7</run_address>
         <size>0x1df</size>
         <input_file_ref idref="fl-14b"/>
      </object_component>
      <object_component id="oc-2be">
         <name>.debug_info</name>
         <load_address>0xd4d6</load_address>
         <run_address>0xd4d6</run_address>
         <size>0x1e4</size>
         <input_file_ref idref="fl-14b"/>
      </object_component>
      <object_component id="oc-211">
         <name>.debug_info</name>
         <load_address>0xd6ba</load_address>
         <run_address>0xd6ba</run_address>
         <size>0x21f</size>
         <input_file_ref idref="fl-14b"/>
      </object_component>
      <object_component id="oc-217">
         <name>.debug_info</name>
         <load_address>0xd8d9</load_address>
         <run_address>0xd8d9</run_address>
         <size>0x1f3</size>
         <input_file_ref idref="fl-14b"/>
      </object_component>
      <object_component id="oc-111">
         <name>.debug_info</name>
         <load_address>0xdacc</load_address>
         <run_address>0xdacc</run_address>
         <size>0x1f1</size>
         <input_file_ref idref="fl-14b"/>
      </object_component>
      <object_component id="oc-302">
         <name>.debug_info</name>
         <load_address>0xdcbd</load_address>
         <run_address>0xdcbd</run_address>
         <size>0x153</size>
         <input_file_ref idref="fl-14c"/>
      </object_component>
      <object_component id="oc-261">
         <name>.debug_info</name>
         <load_address>0xde10</load_address>
         <run_address>0xde10</run_address>
         <size>0x2cc</size>
         <input_file_ref idref="fl-14c"/>
      </object_component>
      <object_component id="oc-30a">
         <name>.debug_info</name>
         <load_address>0xe0dc</load_address>
         <run_address>0xe0dc</run_address>
         <size>0x215</size>
         <input_file_ref idref="fl-14c"/>
      </object_component>
      <object_component id="oc-304">
         <name>.debug_info</name>
         <load_address>0xe2f1</load_address>
         <run_address>0xe2f1</run_address>
         <size>0x1db</size>
         <input_file_ref idref="fl-14c"/>
      </object_component>
      <object_component id="oc-268">
         <name>.debug_info</name>
         <load_address>0xe4cc</load_address>
         <run_address>0xe4cc</run_address>
         <size>0x4bc</size>
         <input_file_ref idref="fl-14c"/>
      </object_component>
      <object_component id="oc-333">
         <name>.debug_info</name>
         <load_address>0xe988</load_address>
         <run_address>0xe988</run_address>
         <size>0x212</size>
         <input_file_ref idref="fl-14c"/>
      </object_component>
      <object_component id="oc-2d8">
         <name>.debug_info</name>
         <load_address>0xeb9a</load_address>
         <run_address>0xeb9a</run_address>
         <size>0x22c</size>
         <input_file_ref idref="fl-14c"/>
      </object_component>
      <object_component id="oc-2df">
         <name>.debug_info</name>
         <load_address>0xedc6</load_address>
         <run_address>0xedc6</run_address>
         <size>0x176</size>
         <input_file_ref idref="fl-14d"/>
      </object_component>
      <object_component id="oc-397">
         <name>.debug_info</name>
         <load_address>0xef3c</load_address>
         <run_address>0xef3c</run_address>
         <size>0xb0</size>
      </object_component>
      <object_component id="oc-280">
         <name>.debug_line</name>
         <load_address>0x0</load_address>
         <run_address>0x0</run_address>
         <size>0x199</size>
         <input_file_ref idref="fl-2"/>
      </object_component>
      <object_component id="oc-52">
         <name>.debug_line</name>
         <load_address>0x199</load_address>
         <run_address>0x199</run_address>
         <size>0x8f</size>
         <input_file_ref idref="fl-2"/>
      </object_component>
      <object_component id="oc-1be">
         <name>.debug_line</name>
         <load_address>0x228</load_address>
         <run_address>0x228</run_address>
         <size>0x54</size>
         <input_file_ref idref="fl-2"/>
      </object_component>
      <object_component id="oc-1b8">
         <name>.debug_line</name>
         <load_address>0x27c</load_address>
         <run_address>0x27c</run_address>
         <size>0x4a</size>
         <input_file_ref idref="fl-2"/>
      </object_component>
      <object_component id="oc-242">
         <name>.debug_line</name>
         <load_address>0x2c6</load_address>
         <run_address>0x2c6</run_address>
         <size>0x68</size>
         <input_file_ref idref="fl-2"/>
      </object_component>
      <object_component id="oc-166">
         <name>.debug_line</name>
         <load_address>0x32e</load_address>
         <run_address>0x32e</run_address>
         <size>0x2f</size>
         <input_file_ref idref="fl-2"/>
      </object_component>
      <object_component id="oc-d7">
         <name>.debug_line</name>
         <load_address>0x35d</load_address>
         <run_address>0x35d</run_address>
         <size>0x20</size>
         <input_file_ref idref="fl-2"/>
      </object_component>
      <object_component id="oc-dc">
         <name>.debug_line</name>
         <load_address>0x37d</load_address>
         <run_address>0x37d</run_address>
         <size>0x60</size>
         <input_file_ref idref="fl-2"/>
      </object_component>
      <object_component id="oc-195">
         <name>.debug_line</name>
         <load_address>0x3dd</load_address>
         <run_address>0x3dd</run_address>
         <size>0x60</size>
         <input_file_ref idref="fl-2"/>
      </object_component>
      <object_component id="oc-370">
         <name>.debug_line</name>
         <load_address>0x43d</load_address>
         <run_address>0x43d</run_address>
         <size>0x27c</size>
         <input_file_ref idref="fl-3"/>
      </object_component>
      <object_component id="oc-203">
         <name>.debug_line</name>
         <load_address>0x6b9</load_address>
         <run_address>0x6b9</run_address>
         <size>0x47</size>
         <input_file_ref idref="fl-3"/>
      </object_component>
      <object_component id="oc-209">
         <name>.debug_line</name>
         <load_address>0x700</load_address>
         <run_address>0x700</run_address>
         <size>0x4d</size>
         <input_file_ref idref="fl-3"/>
      </object_component>
      <object_component id="oc-227">
         <name>.debug_line</name>
         <load_address>0x74d</load_address>
         <run_address>0x74d</run_address>
         <size>0x50</size>
         <input_file_ref idref="fl-3"/>
      </object_component>
      <object_component id="oc-22d">
         <name>.debug_line</name>
         <load_address>0x79d</load_address>
         <run_address>0x79d</run_address>
         <size>0x4c</size>
         <input_file_ref idref="fl-3"/>
      </object_component>
      <object_component id="oc-233">
         <name>.debug_line</name>
         <load_address>0x7e9</load_address>
         <run_address>0x7e9</run_address>
         <size>0x52</size>
         <input_file_ref idref="fl-3"/>
      </object_component>
      <object_component id="oc-239">
         <name>.debug_line</name>
         <load_address>0x83b</load_address>
         <run_address>0x83b</run_address>
         <size>0x4b</size>
         <input_file_ref idref="fl-3"/>
[...]
            <allocated_space>
               <start_address>0x20001000</start_address>
               <size>0x496</size>
               <logical_group_ref idref="lg-371"/>
            </allocated_space>
            <available_space>
               <start_address>0x20001496</start_address>
               <size>0x2</size>
            </available_space>
            <allocated_space>
               <start_address>0x20001498</start_address>
               <size>0x40</size>
               <logical_group_ref idref="lg-373"/>
            </allocated_space>
            <available_space>
               <start_address>0x200014d8</start_address>
               <size>0x6b28</size>
            </available_space>
         </usage_details>
      </memory_area>
   </placement_map>
   <cptbl_list>
      <cptbl>
         <name>__TI_cinit_table</name>
         <cprec>
            <name>.data</name>
            <load_address>0x2180</load_address>
            <load_size>0x20</load_size>
            <run_address>0x20001498</run_address>
            <run_size>0x40</run_size>
            <compression>rle</compression>
         </cprec>
         <cprec>
            <name>.bss</name>
            <load_address>0x21b0</load_address>
            <load_size>0x8</load_size>
            <run_address>0x20001000</run_address>
            <run_size>0x496</run_size>
            <compression>zero_init</compression>
         </cprec>
      </cptbl>
   </cptbl_list>
   <handler_table>
      <handler_table_name>__TI_handler_table</handler_table_name>
      <handler>
         <index>0x0</index>
         <name>__TI_decompress_rle24</name>
      </handler>
      <handler>
         <index>0x1</index>
         <name>__TI_decompress_none</name>
      </handler>
      <handler>
         <index>0x2</index>
         <name>__TI_zero_init</name>
      </handler>
   </handler_table>
   <symbol_table>
      <symbol id="sm-1">
         <name>__STACK_TOP</name>
         <value>0x20000200</value>
      </symbol>
      <symbol id="sm-2">
         <name>__TI_CINIT_Base</name>
         <value>0x21b8</value>
      </symbol>
      <symbol id="sm-3">
         <name>__TI_CINIT_Limit</name>
         <value>0x21c8</value>
      </symbol>
      <symbol id="sm-4">
         <name>__TI_Handler_Table_Base</name>
         <value>0x21a0</value>
      </symbol>
      <symbol id="sm-5">
         <name>__TI_Handler_Table_Limit</name>
         <value>0x21ac</value>
      </symbol>
      <symbol id="sm-6">
         <name>binit</name>
         <value>0xffffffff</value>
      </symbol>
      <symbol id="sm-7">
         <name>__binit__</name>
         <value>0xffffffff</value>
      </symbol>
      <symbol id="sm-8">
         <name>__STACK_SIZE</name>
         <value>0x1000</value>
      </symbol>
      <symbol id="sm-9">
         <name>__STACK_END</name>
         <value>0x20001000</value>
      </symbol>
      <symbol id="sm-a">
         <name>__c_args__</name>
         <value>0xffffffff</value>
      </symbol>
      <symbol id="sm-84">
         <name>IndicateState</name>
         <value>0xdb5</value>
         <object_component_ref idref="oc-241"/>
      </symbol>
      <symbol id="sm-85">
         <name>SetErrorFlag</name>
         <value>0x1de9</value>
         <object_component_ref idref="oc-1b9"/>
      </symbol>
      <symbol id="sm-86">
         <name>IsErrorFlagOn</name>
         <value>0x1e19</value>
         <object_component_ref idref="oc-1b3"/>
      </symbol>
      <symbol id="sm-87">
         <name>Timer0IntHandler</name>
         <value>0xead</value>
         <object_component_ref idref="oc-4e"/>
      </symbol>
      <symbol id="sm-e6">
         <name>ConfigSystemClock</name>
         <value>0x1f59</value>
         <object_component_ref idref="oc-1fe"/>
      </symbol>
      <symbol id="sm-e7">
         <name>InitSystem</name>
         <value>0x1771</value>
         <object_component_ref idref="oc-1a6"/>
      </symbol>
      <symbol id="sm-e8">
         <name>ConfigDisplay</name>
         <value>0x1cc5</value>
         <object_component_ref idref="oc-204"/>
      </symbol>
      <symbol id="sm-e9">
         <name>ConfigTimer0</name>
         <value>0x1a21</value>
         <object_component_ref idref="oc-2e4"/>
      </symbol>
      <symbol id="sm-ea">
         <name>ConfigSysTick</name>
         <value>0x1d85</value>
         <object_component_ref idref="oc-228"/>
      </symbol>
      <symbol id="sm-eb">
         <name>ConfigPWM</name>
         <value>0x16a1</value>
         <object_component_ref idref="oc-22e"/>
      </symbol>
      <symbol id="sm-ec">
         <name>ConfigEEPROM</name>
         <value>0x1e31</value>
         <object_component_ref idref="oc-234"/>
      </symbol>
      <symbol id="sm-ed">
         <name>ConfigUART</name>
         <value>0x1709</value>
         <object_component_ref idref="oc-222"/>
      </symbol>
      <symbol id="sm-171">
         <name>g_sState</name>
         <value>0x20001480</value>
      </symbol>
      <symbol id="sm-172">
         <name>flagError</name>
         <value>0x20001494</value>
      </symbol>
      <symbol id="sm-173">
         <name>SysTickIntHandler</name>
         <value>0x1d69</value>
         <object_component_ref idref="oc-42"/>
      </symbol>
      <symbol id="sm-174">
         <name>flagRun</name>
         <value>0x200014b0</value>
         <object_component_ref idref="oc-15d"/>
      </symbol>
      <symbol id="sm-175">
         <name>AppHandler</name>
         <value>0xb7d</value>
         <object_component_ref idref="oc-a8"/>
      </symbol>
      <symbol id="sm-176">
         <name>main</name>
         <value>0x26d</value>
         <object_component_ref idref="oc-13b"/>
      </symbol>
      <symbol id="sm-177">
         <name>ButtonISR</name>
         <value>0x1d4d</value>
         <object_component_ref idref="oc-54"/>
      </symbol>
      <symbol id="sm-178">
         <name>SwitchState</name>
         <value>0x715</value>
         <object_component_ref idref="oc-1ac"/>
      </symbol>
      <symbol id="sm-1ae">
         <name>ResetISR</name>
         <value>0x1fb9</value>
         <object_component_ref idref="oc-2a"/>
      </symbol>
      <symbol id="sm-1af">
         <name>g_pfnVectors</name>
         <value>0x0</value>
         <object_component_ref idref="oc-f"/>
      </symbol>
      <symbol id="sm-2bb">
         <name>UARTFlushRx</name>
         <value>0x1c6d</value>
         <object_component_ref idref="oc-319"/>
      </symbol>
      <symbol id="sm-2bc">
         <name>UARTgetc</name>
         <value>0x1c3d</value>
         <object_component_ref idref="oc-259"/>
      </symbol>
      <symbol id="sm-2bd">
         <name>UARTFlushTx</name>
         <value>0x1b29</value>
         <object_component_ref idref="oc-31f"/>
      </symbol>
      <symbol id="sm-2be">
         <name>UARTStdioConfig</name>
         <value>0x1155</value>
         <object_component_ref idref="oc-29d"/>
      </symbol>
      <symbol id="sm-2bf">
         <name>UARTStdioIntHandler</name>
         <value>0x8ed</value>
         <object_component_ref idref="oc-48"/>
      </symbol>
      <symbol id="sm-2c0">
         <name>UARTRxBytesAvail</name>
         <value>0x1e81</value>
         <object_component_ref idref="oc-253"/>
      </symbol>
      <symbol id="sm-2c1">
         <name>UARTwrite</name>
         <value>0x1205</value>
         <object_component_ref idref="oc-be"/>
      </symbol>
      <symbol id="sm-2c2">
         <name>UARTprintf</name>
         <value>0x1d9f</value>
         <object_component_ref idref="oc-108"/>
      </symbol>
      <symbol id="sm-2c3">
         <name>UARTvprintf</name>
         <value>0x529</value>
         <object_component_ref idref="oc-18b"/>
      </symbol>
      <symbol id="sm-2f2">
         <name>ButtonsInit</name>
         <value>0x1639</value>
         <object_component_ref idref="oc-20a"/>
      </symbol>
      <symbol id="sm-2f3">
         <name>ButtonsPoll</name>
         <value>0x1349</value>
         <object_component_ref idref="oc-a2"/>
      </symbol>
      <symbol id="sm-306">
         <name>_c_int00</name>
         <value>0x193d</value>
         <object_component_ref idref="oc-24"/>
      </symbol>
      <symbol id="sm-307">
         <name>__stack</name>
         <value>0x20000000</value>
         <object_component_ref idref="oc-29"/>
      </symbol>
      <symbol id="sm-31e">
         <name>__TI_decompress_none</name>
         <value>0x1f3d</value>
         <object_component_ref idref="oc-12"/>
      </symbol>
      <symbol id="sm-341">
         <name>__TI_decompress_rle24</name>
         <value>0x1fcb</value>
         <object_component_ref idref="oc-18"/>
      </symbol>
      <symbol id="sm-353">
         <name>__TI_zero_init</name>
         <value>0x1f89</value>
         <object_component_ref idref="oc-1e"/>
      </symbol>
      <symbol id="sm-372">
         <name>C$$EXIT</name>
         <value>0x1a65</value>
         <object_component_ref idref="oc-94"/>
      </symbol>
      <symbol id="sm-373">
         <name>abort</name>
         <value>0x1a69</value>
         <object_component_ref idref="oc-94"/>
      </symbol>
      <symbol id="sm-374">
         <name>exit</name>
         <value>0x1a71</value>
         <object_component_ref idref="oc-94"/>
      </symbol>
      <symbol id="sm-375">
         <name>__TI_dtors_ptr</name>
         <value>0x200014c8</value>
         <object_component_ref idref="oc-146"/>
      </symbol>
      <symbol id="sm-376">
         <name>__TI_cleanup_ptr</name>
         <value>0x200014c4</value>
         <object_component_ref idref="oc-146"/>
      </symbol>
      <symbol id="sm-38d">
         <name>__aeabi_cdrcmple</name>
         <value>0x1461</value>
         <object_component_ref idref="oc-158"/>
      </symbol>
      <symbol id="sm-3ab">
         <name>memcpy</name>
         <value>0x12ad</value>
         <object_component_ref idref="oc-5d"/>
      </symbol>
      <symbol id="sm-3ac">
         <name>__aeabi_memcpy</name>
         <value>0x12ad</value>
         <object_component_ref idref="oc-5d"/>
      </symbol>
      <symbol id="sm-3ad">
         <name>__aeabi_memcpy8</name>
         <value>0x12ad</value>
         <object_component_ref idref="oc-5d"/>
      </symbol>
      <symbol id="sm-3ae">
         <name>__aeabi_memcpy4</name>
         <value>0x12ad</value>
         <object_component_ref idref="oc-5d"/>
      </symbol>
      <symbol id="sm-3bd">
         <name>__aeabi_memset</name>
         <value>0x14e9</value>
         <object_component_ref idref="oc-76"/>
      </symbol>
      <symbol id="sm-3be">
         <name>memset</name>
         <value>0x14ef</value>
         <object_component_ref idref="oc-76"/>
      </symbol>
      <symbol id="sm-3bf">
         <name>__aeabi_memset8</name>
         <value>0x14e9</value>
         <object_component_ref idref="oc-76"/>
      </symbol>
      <symbol id="sm-3c0">
         <name>__aeabi_memset4</name>
         <value>0x14e9</value>
         <object_component_ref idref="oc-76"/>
      </symbol>
      <symbol id="sm-3c1">
         <name>__aeabi_memclr8</name>
         <value>0x14e7</value>
         <object_component_ref idref="oc-76"/>
      </symbol>
      <symbol id="sm-3c2">
         <name>__aeabi_memclr4</name>
         <value>0x14e7</value>
         <object_component_ref idref="oc-76"/>
      </symbol>
      <symbol id="sm-3c3">
         <name>__aeabi_memclr</name>
         <value>0x14e7</value>
         <object_component_ref idref="oc-76"/>
      </symbol>
      <symbol id="sm-3cd">
         <name>_system_pre_init</name>
         <value>0x1fd5</value>
         <object_component_ref idref="oc-82"/>
      </symbol>
      <symbol id="sm-3d5">
         <name>main_func_sp</name>
         <value>0x200014d4</value>
         <object_component_ref idref="oc-9a"/>
      </symbol>
      <symbol id="sm-3e8">
         <name>__aeabi_uidivmod</name>
         <value>0x1ae9</value>
         <object_component_ref idref="oc-1f0"/>
      </symbol>
      <symbol id="sm-3e9">
         <name>__aeabi_uidiv</name>
         <value>0x1ae9</value>
         <object_component_ref idref="oc-1f0"/>
      </symbol>
      <symbol id="sm-3f5">
         <name>__aeabi_ui2d</name>
         <value>0x1d0f</value>
         <object_component_ref idref="oc-153"/>
      </symbol>
      <symbol id="sm-40e">
         <name>_nop</name>
         <value>0x1ea3</value>
         <object_component_ref idref="oc-1c7"/>
      </symbol>
      <symbol id="sm-40f">
         <name>_lock</name>
         <value>0x200014bc</value>
         <object_component_ref idref="oc-143"/>
      </symbol>
      <symbol id="sm-410">
         <name>_unlock</name>
         <value>0x200014c0</value>
         <object_component_ref idref="oc-143"/>
      </symbol>
      <symbol id="sm-411">
         <name>_register_lock</name>
         <value>0x1e9b</value>
         <object_component_ref idref="oc-1c7"/>
      </symbol>
      <symbol id="sm-412">
         <name>_register_unlock</name>
         <value>0x1e95</value>
         <object_component_ref idref="oc-1c7"/>
      </symbol>
      <symbol id="sm-427">
         <name>_args_main</name>
         <value>0x1e01</value>
         <object_component_ref idref="oc-8e"/>
      </symbol>
      <symbol id="sm-44d">
         <name>__TI_auto_init</name>
         <value>0x1561</value>
         <object_component_ref idref="oc-88"/>
      </symbol>
      <symbol id="sm-467">
         <name>copy_in</name>
         <value>0x198d</value>
         <object_component_ref idref="oc-133"/>
      </symbol>
      <symbol id="sm-471">
         <name>__aeabi_idiv0</name>
         <value>0x1cc3</value>
         <object_component_ref idref="oc-278"/>
      </symbol>
      <symbol id="sm-488">
         <name>UARTClockSourceSet</name>
         <value>0x1fc5</value>
         <object_component_ref idref="oc-297"/>
      </symbol>
      <symbol id="sm-4bb">
         <name>TimerLoadSet</name>
         <value>0x1edf</value>
         <object_component_ref idref="oc-346"/>
      </symbol>
      <symbol id="sm-4bc">
         <name>TimerEnable</name>
         <value>0x1f2f</value>
         <object_component_ref idref="oc-352"/>
      </symbol>
      <symbol id="sm-4bd">
         <name>TimerIntEnable</name>
         <value>0x1f9f</value>
         <object_component_ref idref="oc-34c"/>
      </symbol>
      <symbol id="sm-4be">
         <name>TimerConfigure</name>
         <value>0x1839</value>
         <object_component_ref idref="oc-340"/>
      </symbol>
      <symbol id="sm-4bf">
         <name>TimerIntClear</name>
         <value>0x1fd1</value>
         <object_component_ref idref="oc-de"/>
      </symbol>
      <symbol id="sm-4e2">
         <name>SysTickEnable</name>
         <value>0x1e59</value>
         <object_component_ref idref="oc-2aa"/>
      </symbol>
      <symbol id="sm-4e3">
         <name>SysTickIntEnable</name>
         <value>0x1e6d</value>
         <object_component_ref idref="oc-2b0"/>
      </symbol>
      <symbol id="sm-4e4">
         <name>SysTickPeriodSet</name>
         <value>0x1f01</value>
         <object_component_ref idref="oc-2a4"/>
      </symbol>
      <symbol id="sm-557">
         <name>SysCtlClockSet</name>
         <value>0xfa1</value>
         <object_component_ref idref="oc-281"/>
      </symbol>
      <symbol id="sm-558">
         <name>SysCtlDelay</name>
         <value>0x1fbf</value>
         <object_component_ref idref="oc-1b2"/>
      </symbol>
      <symbol id="sm-559">
         <name>SysCtlPeripheralEnable</name>
         <value>0x1bd5</value>
         <object_component_ref idref="oc-288"/>
      </symbol>
      <symbol id="sm-55a">
         <name>SysCtlClockGet</name>
         <value>0xc9d</value>
         <object_component_ref idref="oc-ea"/>
      </symbol>
      <symbol id="sm-55b">
         <name>SysCtlPWMClockSet</name>
         <value>0x1e45</value>
         <object_component_ref idref="oc-2b7"/>
      </symbol>
      <symbol id="sm-55c">
         <name>SysCtlPeripheralReset</name>
         <value>0x18ed</value>
         <object_component_ref idref="oc-338"/>
      </symbol>
      <symbol id="sm-591">
         <name>PWMGenPeriodSet</name>
         <value>0x1ef1</value>
         <object_component_ref idref="oc-2c9"/>
      </symbol>
      <symbol id="sm-592">
         <name>PWMGenDisable</name>
         <value>0x1f71</value>
         <object_component_ref idref="oc-e4"/>
      </symbol>
      <symbol id="sm-593">
         <name>PWMPulseWidthSet</name>
         <value>0x1d2f</value>
         <object_component_ref idref="oc-f0"/>
      </symbol>
      <symbol id="sm-594">
         <name>PWMOutputState</name>
         <value>0x1ecd</value>
         <object_component_ref idref="oc-2cf"/>
      </symbol>
      <symbol id="sm-595">
         <name>PWMGenEnable</name>
         <value>0x1f7d</value>
         <object_component_ref idref="oc-f6"/>
      </symbol>
      <symbol id="sm-596">
         <name>PWMGenConfigure</name>
         <value>0x1ced</value>
         <object_component_ref idref="oc-2c3"/>
      </symbol>
      <symbol id="sm-5c4">
         <name>IntEnable</name>
         <value>0x17d9</value>
         <object_component_ref idref="oc-21c"/>
      </symbol>
      <symbol id="sm-5c5">
         <name>IntMasterEnable</name>
         <value>0x1f95</value>
         <object_component_ref idref="oc-23a"/>
      </symbol>
      <symbol id="sm-62d">
         <name>GPIOPinTypePWM</name>
         <value>0x1ea9</value>
         <object_component_ref idref="oc-247"/>
      </symbol>
      <symbol id="sm-62e">
         <name>GPIOPinConfigure</name>
         <value>0x19d9</value>
         <object_component_ref idref="oc-2bd"/>
      </symbol>
      <symbol id="sm-62f">
         <name>GPIOIntEnable</name>
         <value>0x1f65</value>
         <object_component_ref idref="oc-216"/>
      </symbol>
      <symbol id="sm-630">
         <name>GPIOIntTypeSet</name>
         <value>0x1895</value>
         <object_component_ref idref="oc-210"/>
      </symbol>
      <symbol id="sm-631">
         <name>GPIOIntClear</name>
         <value>0x1fa7</value>
         <object_component_ref idref="oc-110"/>
      </symbol>
      <symbol id="sm-632">
         <name>GPIOPinTypeGPIOOutput</name>
         <value>0x1db9</value>
         <object_component_ref idref="oc-24d"/>
      </symbol>
      <symbol id="sm-633">
         <name>GPIOPinRead</name>
         <value>0x1fad</value>
         <object_component_ref idref="oc-fc"/>
      </symbol>
      <symbol id="sm-634">
         <name>GPIODirModeSet</name>
         <value>0x1c99</value>
         <object_component_ref idref="oc-2eb"/>
      </symbol>
      <symbol id="sm-635">
         <name>GPIOPinWrite</name>
         <value>0x1fb3</value>
         <object_component_ref idref="oc-102"/>
      </symbol>
      <symbol id="sm-636">
         <name>GPIOPadConfigSet</name>
         <value>0xa4d</value>
         <object_component_ref idref="oc-2f1"/>
      </symbol>
      <symbol id="sm-6b1">
         <name>EEPROMRead</name>
         <value>0x1ba1</value>
         <object_component_ref idref="oc-260"/>
      </symbol>
      <symbol id="sm-6b2">
         <name>EEPROMProgram</name>
         <value>0x1091</value>
         <object_component_ref idref="oc-267"/>
      </symbol>
      <symbol id="sm-6b3">
         <name>EEPROMInit</name>
         <value>0x1aa9</value>
         <object_component_ref idref="oc-2d6"/>
      </symbol>
      <symbol id="sm-6bd">
         <name>CPUcpsie</name>
         <value>0x1f4b</value>
         <object_component_ref idref="oc-2dd"/>
      </symbol>
      <symbol id="sm-6be">
         <name>__TI_static_base__</name>
         <value>0x0</value>
      </symbol>
      <symbol id="sm-6c1">
         <name>SHT$$INIT_ARRAY$$Limit</name>
         <value>0x0</value>
      </symbol>
      <symbol id="sm-6c2">
         <name>SHT$$INIT_ARRAY$$Base</name>
         <value>0x0</value>
      </symbol>
   </symbol_table>
   <title>Link successful</title>
</link_info>
