<?xml version="1.0"?>
<link_info>
   <banner>TI ARM Linker PC v5.2.2</banner>
   <copyright>Copyright (c) 1996-2015 Texas Instruments Incorporated</copyright>
   <link_time>0x55368dd1</link_time>
   <link_errors>0x0</link_errors>
   <output_file>qs-rgb.out</output_file>
   <entry_point>
      <name>_c_int00</name>
      <address>0x1aa1</address>
   </entry_point>
   <input_file_list>
      <input_file id="fl-2">
         <path>.\</path>
         <kind>object</kind>
         <file>qs-rgb.obj</file>
         <name>qs-rgb.obj</name>
      </input_file>
      <input_file id="fl-3">
         <path>.\</path>
         <kind>object</kind>
         <file>rgb_commands.obj</file>
         <name>rgb_commands.obj</name>
      </input_file>
      <input_file id="fl-4">
         <path>.\</path>
         <kind>object</kind>
         <file>startup_ccs.obj</file>
         <name>startup_ccs.obj</name>
      </input_file>
      <input_file id="fl-5">
         <path>.\utils\</path>
         <kind>object</kind>
         <file>cmdline.obj</file>
         <name>cmdline.obj</name>
      </input_file>
      <input_file id="fl-6">
         <path>.\utils\</path>
         <kind>object</kind>
         <file>uartstdio.obj</file>
         <name>uartstdio.obj</name>
      </input_file>
      <input_file id="fl-7">
         <path>.\utils\</path>
         <kind>object</kind>
         <file>ustdlib.obj</file>
         <name>ustdlib.obj</name>
      </input_file>
      <input_file id="fl-8">
         <path>.\drivers\</path>
         <kind>object</kind>
         <file>buttons.obj</file>
         <name>buttons.obj</name>
      </input_file>
      <input_file id="fl-9">
         <path>.\drivers\</path>
         <kind>object</kind>
         <file>rgb.obj</file>
         <name>rgb.obj</name>
      </input_file>
      <input_file id="fl-131">
         <path>C:\ti\ccsv6\tools\compiler\ti-cgt-arm_5.2.2\lib\</path>
         <kind>archive</kind>
         <file>rtsv7M4_T_le_v4SPD16_eabi.lib</file>
         <name>boot.obj</name>
      </input_file>
      <input_file id="fl-132">
         <path>C:\ti\ccsv6\tools\compiler\ti-cgt-arm_5.2.2\lib\</path>
         <kind>archive</kind>
         <file>rtsv7M4_T_le_v4SPD16_eabi.lib</file>
         <name>copy_decompress_none.obj</name>
      </input_file>
      <input_file id="fl-133">
         <path>C:\ti\ccsv6\tools\compiler\ti-cgt-arm_5.2.2\lib\</path>
         <kind>archive</kind>
         <file>rtsv7M4_T_le_v4SPD16_eabi.lib</file>
         <name>copy_decompress_rle.obj</name>
      </input_file>
      <input_file id="fl-134">
         <path>C:\ti\ccsv6\tools\compiler\ti-cgt-arm_5.2.2\lib\</path>
         <kind>archive</kind>
         <file>rtsv7M4_T_le_v4SPD16_eabi.lib</file>
         <name>copy_zero_init.obj</name>
      </input_file>
      <input_file id="fl-135">
         <path>C:\ti\ccsv6\tools\compiler\ti-cgt-arm_5.2.2\lib\</path>
         <kind>archive</kind>
         <file>rtsv7M4_T_le_v4SPD16_eabi.lib</file>
         <name>exit.obj</name>
      </input_file>
      <input_file id="fl-136">
         <path>C:\ti\ccsv6\tools\compiler\ti-cgt-arm_5.2.2\lib\</path>
         <kind>archive</kind>
         <file>rtsv7M4_T_le_v4SPD16_eabi.lib</file>
         <name>fs_toull_t2.obj</name>
      </input_file>
      <input_file id="fl-137">
         <path>C:\ti\ccsv6\tools\compiler\ti-cgt-arm_5.2.2\lib\</path>
         <kind>archive</kind>
         <file>rtsv7M4_T_le_v4SPD16_eabi.lib</file>
         <name>memcpy_t2.obj</name>
      </input_file>
      <input_file id="fl-138">
         <path>C:\ti\ccsv6\tools\compiler\ti-cgt-arm_5.2.2\lib\</path>
         <kind>archive</kind>
         <file>rtsv7M4_T_le_v4SPD16_eabi.lib</file>
         <name>memset_t2.obj</name>
      </input_file>
      <input_file id="fl-139">
         <path>C:\ti\ccsv6\tools\compiler\ti-cgt-arm_5.2.2\lib\</path>
         <kind>archive</kind>
         <file>rtsv7M4_T_le_v4SPD16_eabi.lib</file>
         <name>pre_init.obj</name>
      </input_file>
      <input_file id="fl-13a">
         <path>C:\ti\ccsv6\tools\compiler\ti-cgt-arm_5.2.2\lib\</path>
         <kind>archive</kind>
         <file>rtsv7M4_T_le_v4SPD16_eabi.lib</file>
         <name>sinf.obj</name>
      </input_file>
      <input_file id="fl-13b">
         <path>C:\ti\ccsv6\tools\compiler\ti-cgt-arm_5.2.2\lib\</path>
         <kind>archive</kind>
         <file>rtsv7M4_T_le_v4SPD16_eabi.lib</file>
         <name>stkdepth_vars.obj</name>
      </input_file>
      <input_file id="fl-13c">
         <path>C:\ti\ccsv6\tools\compiler\ti-cgt-arm_5.2.2\lib\</path>
         <kind>archive</kind>
         <file>rtsv7M4_T_le_v4SPD16_eabi.lib</file>
         <name>strcmp.obj</name>
      </input_file>
      <input_file id="fl-13d">
         <path>C:\ti\ccsv6\tools\compiler\ti-cgt-arm_5.2.2\lib\</path>
         <kind>archive</kind>
         <file>rtsv7M4_T_le_v4SPD16_eabi.lib</file>
         <name>u_divt2.obj</name>
      </input_file>
      <input_file id="fl-13e">
         <path>C:\ti\ccsv6\tools\compiler\ti-cgt-arm_5.2.2\lib\</path>
         <kind>archive</kind>
         <file>rtsv7M4_T_le_v4SPD16_eabi.lib</file>
         <name>xfsin.obj</name>
      </input_file>
      <input_file id="fl-13f">
         <path>C:\ti\ccsv6\tools\compiler\ti-cgt-arm_5.2.2\lib\</path>
         <kind>archive</kind>
         <file>rtsv7M4_T_le_v4SPD16_eabi.lib</file>
         <name>xfvalues.obj</name>
      </input_file>
      <input_file id="fl-140">
         <path>C:\ti\ccsv6\tools\compiler\ti-cgt-arm_5.2.2\lib\</path>
         <kind>archive</kind>
         <file>rtsv7M4_T_le_v4SPD16_eabi.lib</file>
         <name>_lock.obj</name>
      </input_file>
      <input_file id="fl-141">
         <path>C:\ti\ccsv6\tools\compiler\ti-cgt-arm_5.2.2\lib\</path>
         <kind>archive</kind>
         <file>rtsv7M4_T_le_v4SPD16_eabi.lib</file>
         <name>args_main.obj</name>
      </input_file>
      <input_file id="fl-142">
         <path>C:\ti\ccsv6\tools\compiler\ti-cgt-arm_5.2.2\lib\</path>
         <kind>archive</kind>
         <file>rtsv7M4_T_le_v4SPD16_eabi.lib</file>
         <name>autoinit.obj</name>
      </input_file>
      <input_file id="fl-143">
         <path>C:\ti\ccsv6\tools\compiler\ti-cgt-arm_5.2.2\lib\</path>
         <kind>archive</kind>
         <file>rtsv7M4_T_le_v4SPD16_eabi.lib</file>
         <name>cpy_tbl.obj</name>
      </input_file>
      <input_file id="fl-144">
         <path>C:\ti\ccsv6\tools\compiler\ti-cgt-arm_5.2.2\lib\</path>
         <kind>archive</kind>
         <file>rtsv7M4_T_le_v4SPD16_eabi.lib</file>
         <name>fd_cmp_t2.obj</name>
      </input_file>
      <input_file id="fl-145">
         <path>C:\ti\ccsv6\tools\compiler\ti-cgt-arm_5.2.2\lib\</path>
         <kind>archive</kind>
         <file>rtsv7M4_T_le_v4SPD16_eabi.lib</file>
         <name>fmodf.obj</name>
      </input_file>
      <input_file id="fl-146">
         <path>C:\ti\ccsv6\tools\compiler\ti-cgt-arm_5.2.2\lib\</path>
         <kind>archive</kind>
         <file>rtsv7M4_T_le_v4SPD16_eabi.lib</file>
         <name>fs_tod_t2.obj</name>
      </input_file>
      <input_file id="fl-147">
         <path>C:\ti\ccsv6\tools\compiler\ti-cgt-arm_5.2.2\lib\</path>
         <kind>archive</kind>
         <file>rtsv7M4_T_le_v4SPD16_eabi.lib</file>
         <name>xfdnorm.obj</name>
      </input_file>
      <input_file id="fl-148">
         <path>C:\ti\ccsv6\tools\compiler\ti-cgt-arm_5.2.2\lib\</path>
         <kind>archive</kind>
         <file>rtsv7M4_T_le_v4SPD16_eabi.lib</file>
         <name>xfdscale.obj</name>
      </input_file>
      <input_file id="fl-149">
         <path>C:\ti\ccsv6\tools\compiler\ti-cgt-arm_5.2.2\lib\</path>
         <kind>archive</kind>
         <file>rtsv7M4_T_le_v4SPD16_eabi.lib</file>
         <name>xferaise.obj</name>
      </input_file>
      <input_file id="fl-14a">
         <path>C:\ti\ccsv6\tools\compiler\ti-cgt-arm_5.2.2\lib\</path>
         <kind>archive</kind>
         <file>rtsv7M4_T_le_v4SPD16_eabi.lib</file>
         <name>errno.obj</name>
      </input_file>
      <input_file id="fl-14b">
         <path>C:\ti\ccsv6\tools\compiler\ti-cgt-arm_5.2.2\lib\</path>
         <kind>archive</kind>
         <file>rtsv7M4_T_le_v4SPD16_eabi.lib</file>
         <name>feraiseexcept.obj</name>
      </input_file>
      <input_file id="fl-14c">
         <path>C:\ti\ccsv6\tools\compiler\ti-cgt-arm_5.2.2\lib\</path>
         <kind>archive</kind>
         <file>rtsv7M4_T_le_v4SPD16_eabi.lib</file>
         <name>raise.obj</name>
      </input_file>
      <input_file id="fl-14d">
         <path>C:\ti\ccsv6\tools\compiler\ti-cgt-arm_5.2.2\lib\</path>
         <kind>archive</kind>
         <file>rtsv7M4_T_le_v4SPD16_eabi.lib</file>
         <name>signal.obj</name>
      </input_file>
      <input_file id="fl-14e">
         <path>C:\ti\TivaWare_C_Series-2.1.0.12573\examples\boards\ek-tm4c123gxl\qs-rgb\ccs\..\..\..\..\..\driverlib\ccs\Debug\</path>
         <kind>archive</kind>
         <file>driverlib.lib</file>
         <name>uart.obj</name>
      </input_file>
      <input_file id="fl-14f">
         <path>C:\ti\TivaWare_C_Series-2.1.0.12573\examples\boards\ek-tm4c123gxl\qs-rgb\ccs\..\..\..\..\..\driverlib\ccs\Debug\</path>
         <kind>archive</kind>
         <file>driverlib.lib</file>
         <name>systick.obj</name>
      </input_file>
      <input_file id="fl-150">
         <path>C:\ti\TivaWare_C_Series-2.1.0.12573\examples\boards\ek-tm4c123gxl\qs-rgb\ccs\..\..\..\..\..\driverlib\ccs\Debug\</path>
         <kind>archive</kind>
         <file>driverlib.lib</file>
         <name>sysctl.obj</name>
      </input_file>
      <input_file id="fl-151">
         <path>C:\ti\TivaWare_C_Series-2.1.0.12573\examples\boards\ek-tm4c123gxl\qs-rgb\ccs\..\..\..\..\..\driverlib\ccs\Debug\</path>
         <kind>archive</kind>
         <file>driverlib.lib</file>
         <name>interrupt.obj</name>
      </input_file>
      <input_file id="fl-152">
         <path>C:\ti\TivaWare_C_Series-2.1.0.12573\examples\boards\ek-tm4c123gxl\qs-rgb\ccs\..\..\..\..\..\driverlib\ccs\Debug\</path>
         <kind>archive</kind>
         <file>driverlib.lib</file>
         <name>hibernate.obj</name>
      </input_file>
      <input_file id="fl-153">
         <path>C:\ti\TivaWare_C_Series-2.1.0.12573\examples\boards\ek-tm4c123gxl\qs-rgb\ccs\..\..\..\..\..\driverlib\ccs\Debug\</path>
         <kind>archive</kind>
         <file>driverlib.lib</file>
         <name>cpu.obj</name>
      </input_file>
   </input_file_list>
   <object_component_list>
      <object_component id="oc-f">
         <name>.intvecs</name>
         <load_address>0x0</load_address>
         <run_address>0x0</run_address>
         <size>0x26c</size>
         <input_file_ref idref="fl-4"/>
      </object_component>
      <object_component id="oc-fc">
         <name>.text:main</name>
         <load_address>0x26c</load_address>
         <run_address>0x26c</run_address>
         <size>0x278</size>
         <input_file_ref idref="fl-2"/>
      </object_component>
      <object_component id="oc-22b">
         <name>.text:UARTvprintf</name>
         <load_address>0x4e4</load_address>
         <run_address>0x4e4</run_address>
         <size>0x1ea</size>
         <input_file_ref idref="fl-6"/>
      </object_component>
      <object_component id="oc-36">
         <name>.text:FaultISR</name>
         <load_address>0x6ce</load_address>
         <run_address>0x6ce</run_address>
         <size>0x2</size>
         <input_file_ref idref="fl-4"/>
      </object_component>
      <object_component id="oc-1fc">
         <name>.text</name>
         <load_address>0x6d0</load_address>
         <run_address>0x6d0</run_address>
         <size>0x16c</size>
         <input_file_ref idref="fl-13e"/>
      </object_component>
      <object_component id="oc-48">
         <name>.text:UARTStdioIntHandler</name>
         <load_address>0x83c</load_address>
         <run_address>0x83c</run_address>
         <size>0x160</size>
         <input_file_ref idref="fl-6"/>
      </object_component>
      <object_component id="oc-2b3">
         <name>.text</name>
         <load_address>0x99c</load_address>
         <run_address>0x99c</run_address>
         <size>0x160</size>
         <input_file_ref idref="fl-145"/>
      </object_component>
      <object_component id="oc-181">
         <name>.text:SysCtlClockGet</name>
         <load_address>0xafc</load_address>
         <run_address>0xafc</run_address>
         <size>0x118</size>
         <input_file_ref idref="fl-150"/>
      </object_component>
      <object_component id="oc-18d">
         <name>.text:RGBInit</name>
         <load_address>0xc14</load_address>
         <run_address>0xc14</run_address>
         <size>0x100</size>
         <input_file_ref idref="fl-9"/>
      </object_component>
      <object_component id="oc-9c">
         <name>.text:AppButtonHandler</name>
         <load_address>0xd14</load_address>
         <run_address>0xd14</run_address>
         <size>0xe8</size>
         <input_file_ref idref="fl-2"/>
      </object_component>
      <object_component id="oc-a2">
         <name>.text:AppRainbow</name>
         <load_address>0xdfc</load_address>
         <run_address>0xdfc</run_address>
         <size>0xe0</size>
         <input_file_ref idref="fl-2"/>
      </object_component>
      <object_component id="oc-333">
         <name>.text</name>
         <load_address>0xedc</load_address>
         <run_address>0xedc</run_address>
         <size>0xd0</size>
         <input_file_ref idref="fl-148"/>
      </object_component>
      <object_component id="oc-199">
         <name>.text:RGBEnable</name>
         <load_address>0xfac</load_address>
         <run_address>0xfac</run_address>
         <size>0xc0</size>
         <input_file_ref idref="fl-9"/>
      </object_component>
      <object_component id="oc-224">
         <name>.text:UARTStdioConfig</name>
         <load_address>0x106c</load_address>
         <run_address>0x106c</run_address>
         <size>0xb0</size>
         <input_file_ref idref="fl-6"/>
      </object_component>
      <object_component id="oc-be">
         <name>.text:UARTwrite</name>
         <load_address>0x111c</load_address>
         <run_address>0x111c</run_address>
         <size>0xa8</size>
         <input_file_ref idref="fl-6"/>
      </object_component>
      <object_component id="oc-51">
         <name>.text</name>
         <load_address>0x11c4</load_address>
         <run_address>0x11c4</run_address>
         <size>0x9c</size>
         <input_file_ref idref="fl-137"/>
      </object_component>
      <object_component id="oc-35a">
         <name>.text:ustrtoul</name>
         <load_address>0x1260</load_address>
         <run_address>0x1260</run_address>
         <size>0x9c</size>
         <input_file_ref idref="fl-7"/>
      </object_component>
      <object_component id="oc-122">
         <name>.text:RGBColorSet</name>
         <load_address>0x12fc</load_address>
         <run_address>0x12fc</run_address>
         <size>0x90</size>
         <input_file_ref idref="fl-9"/>
      </object_component>
      <object_component id="oc-96">
         <name>.text:ButtonsPoll</name>
         <load_address>0x138c</load_address>
         <run_address>0x138c</run_address>
         <size>0x8c</size>
         <input_file_ref idref="fl-8"/>
      </object_component>
      <object_component id="oc-b2">
         <name>.text:UARTPrimeTransmit</name>
         <load_address>0x1418</load_address>
         <run_address>0x1418</run_address>
         <size>0x8c</size>
         <input_file_ref idref="fl-6"/>
      </object_component>
      <object_component id="oc-2ae">
         <name>.text:__aeabi_cdcmple</name>
         <load_address>0x14a4</load_address>
         <run_address>0x14a4</run_address>
         <size>0x86</size>
         <input_file_ref idref="fl-144"/>
      </object_component>
      <object_component id="oc-6a">
         <name>.text</name>
         <load_address>0x152a</load_address>
         <run_address>0x152a</run_address>
         <size>0x7a</size>
         <input_file_ref idref="fl-138"/>
      </object_component>
      <object_component id="oc-32d">
         <name>.text</name>
         <load_address>0x15a4</load_address>
         <run_address>0x15a4</run_address>
         <size>0x7a</size>
         <input_file_ref idref="fl-147"/>
      </object_component>
      <object_component id="oc-3c">
         <name>.text:IntDefaultHandler</name>
         <load_address>0x161e</load_address>
         <run_address>0x161e</run_address>
         <size>0x2</size>
         <input_file_ref idref="fl-4"/>
      </object_component>
      <object_component id="oc-1be">
         <name>.text:AppHibernateEnter</name>
         <load_address>0x1620</load_address>
         <run_address>0x1620</run_address>
         <size>0x78</size>
         <input_file_ref idref="fl-2"/>
      </object_component>
      <object_component id="oc-42">
         <name>.text:SysTickIntHandler</name>
         <load_address>0x1698</load_address>
         <run_address>0x1698</run_address>
         <size>0x78</size>
         <input_file_ref idref="fl-2"/>
      </object_component>
      <object_component id="oc-7c">
         <name>.text</name>
         <load_address>0x1710</load_address>
         <run_address>0x1710</run_address>
         <size>0x6c</size>
         <input_file_ref idref="fl-142"/>
      </object_component>
      <object_component id="oc-5d">
         <name>.text</name>
         <load_address>0x177c</load_address>
         <run_address>0x177c</run_address>
         <size>0x6a</size>
         <input_file_ref idref="fl-133"/>
      </object_component>
      <object_component id="oc-30">
         <name>.text:NmiSR</name>
         <load_address>0x17e6</load_address>
         <run_address>0x17e6</run_address>
         <size>0x2</size>
         <input_file_ref idref="fl-4"/>
      </object_component>
      <object_component id="oc-19f">
         <name>.text:ButtonsInit</name>
         <load_address>0x17e8</load_address>
         <run_address>0x17e8</run_address>
         <size>0x68</size>
         <input_file_ref idref="fl-8"/>
      </object_component>
      <object_component id="oc-303">
         <name>.text:CMD_help</name>
         <load_address>0x1850</load_address>
         <run_address>0x1850</run_address>
         <size>0x68</size>
         <input_file_ref idref="fl-3"/>
      </object_component>
      <object_component id="oc-281">
         <name>.text:RGBDisable</name>
         <load_address>0x18b8</load_address>
         <run_address>0x18b8</run_address>
         <size>0x68</size>
         <input_file_ref idref="fl-9"/>
      </object_component>
      <object_component id="oc-1d0">
         <name>.text:CmdLineProcess</name>
         <load_address>0x1920</load_address>
         <run_address>0x1920</run_address>
         <size>0x64</size>
         <input_file_ref idref="fl-5"/>
      </object_component>
      <object_component id="oc-151">
         <name>.text:ConfigureUART</name>
         <load_address>0x1984</load_address>
         <run_address>0x1984</run_address>
         <size>0x64</size>
         <input_file_ref idref="fl-2"/>
      </object_component>
      <object_component id="oc-275">
         <name>.text:HibernateWakeSet</name>
         <load_address>0x19e8</load_address>
         <run_address>0x19e8</run_address>
         <size>0x64</size>
         <input_file_ref idref="fl-152"/>
      </object_component>
      <object_component id="oc-1ca">
         <name>.text:UARTgets</name>
         <load_address>0x1a4c</load_address>
         <run_address>0x1a4c</run_address>
         <size>0x54</size>
         <input_file_ref idref="fl-6"/>
      </object_component>
      <object_component id="oc-24">
         <name>.text</name>
         <load_address>0x1aa0</load_address>
         <run_address>0x1aa0</run_address>
         <size>0x50</size>
         <input_file_ref idref="fl-131"/>
      </object_component>
      <object_component id="oc-f4">
         <name>.text</name>
         <load_address>0x1af0</load_address>
         <run_address>0x1af0</run_address>
         <size>0x4c</size>
         <input_file_ref idref="fl-143"/>
      </object_component>
      <object_component id="oc-1c4">
         <name>.text:UARTPeek</name>
         <load_address>0x1b3c</load_address>
         <run_address>0x1b3c</run_address>
         <size>0x44</size>
         <input_file_ref idref="fl-6"/>
      </object_component>
      <object_component id="oc-88">
         <name>.text</name>
         <load_address>0x1b80</load_address>
         <run_address>0x1b80</run_address>
         <size>0x44</size>
         <input_file_ref idref="fl-135"/>
      </object_component>
      <object_component id="oc-2e2">
         <name>.text</name>
         <load_address>0x1bc4</load_address>
         <run_address>0x1bc4</run_address>
         <size>0x42</size>
         <input_file_ref idref="fl-13d"/>
      </object_component>
      <object_component id="oc-37e">
         <name>.text</name>
         <load_address>0x1c08</load_address>
         <run_address>0x1c08</run_address>
         <size>0x40</size>
         <input_file_ref idref="fl-14d"/>
      </object_component>
      <object_component id="oc-315">
         <name>.text:CMD_intensity</name>
         <load_address>0x1c48</load_address>
         <run_address>0x1c48</run_address>
         <size>0x3c</size>
         <input_file_ref idref="fl-3"/>
      </object_component>
      <object_component id="oc-31b">
         <name>.text:CMD_rgb</name>
         <load_address>0x1c84</load_address>
         <run_address>0x1c84</run_address>
         <size>0x3c</size>
         <input_file_ref idref="fl-3"/>
      </object_component>
      <object_component id="oc-2db">
         <name>.text:UARTFlushTx</name>
         <load_address>0x1cc0</load_address>
         <run_address>0x1cc0</run_address>
         <size>0x3c</size>
         <input_file_ref idref="fl-6"/>
      </object_component>
      <object_component id="oc-2a9">
         <name>.text</name>
         <load_address>0x1cfc</load_address>
         <run_address>0x1cfc</run_address>
         <size>0x38</size>
         <input_file_ref idref="fl-146"/>
      </object_component>
      <object_component id="oc-14b">
         <name>.text:SysCtlPeripheralEnable</name>
         <load_address>0x1d34</load_address>
         <run_address>0x1d34</run_address>
         <size>0x34</size>
         <input_file_ref idref="fl-150"/>
      </object_component>
      <object_component id="oc-33b">
         <name>.text</name>
         <load_address>0x1d68</load_address>
         <run_address>0x1d68</run_address>
         <size>0x34</size>
         <input_file_ref idref="fl-14b"/>
      </object_component>
      <object_component id="oc-2b9">
         <name>.text</name>
         <load_address>0x1d9c</load_address>
         <run_address>0x1d9c</run_address>
         <size>0x30</size>
         <input_file_ref idref="fl-149"/>
      </object_component>
      <object_component id="oc-36a">
         <name>.text</name>
         <load_address>0x1dcc</load_address>
         <run_address>0x1dcc</run_address>
         <size>0x2e</size>
         <input_file_ref idref="fl-14c"/>
      </object_component>
      <object_component id="oc-263">
         <name>.text:HibernateRTCSet</name>
         <load_address>0x1dfc</load_address>
         <run_address>0x1dfc</run_address>
         <size>0x2c</size>
         <input_file_ref idref="fl-152"/>
      </object_component>
      <object_component id="oc-2d5">
         <name>.text:UARTFlushRx</name>
         <load_address>0x1e28</load_address>
         <run_address>0x1e28</run_address>
         <size>0x2c</size>
         <input_file_ref idref="fl-6"/>
      </object_component>
      <object_component id="oc-27b">
         <name>.text:HibernateDataSet</name>
         <load_address>0x1e54</load_address>
         <run_address>0x1e54</run_address>
         <size>0x28</size>
         <input_file_ref idref="fl-152"/>
      </object_component>
      <object_component id="oc-17b">
         <name>.text:HibernateDataGet</name>
         <load_address>0x1e7c</load_address>
         <run_address>0x1e7c</run_address>
         <size>0x20</size>
         <input_file_ref idref="fl-152"/>
      </object_component>
      <object_component id="oc-157">
         <name>.text:UARTprintf</name>
         <load_address>0x1e9c</load_address>
         <run_address>0x1e9c</run_address>
         <size>0x1a</size>
         <input_file_ref idref="fl-6"/>
      </object_component>
      <object_component id="oc-25d">
         <name>.text:HibernateGPIORetentionEnable</name>
         <load_address>0x1eb8</load_address>
         <run_address>0x1eb8</run_address>
         <size>0x18</size>
         <input_file_ref idref="fl-152"/>
      </object_component>
      <object_component id="oc-16f">
         <name>.text:HibernateIntStatus</name>
         <load_address>0x1ed0</load_address>
         <run_address>0x1ed0</run_address>
         <size>0x18</size>
         <input_file_ref idref="fl-152"/>
      </object_component>
      <object_component id="oc-c4">
         <name>.text:IsBufferFull</name>
         <load_address>0x1ee8</load_address>
         <run_address>0x1ee8</run_address>
         <size>0x18</size>
         <input_file_ref idref="fl-6"/>
      </object_component>
      <object_component id="oc-82">
         <name>.text</name>
         <load_address>0x1f00</load_address>
         <run_address>0x1f00</run_address>
         <size>0x18</size>
         <input_file_ref idref="fl-141"/>
      </object_component>
      <object_component id="oc-296">
         <name>.text</name>
         <load_address>0x1f18</load_address>
         <run_address>0x1f18</run_address>
         <size>0x18</size>
         <input_file_ref idref="fl-13c"/>
      </object_component>
      <object_component id="oc-187">
         <name>.text:HibernateEnableExpClk</name>
         <load_address>0x1f30</load_address>
         <run_address>0x1f30</run_address>
         <size>0x14</size>
         <input_file_ref idref="fl-152"/>
      </object_component>
      <object_component id="oc-175">
         <name>.text:HibernateIntClear</name>
         <load_address>0x1f44</load_address>
         <run_address>0x1f44</run_address>
         <size>0x14</size>
         <input_file_ref idref="fl-152"/>
      </object_component>
      <object_component id="oc-269">
         <name>.text:HibernateRTCEnable</name>
         <load_address>0x1f58</load_address>
         <run_address>0x1f58</run_address>
         <size>0x14</size>
         <input_file_ref idref="fl-152"/>
      </object_component>
      <object_component id="oc-287">
         <name>.text:HibernateRequest</name>
         <load_address>0x1f6c</load_address>
         <run_address>0x1f6c</run_address>
         <size>0x14</size>
         <input_file_ref idref="fl-152"/>
      </object_component>
      <object_component id="oc-193">
         <name>.text:RGBIntensitySet</name>
         <load_address>0x1f80</load_address>
         <run_address>0x1f80</run_address>
         <size>0x14</size>
         <input_file_ref idref="fl-9"/>
      </object_component>
      <object_component id="oc-163">
         <name>.text:SysCtlResetCauseClear</name>
         <load_address>0x1f94</load_address>
         <run_address>0x1f94</run_address>
         <size>0x14</size>
         <input_file_ref idref="fl-150"/>
      </object_component>
      <object_component id="oc-1ab">
         <name>.text:SysTickEnable</name>
         <load_address>0x1fa8</load_address>
         <run_address>0x1fa8</run_address>
         <size>0x14</size>
         <input_file_ref idref="fl-14f"/>
      </object_component>
      <object_component id="oc-1b1">
         <name>.text:SysTickIntEnable</name>
         <load_address>0x1fbc</load_address>
         <run_address>0x1fbc</run_address>
         <size>0x14</size>
         <input_file_ref idref="fl-14f"/>
      </object_component>
      <object_component id="oc-1e1">
         <name>.text</name>
         <load_address>0x1fd0</load_address>
         <run_address>0x1fd0</run_address>
         <size>0x14</size>
         <input_file_ref idref="fl-140"/>
      </object_component>
      <object_component id="oc-28e">
         <name>.text:GetBufferCount</name>
         <load_address>0x1fe4</load_address>
         <run_address>0x1fe4</run_address>
         <size>0x12</size>
         <input_file_ref idref="fl-6"/>
      </object_component>
      <object_component id="oc-30f">
         <name>.text:CMD_rand</name>
         <load_address>0x1ff8</load_address>
         <run_address>0x1ff8</run_address>
         <size>0x10</size>
         <input_file_ref idref="fl-3"/>
      </object_component>
      <object_component id="oc-169">
         <name>.text:HibernateIsActive</name>
         <load_address>0x2008</load_address>
         <run_address>0x2008</run_address>
         <size>0x10</size>
         <input_file_ref idref="fl-152"/>
      </object_component>
      <object_component id="oc-26f">
         <name>.text:HibernateRTCMatchSet</name>
         <load_address>0x2018</load_address>
         <run_address>0x2018</run_address>
         <size>0x10</size>
         <input_file_ref idref="fl-152"/>
      </object_component>
      <object_component id="oc-1a5">
         <name>.text:SysTickPeriodSet</name>
         <load_address>0x2028</load_address>
         <run_address>0x2028</run_address>
         <size>0x10</size>
         <input_file_ref idref="fl-14f"/>
      </object_component>
      <object_component id="oc-241">
         <name>.text:_HibernateWriteComplete</name>
         <load_address>0x2038</load_address>
         <run_address>0x2038</run_address>
         <size>0x10</size>
         <input_file_ref idref="fl-152"/>
      </object_component>
      <object_component id="oc-b8">
         <name>.text:IsBufferEmpty</name>
         <load_address>0x2048</load_address>
         <run_address>0x2048</run_address>
         <size>0xe</size>
         <input_file_ref idref="fl-6"/>
      </object_component>
      <object_component id="oc-12">
         <name>.text:decompress:none</name>
         <load_address>0x2056</load_address>
         <run_address>0x2056</run_address>
         <size>0xe</size>
         <input_file_ref idref="fl-132"/>
      </object_component>
      <object_component id="oc-256">
         <name>.text:CPUcpsie</name>
         <load_address>0x2064</load_address>
         <run_address>0x2064</run_address>
         <size>0xc</size>
         <input_file_ref idref="fl-153"/>
      </object_component>
      <object_component id="oc-15d">
         <name>.text:SysCtlResetCauseGet</name>
         <load_address>0x2070</load_address>
         <run_address>0x2070</run_address>
         <size>0xc</size>
         <input_file_ref idref="fl-150"/>
      </object_component>
      <object_component id="oc-1e">
         <name>.text:decompress:ZI</name>
         <load_address>0x207c</load_address>
         <run_address>0x207c</run_address>
         <size>0xc</size>
         <input_file_ref idref="fl-134"/>
      </object_component>
      <object_component id="oc-309">
         <name>.text:CMD_hib</name>
         <load_address>0x2088</load_address>
         <run_address>0x2088</run_address>
         <size>0xa</size>
         <input_file_ref idref="fl-3"/>
      </object_component>
      <object_component id="oc-1b7">
         <name>.text:IntMasterEnable</name>
         <load_address>0x2092</load_address>
         <run_address>0x2092</run_address>
         <size>0xa</size>
         <input_file_ref idref="fl-151"/>
      </object_component>
      <object_component id="oc-2a">
         <name>.text:ResetISR</name>
         <load_address>0x209c</load_address>
         <run_address>0x209c</run_address>
         <size>0x6</size>
         <input_file_ref idref="fl-4"/>
      </object_component>
      <object_component id="oc-1bd">
         <name>.text:SysCtlDelay</name>
         <load_address>0x20a2</load_address>
         <run_address>0x20a2</run_address>
         <size>0x6</size>
         <input_file_ref idref="fl-150"/>
      </object_component>
      <object_component id="oc-21e">
         <name>.text:UARTClockSourceSet</name>
         <load_address>0x20a8</load_address>
         <run_address>0x20a8</run_address>
         <size>0x6</size>
         <input_file_ref idref="fl-14e"/>
      </object_component>
      <object_component id="oc-18">
         <name>.text:decompress:rle24</name>
         <load_address>0x20ae</load_address>
         <run_address>0x20ae</run_address>
         <size>0x6</size>
         <input_file_ref idref="fl-133"/>
      </object_component>
      <object_component id="oc-11c">
         <name>.text</name>
         <load_address>0x20b4</load_address>
         <run_address>0x20b4</run_address>
         <size>0x6</size>
         <input_file_ref idref="fl-13a"/>
      </object_component>
      <object_component id="oc-76">
         <name>.text</name>
         <load_address>0x20ba</load_address>
         <run_address>0x20ba</run_address>
         <size>0x4</size>
         <input_file_ref idref="fl-139"/>
      </object_component>
      <object_component id="oc-302">
         <name>.const:.string</name>
         <load_address>0x20c0</load_address>
         <run_address>0x20c0</run_address>
         <size>0xdc</size>
         <input_file_ref idref="fl-3"/>
      </object_component>
      <object_component id="oc-249">
         <name>.const:g_pui32Xtals</name>
         <load_address>0x219c</load_address>
         <run_address>0x219c</run_address>
         <size>0x6c</size>
         <input_file_ref idref="fl-150"/>
      </object_component>
      <object_component id="oc-2c2">
         <name>.const</name>
         <load_address>0x2208</load_address>
         <run_address>0x2208</run_address>
         <size>0x28</size>
         <input_file_ref idref="fl-13e"/>
      </object_component>
      <object_component id="oc-12d">
         <name>.const</name>
         <load_address>0x2230</load_address>
         <run_address>0x2230</run_address>
         <size>0x28</size>
         <input_file_ref idref="fl-6"/>
      </object_component>
      <object_component id="oc-20b">
         <name>.const:.string</name>
         <load_address>0x2258</load_address>
         <run_address>0x2258</run_address>
         <size>0x12</size>
         <input_file_ref idref="fl-6"/>
      </object_component>
      <object_component id="oc-3cb">
         <name>.cinit..data.load</name>
         <load_address>0x2270</load_address>
         <run_address>0x2270</run_address>
         <size>0x9a</size>
      </object_component>
      <object_component id="oc-3c9">
         <name>__TI_handler_table</name>
         <load_address>0x230c</load_address>
         <run_address>0x230c</run_address>
         <size>0xc</size>
      </object_component>
      <object_component id="oc-3cc">
         <name>.cinit..bss.load</name>
         <load_address>0x2318</load_address>
         <run_address>0x2318</run_address>
         <size>0x8</size>
      </object_component>
      <object_component id="oc-3ca">
         <name>__TI_cinit_table</name>
         <load_address>0x2320</load_address>
         <run_address>0x2320</run_address>
         <size>0x10</size>
      </object_component>
      <object_component id="oc-29">
         <name>.stack</name>
         <uninitialized>true</uninitialized>
         <run_address>0x20000000</run_address>
         <size>0x0</size>
         <input_file_ref idref="fl-131"/>
      </object_component>
      <object_component id="oc-3cd">
         <name>.stack</name>
         <uninitialized>true</uninitialized>
         <run_address>0x20000000</run_address>
         <size>0x0</size>
      </object_component>
      <object_component id="oc-1d6">
         <name>.bss:g_cInput</name>
         <uninitialized>true</uninitialized>
         <run_address>0x20000c00</run_address>
         <size>0x80</size>
         <input_file_ref idref="fl-2"/>
      </object_component>
      <object_component id="oc-a9">
         <name>.bss:g_sAppState</name>
         <uninitialized>true</uninitialized>
         <run_address>0x20000d24</run_address>
         <size>0x24</size>
         <input_file_ref idref="fl-2"/>
      </object_component>
      <object_component id="oc-29c">
         <name>.bss:g_ppcArgv</name>
         <uninitialized>true</uninitialized>
         <run_address>0x20000d00</run_address>
         <size>0x24</size>
         <input_file_ref idref="fl-5"/>
      </object_component>
      <object_component id="oc-130">
         <name>.bss:g_pcUARTTxBuffer</name>
         <uninitialized>true</uninitialized>
         <run_address>0x20000800</run_address>
         <size>0x400</size>
         <input_file_ref idref="fl-6"/>
      </object_component>
      <object_component id="oc-d0">
         <name>.bss:g_pcUARTRxBuffer</name>
         <uninitialized>true</uninitialized>
         <run_address>0x20000c80</run_address>
         <size>0x80</size>
         <input_file_ref idref="fl-6"/>
      </object_component>
      <object_component id="oc-115">
         <name>.common:ui32HibModeEntryCount</name>
         <uninitialized>true</uninitialized>
         <run_address>0x20000d5c</run_address>
         <size>0x4</size>
      </object_component>
      <object_component id="oc-114">
         <name>.common:ui32TickCounter$1</name>
         <uninitialized>true</uninitialized>
         <run_address>0x20000d60</run_address>
         <size>0x4</size>
      </object_component>
      <object_component id="oc-128">
         <name>.common:fPrevPos$2</name>
         <uninitialized>true</uninitialized>
         <run_address>0x20000d54</run_address>
         <size>0x4</size>
      </object_component>
      <object_component id="oc-a8">
         <name>.common:x$3</name>
         <uninitialized>true</uninitialized>
         <run_address>0x20000d64</run_address>
         <size>0x4</size>
      </object_component>
      <object_component id="oc-cd">
         <name>.common:g_bDisableEcho</name>
         <uninitialized>true</uninitialized>
         <run_address>0x20000d68</run_address>
         <size>0x1</size>
      </object_component>
      <object_component id="oc-12c">
         <name>.common:g_ui32PortNum</name>
         <uninitialized>true</uninitialized>
         <run_address>0x20000d58</run_address>
         <size>0x4</size>
      </object_component>
      <object_component id="oc-207">
         <name>.common:g_ui32Colors</name>
         <uninitialized>true</uninitialized>
         <run_address>0x20000d48</run_address>
         <size>0xc</size>
      </object_component>
      <object_component id="oc-118">
         <name>.data</name>
         <load_address>0x20000ed0</load_address>
         <run_address>0x20000ed0</run_address>
         <size>0x1c</size>
         <input_file_ref idref="fl-2"/>
      </object_component>
      <object_component id="oc-29f">
         <name>.data:g_psCmdTable</name>
         <load_address>0x20000e88</load_address>
         <run_address>0x20000e88</run_address>
         <size>0x48</size>
         <input_file_ref idref="fl-3"/>
      </object_component>
      <object_component id="oc-ca">
         <name>.data</name>
         <load_address>0x20000eec</load_address>
         <run_address>0x20000eec</run_address>
         <size>0x15</size>
         <input_file_ref idref="fl-6"/>
      </object_component>
      <object_component id="oc-10f">
         <name>.data</name>
         <load_address>0x20000f01</load_address>
         <run_address>0x20000f01</run_address>
         <size>0x3</size>
         <input_file_ref idref="fl-8"/>
      </object_component>
      <object_component id="oc-204">
         <name>.data</name>
         <load_address>0x20000f1c</load_address>
         <run_address>0x20000f1c</run_address>
         <size>0x4</size>
         <input_file_ref idref="fl-9"/>
      </object_component>
      <object_component id="oc-107">
         <name>.data</name>
         <load_address>0x20000f0c</load_address>
         <run_address>0x20000f0c</run_address>
         <size>0x8</size>
         <input_file_ref idref="fl-135"/>
      </object_component>
      <object_component id="oc-8e">
         <name>.data</name>
         <load_address>0x20000f24</load_address>
         <run_address>0x20000f24</run_address>
         <size>0x4</size>
         <input_file_ref idref="fl-13b"/>
      </object_component>
      <object_component id="oc-2bf">
         <name>.data</name>
         <load_address>0x20000e20</load_address>
         <run_address>0x20000e20</run_address>
         <size>0x68</size>
         <input_file_ref idref="fl-13f"/>
      </object_component>
      <object_component id="oc-104">
         <name>.data</name>
         <load_address>0x20000f04</load_address>
         <run_address>0x20000f04</run_address>
         <size>0x8</size>
         <input_file_ref idref="fl-140"/>
      </object_component>
      <object_component id="oc-341">
         <name>.data</name>
         <load_address>0x20000f20</load_address>
         <run_address>0x20000f20</run_address>
         <size>0x4</size>
         <input_file_ref idref="fl-14a"/>
      </object_component>
      <object_component id="oc-370">
         <name>.data</name>
         <load_address>0x20000f14</load_address>
         <run_address>0x20000f14</run_address>
         <size>0x8</size>
         <input_file_ref idref="fl-14b"/>
      </object_component>
      <object_component id="oc-396">
         <name>.data:sigtable</name>
         <load_address>0x20000d70</load_address>
         <run_address>0x20000d70</run_address>
         <size>0xb0</size>
         <input_file_ref idref="fl-14d"/>
      </object_component>
      <object_component id="oc-116">
         <name>.debug_info</name>
         <load_address>0x0</load_address>
         <run_address>0x0</run_address>
         <size>0x848</size>
         <input_file_ref idref="fl-2"/>
      </object_component>
      <object_component id="oc-119">
         <name>.debug_info</name>
         <load_address>0x848</load_address>
         <run_address>0x848</run_address>
         <size>0xcd</size>
         <input_file_ref idref="fl-2"/>
      </object_component>
      <object_component id="oc-1d7">
         <name>.debug_info</name>
         <load_address>0x915</load_address>
         <run_address>0x915</run_address>
         <size>0xc3</size>
         <input_file_ref idref="fl-2"/>
      </object_component>
      <object_component id="oc-aa">
         <name>.debug_info</name>
         <load_address>0x9d8</load_address>
         <run_address>0x9d8</run_address>
         <size>0xca</size>
         <input_file_ref idref="fl-2"/>
      </object_component>
      <object_component id="oc-152">
         <name>.debug_info</name>
         <load_address>0xaa2</load_address>
         <run_address>0xaa2</run_address>
         <size>0x151</size>
         <input_file_ref idref="fl-2"/>
      </object_component>
      <object_component id="oc-a3">
         <name>.debug_info</name>
         <load_address>0xbf3</load_address>
         <run_address>0xbf3</run_address>
         <size>0x1ed</size>
         <input_file_ref idref="fl-2"/>
      </object_component>
      <object_component id="oc-1bf">
         <name>.debug_info</name>
         <load_address>0xde0</load_address>
         <run_address>0xde0</run_address>
         <size>0x235</size>
         <input_file_ref idref="fl-2"/>
      </object_component>
      <object_component id="oc-fd">
         <name>.debug_info</name>
         <load_address>0x1015</load_address>
         <run_address>0x1015</run_address>
         <size>0x454</size>
         <input_file_ref idref="fl-2"/>
      </object_component>
      <object_component id="oc-9d">
         <name>.debug_info</name>
         <load_address>0x1469</load_address>
         <run_address>0x1469</run_address>
         <size>0x13c</size>
         <input_file_ref idref="fl-2"/>
      </object_component>
      <object_component id="oc-43">
         <name>.debug_info</name>
         <load_address>0x15a5</load_address>
         <run_address>0x15a5</run_address>
         <size>0x152</size>
         <input_file_ref idref="fl-2"/>
      </object_component>
      <object_component id="oc-1f5">
         <name>.debug_info</name>
         <load_address>0x16f7</load_address>
         <run_address>0x16f7</run_address>
         <size>0xc2</size>
         <input_file_ref idref="fl-2"/>
      </object_component>
      <object_component id="oc-391">
         <name>.debug_info</name>
         <load_address>0x17b9</load_address>
         <run_address>0x17b9</run_address>
         <size>0x16f</size>
         <input_file_ref idref="fl-2"/>
      </object_component>
      <object_component id="oc-326">
         <name>.debug_info</name>
         <load_address>0x1928</load_address>
         <run_address>0x1928</run_address>
         <size>0x7f</size>
         <input_file_ref idref="fl-2"/>
      </object_component>
      <object_component id="oc-ad">
         <name>.debug_info</name>
         <load_address>0x19a7</load_address>
         <run_address>0x19a7</run_address>
         <size>0x8b</size>
         <input_file_ref idref="fl-2"/>
      </object_component>
      <object_component id="oc-d4">
         <name>.debug_info</name>
         <load_address>0x1a32</load_address>
         <run_address>0x1a32</run_address>
         <size>0x18b</size>
         <input_file_ref idref="fl-2"/>
      </object_component>
      <object_component id="oc-232">
         <name>.debug_info</name>
         <load_address>0x1bbd</load_address>
         <run_address>0x1bbd</run_address>
         <size>0x4e</size>
         <input_file_ref idref="fl-2"/>
      </object_component>
      <object_component id="oc-323">
         <name>.debug_info</name>
         <load_address>0x1c0b</load_address>
         <run_address>0x1c0b</run_address>
         <size>0x230</size>
         <input_file_ref idref="fl-3"/>
      </object_component>
      <object_component id="oc-2a0">
         <name>.debug_info</name>
         <load_address>0x1e3b</load_address>
         <run_address>0x1e3b</run_address>
         <size>0xd2</size>
         <input_file_ref idref="fl-3"/>
      </object_component>
      <object_component id="oc-31d">
         <name>.debug_info</name>
         <load_address>0x1f0d</load_address>
         <run_address>0x1f0d</run_address>
         <size>0x18e</size>
         <input_file_ref idref="fl-3"/>
      </object_component>
      <object_component id="oc-310">
         <name>.debug_info</name>
         <load_address>0x209b</load_address>
         <run_address>0x209b</run_address>
         <size>0x12a</size>
         <input_file_ref idref="fl-3"/>
      </object_component>
      <object_component id="oc-316">
         <name>.debug_info</name>
         <load_address>0x21c5</load_address>
         <run_address>0x21c5</run_address>
         <size>0x19e</size>
         <input_file_ref idref="fl-3"/>
      </object_component>
      <object_component id="oc-30a">
         <name>.debug_info</name>
         <load_address>0x2363</load_address>
         <run_address>0x2363</run_address>
         <size>0x140</size>
         <input_file_ref idref="fl-3"/>
      </object_component>
      <object_component id="oc-304">
         <name>.debug_info</name>
         <load_address>0x24a3</load_address>
         <run_address>0x24a3</run_address>
         <size>0x15d</size>
         <input_file_ref idref="fl-3"/>
      </object_component>
      <object_component id="oc-db">
         <name>.debug_info</name>
         <load_address>0x2600</load_address>
         <run_address>0x2600</run_address>
         <size>0x84</size>
         <input_file_ref idref="fl-3"/>
      </object_component>
      <object_component id="oc-50">
         <name>.debug_info</name>
         <load_address>0x2684</load_address>
         <run_address>0x2684</run_address>
         <size>0x144</size>
         <input_file_ref idref="fl-4"/>
      </object_component>
      <object_component id="oc-10">
         <name>.debug_info</name>
         <load_address>0x27c8</load_address>
         <run_address>0x27c8</run_address>
         <size>0xd1</size>
         <input_file_ref idref="fl-4"/>
      </object_component>
      <object_component id="oc-2d">
         <name>.debug_info</name>
         <load_address>0x2899</load_address>
         <run_address>0x2899</run_address>
         <size>0x101</size>
         <input_file_ref idref="fl-4"/>
      </object_component>
      <object_component id="oc-33">
         <name>.debug_info</name>
         <load_address>0x299a</load_address>
         <run_address>0x299a</run_address>
         <size>0xf2</size>
         <input_file_ref idref="fl-4"/>
      </object_component>
      <object_component id="oc-3d">
         <name>.debug_info</name>
         <load_address>0x2a8c</load_address>
         <run_address>0x2a8c</run_address>
         <size>0x10a</size>
         <input_file_ref idref="fl-4"/>
      </object_component>
      <object_component id="oc-38">
         <name>.debug_info</name>
         <load_address>0x2b96</load_address>
         <run_address>0x2b96</run_address>
         <size>0xf8</size>
         <input_file_ref idref="fl-4"/>
      </object_component>
      <object_component id="oc-2a3">
         <name>.debug_info</name>
         <load_address>0x2c8e</load_address>
         <run_address>0x2c8e</run_address>
         <size>0x173</size>
         <input_file_ref idref="fl-5"/>
      </object_component>
      <object_component id="oc-29d">
         <name>.debug_info</name>
         <load_address>0x2e01</load_address>
         <run_address>0x2e01</run_address>
         <size>0xed</size>
         <input_file_ref idref="fl-5"/>
      </object_component>
      <object_component id="oc-1d1">
         <name>.debug_info</name>
         <load_address>0x2eee</load_address>
         <run_address>0x2eee</run_address>
         <size>0x232</size>
         <input_file_ref idref="fl-5"/>
      </object_component>
      <object_component id="oc-eb">
         <name>.debug_info</name>
         <load_address>0x3120</load_address>
         <run_address>0x3120</run_address>
         <size>0x2c</size>
         <input_file_ref idref="fl-5"/>
      </object_component>
      <object_component id="oc-ce">
         <name>.debug_info</name>
         <load_address>0x314c</load_address>
         <run_address>0x314c</run_address>
         <size>0x19d</size>
         <input_file_ref idref="fl-6"/>
      </object_component>
      <object_component id="oc-131">
         <name>.debug_info</name>
         <load_address>0x32e9</load_address>
         <run_address>0x32e9</run_address>
         <size>0xfd</size>
         <input_file_ref idref="fl-6"/>
      </object_component>
      <object_component id="oc-cb">
         <name>.debug_info</name>
         <load_address>0x33e6</load_address>
         <run_address>0x33e6</run_address>
         <size>0x1dd</size>
         <input_file_ref idref="fl-6"/>
      </object_component>
      <object_component id="oc-d1">
         <name>.debug_info</name>
         <load_address>0x35c3</load_address>
         <run_address>0x35c3</run_address>
         <size>0xfd</size>
         <input_file_ref idref="fl-6"/>
      </object_component>
      <object_component id="oc-12e">
         <name>.debug_info</name>
         <load_address>0x36c0</load_address>
         <run_address>0x36c0</run_address>
         <size>0x171</size>
         <input_file_ref idref="fl-6"/>
      </object_component>
      <object_component id="oc-c5">
         <name>.debug_info</name>
         <load_address>0x3831</load_address>
         <run_address>0x3831</run_address>
         <size>0x251</size>
         <input_file_ref idref="fl-6"/>
      </object_component>
      <object_component id="oc-ba">
         <name>.debug_info</name>
         <load_address>0x3a82</load_address>
         <run_address>0x3a82</run_address>
         <size>0x221</size>
         <input_file_ref idref="fl-6"/>
      </object_component>
      <object_component id="oc-b4">
         <name>.debug_info</name>
         <load_address>0x3ca3</load_address>
         <run_address>0x3ca3</run_address>
         <size>0x1fa</size>
         <input_file_ref idref="fl-6"/>
      </object_component>
      <object_component id="oc-bf">
         <name>.debug_info</name>
         <load_address>0x3e9d</load_address>
         <run_address>0x3e9d</run_address>
         <size>0x237</size>
         <input_file_ref idref="fl-6"/>
      </object_component>
      <object_component id="oc-22c">
         <name>.debug_info</name>
         <load_address>0x40d4</load_address>
         <run_address>0x40d4</run_address>
         <size>0x31e</size>
         <input_file_ref idref="fl-6"/>
      </object_component>
      <object_component id="oc-158">
         <name>.debug_info</name>
         <load_address>0x43f2</load_address>
         <run_address>0x43f2</run_address>
         <size>0x1b9</size>
         <input_file_ref idref="fl-6"/>
      </object_component>
      <object_component id="oc-1cb">
         <name>.debug_info</name>
         <load_address>0x45ab</load_address>
         <run_address>0x45ab</run_address>
         <size>0x20d</size>
         <input_file_ref idref="fl-6"/>
      </object_component>
      <object_component id="oc-28f">
         <name>.debug_info</name>
         <load_address>0x47b8</load_address>
         <run_address>0x47b8</run_address>
         <size>0x258</size>
         <input_file_ref idref="fl-6"/>
      </object_component>
      <object_component id="oc-49">
         <name>.debug_info</name>
         <load_address>0x4a10</load_address>
         <run_address>0x4a10</run_address>
         <size>0x2b5</size>
         <input_file_ref idref="fl-6"/>
      </object_component>
      <object_component id="oc-2d6">
         <name>.debug_info</name>
         <load_address>0x4cc5</load_address>
         <run_address>0x4cc5</run_address>
         <size>0x19e</size>
         <input_file_ref idref="fl-6"/>
      </object_component>
      <object_component id="oc-2dc">
         <name>.debug_info</name>
         <load_address>0x4e63</load_address>
         <run_address>0x4e63</run_address>
         <size>0x1ea</size>
         <input_file_ref idref="fl-6"/>
      </object_component>
      <object_component id="oc-225">
         <name>.debug_info</name>
         <load_address>0x504d</load_address>
         <run_address>0x504d</run_address>
         <size>0x28f</size>
         <input_file_ref idref="fl-6"/>
      </object_component>
      <object_component id="oc-1c5">
         <name>.debug_info</name>
         <load_address>0x52dc</load_address>
         <run_address>0x52dc</run_address>
         <size>0x203</size>
         <input_file_ref idref="fl-6"/>
      </object_component>
      <object_component id="oc-379">
         <name>.debug_info</name>
         <load_address>0x54df</load_address>
         <run_address>0x54df</run_address>
         <size>0x168</size>
         <input_file_ref idref="fl-7"/>
      </object_component>
      <object_component id="oc-35b">
         <name>.debug_info</name>
         <load_address>0x5647</load_address>
         <run_address>0x5647</run_address>
         <size>0x246</size>
         <input_file_ref idref="fl-7"/>
      </object_component>
      <object_component id="oc-113">
         <name>.debug_info</name>
         <load_address>0x588d</load_address>
         <run_address>0x588d</run_address>
         <size>0x102</size>
         <input_file_ref idref="fl-8"/>
      </object_component>
      <object_component id="oc-110">
         <name>.debug_info</name>
         <load_address>0x598f</load_address>
         <run_address>0x598f</run_address>
         <size>0x11d</size>
         <input_file_ref idref="fl-8"/>
      </object_component>
      <object_component id="oc-97">
         <name>.debug_info</name>
         <load_address>0x5aac</load_address>
         <run_address>0x5aac</run_address>
         <size>0x2e1</size>
         <input_file_ref idref="fl-8"/>
      </object_component>
      <object_component id="oc-1a0">
         <name>.debug_info</name>
         <load_address>0x5d8d</load_address>
         <run_address>0x5d8d</run_address>
         <size>0x1ec</size>
         <input_file_ref idref="fl-8"/>
      </object_component>
      <object_component id="oc-208">
         <name>.debug_info</name>
         <load_address>0x5f79</load_address>
         <run_address>0x5f79</run_address>
         <size>0x177</size>
         <input_file_ref idref="fl-9"/>
      </object_component>
      <object_component id="oc-205">
         <name>.debug_info</name>
         <load_address>0x60f0</load_address>
         <run_address>0x60f0</run_address>
         <size>0x10f</size>
         <input_file_ref idref="fl-9"/>
      </object_component>
      <object_component id="oc-124">
         <name>.debug_info</name>
         <load_address>0x61ff</load_address>
         <run_address>0x61ff</run_address>
         <size>0x23e</size>
         <input_file_ref idref="fl-9"/>
      </object_component>
      <object_component id="oc-194">
         <name>.debug_info</name>
         <load_address>0x643d</load_address>
         <run_address>0x643d</run_address>
         <size>0x217</size>
         <input_file_ref idref="fl-9"/>
      </object_component>
      <object_component id="oc-19a">
         <name>.debug_info</name>
         <load_address>0x6654</load_address>
         <run_address>0x6654</run_address>
         <size>0x214</size>
         <input_file_ref idref="fl-9"/>
      </object_component>
      <object_component id="oc-18e">
         <name>.debug_info</name>
         <load_address>0x6868</load_address>
         <run_address>0x6868</run_address>
         <size>0x253</size>
         <input_file_ref idref="fl-9"/>
      </object_component>
      <object_component id="oc-282">
         <name>.debug_info</name>
         <load_address>0x6abb</load_address>
         <run_address>0x6abb</run_address>
         <size>0x1ec</size>
         <input_file_ref idref="fl-9"/>
      </object_component>
      <object_component id="oc-26">
         <name>.debug_info</name>
         <load_address>0x6ca7</load_address>
         <run_address>0x6ca7</run_address>
         <size>0x138</size>
         <input_file_ref idref="fl-131"/>
      </object_component>
      <object_component id="oc-5c">
         <name>.debug_info</name>
         <load_address>0x6ddf</load_address>
         <run_address>0x6ddf</run_address>
         <size>0x123</size>
         <input_file_ref idref="fl-132"/>
      </object_component>
      <object_component id="oc-13">
         <name>.debug_info</name>
         <load_address>0x6f02</load_address>
         <run_address>0x6f02</run_address>
         <size>0x1c2</size>
         <input_file_ref idref="fl-132"/>
      </object_component>
      <object_component id="oc-57">
         <name>.debug_info</name>
         <load_address>0x70c4</load_address>
         <run_address>0x70c4</run_address>
         <size>0x46</size>
         <input_file_ref idref="fl-132"/>
      </object_component>
      <object_component id="oc-e1">
         <name>.debug_info</name>
         <load_address>0x710a</load_address>
         <run_address>0x710a</run_address>
         <size>0x2c</size>
         <input_file_ref idref="fl-132"/>
      </object_component>
      <object_component id="oc-64">
         <name>.debug_info</name>
         <load_address>0x7136</load_address>
         <run_address>0x7136</run_address>
         <size>0x117</size>
         <input_file_ref idref="fl-133"/>
      </object_component>
      <object_component id="oc-5e">
         <name>.debug_info</name>
         <load_address>0x724d</load_address>
         <run_address>0x724d</run_address>
         <size>0x22a</size>
         <input_file_ref idref="fl-133"/>
      </object_component>
      <object_component id="oc-1b">
         <name>.debug_info</name>
         <load_address>0x7477</load_address>
         <run_address>0x7477</run_address>
         <size>0x1bc</size>
         <input_file_ref idref="fl-133"/>
      </object_component>
      <object_component id="oc-65">
         <name>.debug_info</name>
         <load_address>0x7633</load_address>
         <run_address>0x7633</run_address>
         <size>0x39</size>
         <input_file_ref idref="fl-133"/>
      </object_component>
      <object_component id="oc-75">
         <name>.debug_info</name>
         <load_address>0x766c</load_address>
         <run_address>0x766c</run_address>
         <size>0x112</size>
         <input_file_ref idref="fl-134"/>
      </object_component>
      <object_component id="oc-1f">
         <name>.debug_info</name>
         <load_address>0x777e</load_address>
         <run_address>0x777e</run_address>
         <size>0x18d</size>
         <input_file_ref idref="fl-134"/>
      </object_component>
      <object_component id="oc-70">
         <name>.debug_info</name>
         <load_address>0x790b</load_address>
         <run_address>0x790b</run_address>
         <size>0x46</size>
         <input_file_ref idref="fl-134"/>
      </object_component>
      <object_component id="oc-10b">
         <name>.debug_info</name>
         <load_address>0x7951</load_address>
         <run_address>0x7951</run_address>
         <size>0x174</size>
         <input_file_ref idref="fl-135"/>
      </object_component>
      <object_component id="oc-108">
         <name>.debug_info</name>
         <load_address>0x7ac5</load_address>
         <run_address>0x7ac5</run_address>
         <size>0x119</size>
         <input_file_ref idref="fl-135"/>
      </object_component>
      <object_component id="oc-8b">
         <name>.debug_info</name>
         <load_address>0x7bde</load_address>
         <run_address>0x7bde</run_address>
         <size>0x1f0</size>
         <input_file_ref idref="fl-135"/>
      </object_component>
      <object_component id="oc-54">
         <name>.debug_info</name>
         <load_address>0x7dce</load_address>
         <run_address>0x7dce</run_address>
         <size>0xfa</size>
         <input_file_ref idref="fl-137"/>
      </object_component>
      <object_component id="oc-6b">
         <name>.debug_info</name>
         <load_address>0x7ec8</load_address>
         <run_address>0x7ec8</run_address>
         <size>0x12a</size>
         <input_file_ref idref="fl-138"/>
      </object_component>
      <object_component id="oc-77">
         <name>.debug_info</name>
         <load_address>0x7ff2</load_address>
         <run_address>0x7ff2</run_address>
         <size>0x12b</size>
         <input_file_ref idref="fl-139"/>
      </object_component>
      <object_component id="oc-203">
         <name>.debug_info</name>
         <load_address>0x811d</load_address>
         <run_address>0x811d</run_address>
         <size>0x14f</size>
         <input_file_ref idref="fl-13a"/>
      </object_component>
      <object_component id="oc-120">
         <name>.debug_info</name>
         <load_address>0x826c</load_address>
         <run_address>0x826c</run_address>
         <size>0x127</size>
         <input_file_ref idref="fl-13a"/>
      </object_component>
      <object_component id="oc-8f">
         <name>.debug_info</name>
         <load_address>0x8393</load_address>
         <run_address>0x8393</run_address>
         <size>0xec</size>
         <input_file_ref idref="fl-13b"/>
      </object_component>
      <object_component id="oc-2ff">
         <name>.debug_info</name>
         <load_address>0x847f</load_address>
         <run_address>0x847f</run_address>
         <size>0xc8</size>
         <input_file_ref idref="fl-13c"/>
      </object_component>
      <object_component id="oc-298">
         <name>.debug_info</name>
         <load_address>0x8547</load_address>
         <run_address>0x8547</run_address>
         <size>0x20b</size>
         <input_file_ref idref="fl-13c"/>
      </object_component>
      <object_component id="oc-2e3">
         <name>.debug_info</name>
         <load_address>0x8752</load_address>
         <run_address>0x8752</run_address>
         <size>0x165</size>
         <input_file_ref idref="fl-13d"/>
      </object_component>
      <object_component id="oc-34e">
         <name>.debug_info</name>
         <load_address>0x88b7</load_address>
         <run_address>0x88b7</run_address>
         <size>0x1de</size>
         <input_file_ref idref="fl-13e"/>
      </object_component>
      <object_component id="oc-2c3">
         <name>.debug_info</name>
         <load_address>0x8a95</load_address>
         <run_address>0x8a95</run_address>
         <size>0x140</size>
         <input_file_ref idref="fl-13e"/>
      </object_component>
      <object_component id="oc-1fd">
         <name>.debug_info</name>
         <load_address>0x8bd5</load_address>
         <run_address>0x8bd5</run_address>
         <size>0x1e2</size>
         <input_file_ref idref="fl-13e"/>
      </object_component>
      <object_component id="oc-347">
         <name>.debug_info</name>
         <load_address>0x8db7</load_address>
         <run_address>0x8db7</run_address>
         <size>0x86</size>
         <input_file_ref idref="fl-13e"/>
      </object_component>
      <object_component id="oc-2c0">
         <name>.debug_info</name>
         <load_address>0x8e3d</load_address>
         <run_address>0x8e3d</run_address>
         <size>0x1a7</size>
         <input_file_ref idref="fl-13f"/>
      </object_component>
      <object_component id="oc-1e9">
         <name>.debug_info</name>
         <load_address>0x8fe4</load_address>
         <run_address>0x8fe4</run_address>
         <size>0x107</size>
         <input_file_ref idref="fl-140"/>
      </object_component>
      <object_component id="oc-105">
         <name>.debug_info</name>
         <load_address>0x90eb</load_address>
         <run_address>0x90eb</run_address>
         <size>0xf6</size>
         <input_file_ref idref="fl-140"/>
      </object_component>
      <object_component id="oc-1e5">
         <name>.debug_info</name>
         <load_address>0x91e1</load_address>
         <run_address>0x91e1</run_address>
         <size>0x202</size>
         <input_file_ref idref="fl-140"/>
      </object_component>
      <object_component id="oc-103">
         <name>.debug_info</name>
         <load_address>0x93e3</load_address>
         <run_address>0x93e3</run_address>
         <size>0x149</size>
         <input_file_ref idref="fl-141"/>
      </object_component>
      <object_component id="oc-84">
         <name>.debug_info</name>
         <load_address>0x952c</load_address>
         <run_address>0x952c</run_address>
         <size>0x14a</size>
         <input_file_ref idref="fl-141"/>
      </object_component>
      <object_component id="oc-1dc">
         <name>.debug_info</name>
         <load_address>0x9676</load_address>
         <run_address>0x9676</run_address>
         <size>0x5e</size>
         <input_file_ref idref="fl-141"/>
      </object_component>
      <object_component id="oc-fb">
         <name>.debug_info</name>
         <load_address>0x96d4</load_address>
         <run_address>0x96d4</run_address>
         <size>0x2a0</size>
         <input_file_ref idref="fl-142"/>
      </object_component>
      <object_component id="oc-7d">
         <name>.debug_info</name>
         <load_address>0x9974</load_address>
         <run_address>0x9974</run_address>
         <size>0x15a</size>
         <input_file_ref idref="fl-142"/>
      </object_component>
      <object_component id="oc-141">
         <name>.debug_info</name>
         <load_address>0x9ace</load_address>
         <run_address>0x9ace</run_address>
         <size>0x39</size>
         <input_file_ref idref="fl-142"/>
      </object_component>
      <object_component id="oc-146">
         <name>.debug_info</name>
         <load_address>0x9b07</load_address>
         <run_address>0x9b07</run_address>
         <size>0xcd</size>
         <input_file_ref idref="fl-142"/>
      </object_component>
      <object_component id="oc-13e">
         <name>.debug_info</name>
         <load_address>0x9bd4</load_address>
         <run_address>0x9bd4</run_address>
         <size>0x1c3</size>
         <input_file_ref idref="fl-143"/>
      </object_component>
      <object_component id="oc-f7">
         <name>.debug_info</name>
         <load_address>0x9d97</load_address>
         <run_address>0x9d97</run_address>
         <size>0x17f</size>
         <input_file_ref idref="fl-143"/>
      </object_component>
      <object_component id="oc-212">
         <name>.debug_info</name>
         <load_address>0x9f16</load_address>
         <run_address>0x9f16</run_address>
         <size>0x2c</size>
         <input_file_ref idref="fl-143"/>
      </object_component>
      <object_component id="oc-2af">
         <name>.debug_info</name>
         <load_address>0x9f42</load_address>
         <run_address>0x9f42</run_address>
         <size>0x109</size>
         <input_file_ref idref="fl-144"/>
      </object_component>
      <object_component id="oc-33a">
         <name>.debug_info</name>
         <load_address>0xa04b</load_address>
         <run_address>0xa04b</run_address>
         <size>0x1c1</size>
         <input_file_ref idref="fl-145"/>
      </object_component>
      <object_component id="oc-2b5">
         <name>.debug_info</name>
         <load_address>0xa20c</load_address>
         <run_address>0xa20c</run_address>
         <size>0x255</size>
         <input_file_ref idref="fl-145"/>
      </object_component>
      <object_component id="oc-2aa">
         <name>.debug_info</name>
         <load_address>0xa461</load_address>
         <run_address>0xa461</run_address>
         <size>0x10d</size>
         <input_file_ref idref="fl-146"/>
      </object_component>
      <object_component id="oc-365">
         <name>.debug_info</name>
         <load_address>0xa56e</load_address>
         <run_address>0xa56e</run_address>
         <size>0x138</size>
         <input_file_ref idref="fl-147"/>
      </object_component>
      <object_component id="oc-32e">
         <name>.debug_info</name>
         <load_address>0xa6a6</load_address>
         <run_address>0xa6a6</run_address>
         <size>0x154</size>
         <input_file_ref idref="fl-147"/>
      </object_component>
      <object_component id="oc-367">
         <name>.debug_info</name>
         <load_address>0xa7fa</load_address>
         <run_address>0xa7fa</run_address>
         <size>0x187</size>
         <input_file_ref idref="fl-148"/>
      </object_component>
      <object_component id="oc-336">
         <name>.debug_info</name>
         <load_address>0xa981</load_address>
         <run_address>0xa981</run_address>
         <size>0x19a</size>
         <input_file_ref idref="fl-148"/>
      </object_component>
      <object_component id="oc-2ba">
         <name>.debug_info</name>
         <load_address>0xab1b</load_address>
         <run_address>0xab1b</run_address>
         <size>0x155</size>
         <input_file_ref idref="fl-149"/>
      </object_component>
      <object_component id="oc-342">
         <name>.debug_info</name>
         <load_address>0xac70</load_address>
         <run_address>0xac70</run_address>
         <size>0xd8</size>
         <input_file_ref idref="fl-14a"/>
      </object_component>
      <object_component id="oc-38d">
         <name>.debug_info</name>
         <load_address>0xad48</load_address>
         <run_address>0xad48</run_address>
         <size>0x1af</size>
         <input_file_ref idref="fl-14b"/>
      </object_component>
      <object_component id="oc-371">
         <name>.debug_info</name>
         <load_address>0xaef7</load_address>
         <run_address>0xaef7</run_address>
         <size>0x110</size>
         <input_file_ref idref="fl-14b"/>
      </object_component>
      <object_component id="oc-33c">
         <name>.debug_info</name>
         <load_address>0xb007</load_address>
         <run_address>0xb007</run_address>
         <size>0x171</size>
         <input_file_ref idref="fl-14b"/>
      </object_component>
      <object_component id="oc-388">
         <name>.debug_info</name>
         <load_address>0xb178</load_address>
         <run_address>0xb178</run_address>
         <size>0x6f</size>
         <input_file_ref idref="fl-14b"/>
      </object_component>
      <object_component id="oc-385">
         <name>.debug_info</name>
         <load_address>0xb1e7</load_address>
         <run_address>0xb1e7</run_address>
         <size>0xff</size>
         <input_file_ref idref="fl-14c"/>
      </object_component>
      <object_component id="oc-36d">
         <name>.debug_info</name>
         <load_address>0xb2e6</load_address>
         <run_address>0xb2e6</run_address>
         <size>0x156</size>
         <input_file_ref idref="fl-14c"/>
      </object_component>
      <object_component id="oc-39d">
         <name>.debug_info</name>
         <load_address>0xb43c</load_address>
         <run_address>0xb43c</run_address>
         <size>0x2c</size>
         <input_file_ref idref="fl-14c"/>
      </object_component>
      <object_component id="oc-39a">
         <name>.debug_info</name>
         <load_address>0xb468</load_address>
         <run_address>0xb468</run_address>
         <size>0x11f</size>
         <input_file_ref idref="fl-14d"/>
      </object_component>
      <object_component id="oc-397">
         <name>.debug_info</name>
         <load_address>0xb587</load_address>
         <run_address>0xb587</run_address>
         <size>0xdd</size>
         <input_file_ref idref="fl-14d"/>
      </object_component>
      <object_component id="oc-382">
         <name>.debug_info</name>
         <load_address>0xb664</load_address>
         <run_address>0xb664</run_address>
         <size>0x16c</size>
         <input_file_ref idref="fl-14d"/>
      </object_component>
      <object_component id="oc-2d4">
         <name>.debug_info</name>
         <load_address>0xb7d0</load_address>
         <run_address>0xb7d0</run_address>
         <size>0x1ce</size>
         <input_file_ref idref="fl-14e"/>
      </object_component>
      <object_component id="oc-220">
         <name>.debug_info</name>
         <load_address>0xb99e</load_address>
         <run_address>0xb99e</run_address>
         <size>0x1f5</size>
         <input_file_ref idref="fl-14e"/>
      </object_component>
      <object_component id="oc-23b">
         <name>.debug_info</name>
         <load_address>0xbb93</load_address>
         <run_address>0xbb93</run_address>
         <size>0x90</size>
         <input_file_ref idref="fl-14e"/>
      </object_component>
      <object_component id="oc-218">
         <name>.debug_info</name>
         <load_address>0xbc23</load_address>
         <run_address>0xbc23</run_address>
         <size>0x18b</size>
         <input_file_ref idref="fl-14e"/>
      </object_component>
      <object_component id="oc-253">
         <name>.debug_info</name>
         <load_address>0xbdae</load_address>
         <run_address>0xbdae</run_address>
         <size>0x144</size>
         <input_file_ref idref="fl-14f"/>
      </object_component>
      <object_component id="oc-1a7">
         <name>.debug_info</name>
         <load_address>0xbef2</load_address>
         <run_address>0xbef2</run_address>
         <size>0x1c5</size>
         <input_file_ref idref="fl-14f"/>
      </object_component>
      <object_component id="oc-1b2">
         <name>.debug_info</name>
         <load_address>0xc0b7</load_address>
         <run_address>0xc0b7</run_address>
         <size>0x18b</size>
         <input_file_ref idref="fl-14f"/>
      </object_component>
      <object_component id="oc-1ac">
         <name>.debug_info</name>
         <load_address>0xc242</load_address>
         <run_address>0xc242</run_address>
         <size>0x185</size>
         <input_file_ref idref="fl-14f"/>
      </object_component>
      <object_component id="oc-21d">
         <name>.debug_info</name>
         <load_address>0xc3c7</load_address>
         <run_address>0xc3c7</run_address>
         <size>0x226</size>
         <input_file_ref idref="fl-150"/>
      </object_component>
      <object_component id="oc-24a">
         <name>.debug_info</name>
         <load_address>0xc5ed</load_address>
         <run_address>0xc5ed</run_address>
         <size>0xff</size>
         <input_file_ref idref="fl-150"/>
      </object_component>
      <object_component id="oc-15e">
         <name>.debug_info</name>
         <load_address>0xc6ec</load_address>
         <run_address>0xc6ec</run_address>
         <size>0x195</size>
         <input_file_ref idref="fl-150"/>
      </object_component>
      <object_component id="oc-164">
         <name>.debug_info</name>
         <load_address>0xc881</load_address>
         <run_address>0xc881</run_address>
         <size>0x1cf</size>
         <input_file_ref idref="fl-150"/>
      </object_component>
      <object_component id="oc-14c">
         <name>.debug_info</name>
         <load_address>0xca50</load_address>
         <run_address>0xca50</run_address>
         <size>0x1e1</size>
         <input_file_ref idref="fl-150"/>
      </object_component>
      <object_component id="oc-182">
         <name>.debug_info</name>
         <load_address>0xcc31</load_address>
         <run_address>0xcc31</run_address>
         <size>0x219</size>
         <input_file_ref idref="fl-150"/>
      </object_component>
      <object_component id="oc-2ce">
         <name>.debug_info</name>
         <load_address>0xce4a</load_address>
         <run_address>0xce4a</run_address>
         <size>0x5f</size>
         <input_file_ref idref="fl-150"/>
      </object_component>
      <object_component id="oc-1b9">
         <name>.debug_info</name>
         <load_address>0xcea9</load_address>
         <run_address>0xcea9</run_address>
         <size>0x1a2</size>
         <input_file_ref idref="fl-151"/>
      </object_component>
      <object_component id="oc-240">
         <name>.debug_info</name>
         <load_address>0xd04b</load_address>
         <run_address>0xd04b</run_address>
         <size>0x1b9</size>
         <input_file_ref idref="fl-152"/>
      </object_component>
      <object_component id="oc-242">
         <name>.debug_info</name>
         <load_address>0xd204</load_address>
         <run_address>0xd204</run_address>
         <size>0x227</size>
         <input_file_ref idref="fl-152"/>
      </object_component>
      <object_component id="oc-276">
         <name>.debug_info</name>
         <load_address>0xd42b</load_address>
         <run_address>0xd42b</run_address>
         <size>0x2a1</size>
         <input_file_ref idref="fl-152"/>
      </object_component>
      <object_component id="oc-288">
         <name>.debug_info</name>
         <load_address>0xd6cc</load_address>
         <run_address>0xd6cc</run_address>
         <size>0x1ad</size>
         <input_file_ref idref="fl-152"/>
      </object_component>
      <object_component id="oc-264">
         <name>.debug_info</name>
         <load_address>0xd879</load_address>
         <run_address>0xd879</run_address>
         <size>0x22e</size>
         <input_file_ref idref="fl-152"/>
      </object_component>
      <object_component id="oc-270">
         <name>.debug_info</name>
         <load_address>0xdaa7</load_address>
         <run_address>0xdaa7</run_address>
         <size>0x206</size>
         <input_file_ref idref="fl-152"/>
      </object_component>
      <object_component id="oc-26b">
         <name>.debug_info</name>
         <load_address>0xdcad</load_address>
         <run_address>0xdcad</run_address>
         <size>0x1b1</size>
         <input_file_ref idref="fl-152"/>
      </object_component>
      <object_component id="oc-16b">
         <name>.debug_info</name>
         <load_address>0xde5e</load_address>
         <run_address>0xde5e</run_address>
         <size>0x19a</size>
         <input_file_ref idref="fl-152"/>
      </object_component>
[...]
            <name>.bss</name>
            <load_address>0x2318</load_address>
            <load_size>0x8</load_size>
            <run_address>0x20000800</run_address>
            <run_size>0x569</run_size>
            <compression>zero_init</compression>
         </cprec>
      </cptbl>
   </cptbl_list>
   <handler_table>
      <handler_table_name>__TI_handler_table</handler_table_name>
      <handler>
         <index>0x0</index>
         <name>__TI_decompress_rle24</name>
      </handler>
      <handler>
         <index>0x1</index>
         <name>__TI_decompress_none</name>
      </handler>
      <handler>
         <index>0x2</index>
         <name>__TI_zero_init</name>
      </handler>
   </handler_table>
   <symbol_table>
      <symbol id="sm-1">
         <name>__STACK_TOP</name>
         <value>0x20000800</value>
      </symbol>
      <symbol id="sm-2">
         <name>__TI_CINIT_Base</name>
         <value>0x2320</value>
      </symbol>
      <symbol id="sm-3">
         <name>__TI_CINIT_Limit</name>
         <value>0x2330</value>
      </symbol>
      <symbol id="sm-4">
         <name>__TI_Handler_Table_Base</name>
         <value>0x230c</value>
      </symbol>
      <symbol id="sm-5">
         <name>__TI_Handler_Table_Limit</name>
         <value>0x2318</value>
      </symbol>
      <symbol id="sm-6">
         <name>binit</name>
         <value>0xffffffff</value>
      </symbol>
      <symbol id="sm-7">
         <name>__binit__</name>
         <value>0xffffffff</value>
      </symbol>
      <symbol id="sm-8">
         <name>__STACK_SIZE</name>
         <value>0x800</value>
      </symbol>
      <symbol id="sm-9">
         <name>__STACK_END</name>
         <value>0x20000800</value>
      </symbol>
      <symbol id="sm-a">
         <name>__c_args__</name>
         <value>0xffffffff</value>
      </symbol>
      <symbol id="sm-d9">
         <name>SysTickIntHandler</name>
         <value>0x1699</value>
         <object_component_ref idref="oc-42"/>
      </symbol>
      <symbol id="sm-da">
         <name>g_sAppState</name>
         <value>0x20000d24</value>
         <object_component_ref idref="oc-a9"/>
      </symbol>
      <symbol id="sm-db">
         <name>main</name>
         <value>0x26d</value>
         <object_component_ref idref="oc-fc"/>
      </symbol>
      <symbol id="sm-dc">
         <name>ConfigureUART</name>
         <value>0x1985</value>
         <object_component_ref idref="oc-151"/>
      </symbol>
      <symbol id="sm-dd">
         <name>AppButtonHandler</name>
         <value>0xd15</value>
         <object_component_ref idref="oc-9c"/>
      </symbol>
      <symbol id="sm-de">
         <name>AppRainbow</name>
         <value>0xdfd</value>
         <object_component_ref idref="oc-a2"/>
      </symbol>
      <symbol id="sm-df">
         <name>AppHibernateEnter</name>
         <value>0x1621</value>
         <object_component_ref idref="oc-1be"/>
      </symbol>
      <symbol id="sm-135">
         <name>CMD_hib</name>
         <value>0x2089</value>
         <object_component_ref idref="oc-309"/>
      </symbol>
      <symbol id="sm-136">
         <name>CMD_intensity</name>
         <value>0x1c49</value>
         <object_component_ref idref="oc-315"/>
      </symbol>
      <symbol id="sm-137">
         <name>CMD_rgb</name>
         <value>0x1c85</value>
         <object_component_ref idref="oc-31b"/>
      </symbol>
      <symbol id="sm-138">
         <name>CMD_help</name>
         <value>0x1851</value>
         <object_component_ref idref="oc-303"/>
      </symbol>
      <symbol id="sm-139">
         <name>CMD_rand</name>
         <value>0x1ff9</value>
         <object_component_ref idref="oc-30f"/>
      </symbol>
      <symbol id="sm-13a">
         <name>g_psCmdTable</name>
         <value>0x20000e88</value>
         <object_component_ref idref="oc-29f"/>
      </symbol>
      <symbol id="sm-16b">
         <name>ResetISR</name>
         <value>0x209d</value>
         <object_component_ref idref="oc-2a"/>
      </symbol>
      <symbol id="sm-16c">
         <name>g_pfnVectors</name>
         <value>0x0</value>
         <object_component_ref idref="oc-f"/>
      </symbol>
      <symbol id="sm-190">
         <name>CmdLineProcess</name>
         <value>0x1921</value>
         <object_component_ref idref="oc-1d0"/>
      </symbol>
      <symbol id="sm-29c">
         <name>UARTFlushRx</name>
         <value>0x1e29</value>
         <object_component_ref idref="oc-2d5"/>
      </symbol>
      <symbol id="sm-29d">
         <name>UARTgets</name>
         <value>0x1a4d</value>
         <object_component_ref idref="oc-1ca"/>
      </symbol>
      <symbol id="sm-29e">
         <name>UARTFlushTx</name>
         <value>0x1cc1</value>
         <object_component_ref idref="oc-2db"/>
      </symbol>
      <symbol id="sm-29f">
         <name>UARTStdioConfig</name>
         <value>0x106d</value>
         <object_component_ref idref="oc-224"/>
      </symbol>
      <symbol id="sm-2a0">
         <name>UARTStdioIntHandler</name>
         <value>0x83d</value>
         <object_component_ref idref="oc-48"/>
      </symbol>
      <symbol id="sm-2a1">
         <name>UARTwrite</name>
         <value>0x111d</value>
         <object_component_ref idref="oc-be"/>
      </symbol>
      <symbol id="sm-2a2">
         <name>UARTPeek</name>
         <value>0x1b3d</value>
         <object_component_ref idref="oc-1c4"/>
      </symbol>
      <symbol id="sm-2a3">
         <name>UARTprintf</name>
         <value>0x1e9d</value>
         <object_component_ref idref="oc-157"/>
      </symbol>
      <symbol id="sm-2a4">
         <name>UARTvprintf</name>
         <value>0x4e5</value>
         <object_component_ref idref="oc-22b"/>
      </symbol>
      <symbol id="sm-2c0">
         <name>ustrtoul</name>
         <value>0x1261</value>
         <object_component_ref idref="oc-35a"/>
      </symbol>
      <symbol id="sm-2ee">
         <name>ButtonsInit</name>
         <value>0x17e9</value>
         <object_component_ref idref="oc-19f"/>
      </symbol>
      <symbol id="sm-2ef">
         <name>ButtonsPoll</name>
         <value>0x138d</value>
         <object_component_ref idref="oc-96"/>
      </symbol>
      <symbol id="sm-343">
         <name>RGBDisable</name>
         <value>0x18b9</value>
         <object_component_ref idref="oc-281"/>
      </symbol>
      <symbol id="sm-344">
         <name>RGBIntensitySet</name>
         <value>0x1f81</value>
         <object_component_ref idref="oc-193"/>
      </symbol>
      <symbol id="sm-345">
         <name>RGBEnable</name>
         <value>0xfad</value>
         <object_component_ref idref="oc-199"/>
      </symbol>
      <symbol id="sm-346">
         <name>RGBInit</name>
         <value>0xc15</value>
         <object_component_ref idref="oc-18d"/>
      </symbol>
      <symbol id="sm-347">
         <name>RGBColorSet</name>
         <value>0x12fd</value>
         <object_component_ref idref="oc-122"/>
      </symbol>
      <symbol id="sm-359">
         <name>_c_int00</name>
         <value>0x1aa1</value>
         <object_component_ref idref="oc-24"/>
      </symbol>
      <symbol id="sm-35a">
         <name>__stack</name>
         <value>0x20000000</value>
         <object_component_ref idref="oc-29"/>
      </symbol>
      <symbol id="sm-371">
         <name>__TI_decompress_none</name>
         <value>0x2057</value>
         <object_component_ref idref="oc-12"/>
      </symbol>
      <symbol id="sm-394">
         <name>__TI_decompress_rle24</name>
         <value>0x20af</value>
         <object_component_ref idref="oc-18"/>
      </symbol>
      <symbol id="sm-3a6">
         <name>__TI_zero_init</name>
         <value>0x207d</value>
         <object_component_ref idref="oc-1e"/>
      </symbol>
      <symbol id="sm-3c5">
         <name>C$$EXIT</name>
         <value>0x1b81</value>
         <object_component_ref idref="oc-88"/>
      </symbol>
      <symbol id="sm-3c6">
         <name>abort</name>
         <value>0x1b85</value>
         <object_component_ref idref="oc-88"/>
      </symbol>
      <symbol id="sm-3c7">
         <name>exit</name>
         <value>0x1b8d</value>
         <object_component_ref idref="oc-88"/>
      </symbol>
      <symbol id="sm-3c8">
         <name>__TI_dtors_ptr</name>
         <value>0x20000f10</value>
         <object_component_ref idref="oc-107"/>
      </symbol>
      <symbol id="sm-3c9">
         <name>__TI_cleanup_ptr</name>
         <value>0x20000f0c</value>
         <object_component_ref idref="oc-107"/>
      </symbol>
      <symbol id="sm-3e7">
         <name>memcpy</name>
         <value>0x11c5</value>
         <object_component_ref idref="oc-51"/>
      </symbol>
      <symbol id="sm-3e8">
         <name>__aeabi_memcpy</name>
         <value>0x11c5</value>
         <object_component_ref idref="oc-51"/>
      </symbol>
      <symbol id="sm-3e9">
         <name>__aeabi_memcpy8</name>
         <value>0x11c5</value>
         <object_component_ref idref="oc-51"/>
      </symbol>
      <symbol id="sm-3ea">
         <name>__aeabi_memcpy4</name>
         <value>0x11c5</value>
         <object_component_ref idref="oc-51"/>
      </symbol>
      <symbol id="sm-3f9">
         <name>__aeabi_memset</name>
         <value>0x152d</value>
         <object_component_ref idref="oc-6a"/>
      </symbol>
      <symbol id="sm-3fa">
         <name>memset</name>
         <value>0x1533</value>
         <object_component_ref idref="oc-6a"/>
      </symbol>
      <symbol id="sm-3fb">
         <name>__aeabi_memset8</name>
         <value>0x152d</value>
         <object_component_ref idref="oc-6a"/>
      </symbol>
      <symbol id="sm-3fc">
         <name>__aeabi_memset4</name>
         <value>0x152d</value>
         <object_component_ref idref="oc-6a"/>
      </symbol>
      <symbol id="sm-3fd">
         <name>__aeabi_memclr8</name>
         <value>0x152b</value>
         <object_component_ref idref="oc-6a"/>
      </symbol>
      <symbol id="sm-3fe">
         <name>__aeabi_memclr4</name>
         <value>0x152b</value>
         <object_component_ref idref="oc-6a"/>
      </symbol>
      <symbol id="sm-3ff">
         <name>__aeabi_memclr</name>
         <value>0x152b</value>
         <object_component_ref idref="oc-6a"/>
      </symbol>
      <symbol id="sm-409">
         <name>_system_pre_init</name>
         <value>0x20bb</value>
         <object_component_ref idref="oc-76"/>
      </symbol>
      <symbol id="sm-416">
         <name>sinf</name>
         <value>0x20b5</value>
         <object_component_ref idref="oc-11c"/>
      </symbol>
      <symbol id="sm-41e">
         <name>main_func_sp</name>
         <value>0x20000f24</value>
         <object_component_ref idref="oc-8e"/>
      </symbol>
      <symbol id="sm-42d">
         <name>strcmp</name>
         <value>0x1f19</value>
         <object_component_ref idref="oc-296"/>
      </symbol>
      <symbol id="sm-440">
         <name>__aeabi_uidivmod</name>
         <value>0x1bc5</value>
         <object_component_ref idref="oc-2e2"/>
      </symbol>
      <symbol id="sm-441">
         <name>__aeabi_uidiv</name>
         <value>0x1bc5</value>
         <object_component_ref idref="oc-2e2"/>
      </symbol>
      <symbol id="sm-47b">
         <name>_FSin</name>
         <value>0x6d1</value>
         <object_component_ref idref="oc-1fc"/>
      </symbol>
      <symbol id="sm-48a">
         <name>_FZero</name>
         <value>0x20000e84</value>
         <object_component_ref idref="oc-2bf"/>
      </symbol>
      <symbol id="sm-48b">
         <name>_FRteps</name>
         <value>0x20000e70</value>
         <object_component_ref idref="oc-2bf"/>
      </symbol>
      <symbol id="sm-48c">
         <name>_FSnan</name>
         <value>0x20000e60</value>
         <object_component_ref idref="oc-2bf"/>
      </symbol>
      <symbol id="sm-48d">
         <name>_FNan</name>
         <value>0x20000e50</value>
         <object_component_ref idref="oc-2bf"/>
      </symbol>
      <symbol id="sm-48e">
         <name>_FInf</name>
         <value>0x20000e40</value>
         <object_component_ref idref="oc-2bf"/>
      </symbol>
      <symbol id="sm-48f">
         <name>_FEps</name>
         <value>0x20000e30</value>
         <object_component_ref idref="oc-2bf"/>
      </symbol>
      <symbol id="sm-490">
         <name>_FXbig</name>
         <value>0x20000e80</value>
         <object_component_ref idref="oc-2bf"/>
      </symbol>
      <symbol id="sm-491">
         <name>_FDenorm</name>
         <value>0x20000e20</value>
         <object_component_ref idref="oc-2bf"/>
      </symbol>
      <symbol id="sm-4aa">
         <name>_nop</name>
         <value>0x1fdf</value>
         <object_component_ref idref="oc-1e1"/>
      </symbol>
      <symbol id="sm-4ab">
         <name>_lock</name>
         <value>0x20000f04</value>
         <object_component_ref idref="oc-104"/>
      </symbol>
      <symbol id="sm-4ac">
         <name>_unlock</name>
         <value>0x20000f08</value>
         <object_component_ref idref="oc-104"/>
      </symbol>
      <symbol id="sm-4ad">
         <name>_register_lock</name>
         <value>0x1fd7</value>
         <object_component_ref idref="oc-1e1"/>
      </symbol>
      <symbol id="sm-4ae">
         <name>_register_unlock</name>
         <value>0x1fd1</value>
         <object_component_ref idref="oc-1e1"/>
      </symbol>
      <symbol id="sm-4c3">
         <name>_args_main</name>
         <value>0x1f01</value>
         <object_component_ref idref="oc-82"/>
      </symbol>
      <symbol id="sm-4e9">
         <name>__TI_auto_init</name>
         <value>0x1711</value>
         <object_component_ref idref="oc-7c"/>
      </symbol>
      <symbol id="sm-503">
         <name>copy_in</name>
         <value>0x1af1</value>
         <object_component_ref idref="oc-f4"/>
      </symbol>
      <symbol id="sm-51a">
         <name>__aeabi_cdcmpeq</name>
         <value>0x14a5</value>
         <object_component_ref idref="oc-2ae"/>
      </symbol>
      <symbol id="sm-51b">
         <name>__aeabi_cdcmple</name>
         <value>0x14a5</value>
         <object_component_ref idref="oc-2ae"/>
      </symbol>
      <symbol id="sm-53e">
         <name>fmodf</name>
         <value>0x99d</value>
         <object_component_ref idref="oc-2b3"/>
      </symbol>
      <symbol id="sm-54c">
         <name>__aeabi_f2d</name>
         <value>0x1cfd</value>
         <object_component_ref idref="oc-2a9"/>
      </symbol>
      <symbol id="sm-560">
         <name>_FDnorm</name>
         <value>0x15a5</value>
         <object_component_ref idref="oc-32d"/>
      </symbol>
      <symbol id="sm-57c">
         <name>_FDscale</name>
         <value>0xedd</value>
         <object_component_ref idref="oc-333"/>
      </symbol>
      <symbol id="sm-58b">
         <name>_Feraise</name>
         <value>0x1d9d</value>
         <object_component_ref idref="oc-2b9"/>
      </symbol>
      <symbol id="sm-593">
         <name>_Errno</name>
         <value>0x20000f20</value>
         <object_component_ref idref="oc-341"/>
      </symbol>
      <symbol id="sm-5b1">
         <name>feraiseexcept</name>
         <value>0x1d69</value>
         <object_component_ref idref="oc-33b"/>
      </symbol>
      <symbol id="sm-5b2">
         <name>_Tls_setup__Fenv</name>
         <value>0x20000f18</value>
         <object_component_ref idref="oc-370"/>
      </symbol>
      <symbol id="sm-5b3">
         <name>_Fenv</name>
         <value>0x20000f14</value>
         <object_component_ref idref="oc-370"/>
      </symbol>
      <symbol id="sm-5c7">
         <name>raise</name>
         <value>0x1dcd</value>
         <object_component_ref idref="oc-36a"/>
      </symbol>
      <symbol id="sm-5e1">
         <name>signal</name>
         <value>0x1c09</value>
         <object_component_ref idref="oc-37e"/>
      </symbol>
      <symbol id="sm-5f8">
         <name>UARTClockSourceSet</name>
         <value>0x20a9</value>
         <object_component_ref idref="oc-21e"/>
      </symbol>
      <symbol id="sm-61b">
         <name>SysTickEnable</name>
         <value>0x1fa9</value>
         <object_component_ref idref="oc-1ab"/>
      </symbol>
      <symbol id="sm-61c">
         <name>SysTickIntEnable</name>
         <value>0x1fbd</value>
         <object_component_ref idref="oc-1b1"/>
      </symbol>
      <symbol id="sm-61d">
         <name>SysTickPeriodSet</name>
         <value>0x2029</value>
         <object_component_ref idref="oc-1a5"/>
      </symbol>
      <symbol id="sm-66e">
         <name>SysCtlResetCauseGet</name>
         <value>0x2071</value>
         <object_component_ref idref="oc-15d"/>
      </symbol>
      <symbol id="sm-66f">
         <name>SysCtlDelay</name>
         <value>0x20a3</value>
         <object_component_ref idref="oc-1bd"/>
      </symbol>
      <symbol id="sm-670">
         <name>SysCtlPeripheralEnable</name>
         <value>0x1d35</value>
         <object_component_ref idref="oc-14b"/>
      </symbol>
      <symbol id="sm-671">
         <name>SysCtlClockGet</name>
         <value>0xafd</value>
         <object_component_ref idref="oc-181"/>
      </symbol>
      <symbol id="sm-672">
         <name>SysCtlResetCauseClear</name>
         <value>0x1f95</value>
         <object_component_ref idref="oc-163"/>
      </symbol>
      <symbol id="sm-67c">
         <name>IntMasterEnable</name>
         <value>0x2093</value>
         <object_component_ref idref="oc-1b7"/>
      </symbol>
      <symbol id="sm-71e">
         <name>HibernateDataSet</name>
         <value>0x1e55</value>
         <object_component_ref idref="oc-27b"/>
      </symbol>
      <symbol id="sm-71f">
         <name>HibernateIntClear</name>
         <value>0x1f45</value>
         <object_component_ref idref="oc-175"/>
      </symbol>
      <symbol id="sm-720">
         <name>HibernateRTCSet</name>
         <value>0x1dfd</value>
         <object_component_ref idref="oc-263"/>
      </symbol>
      <symbol id="sm-721">
         <name>HibernateWakeSet</name>
         <value>0x19e9</value>
         <object_component_ref idref="oc-275"/>
      </symbol>
      <symbol id="sm-722">
         <name>HibernateEnableExpClk</name>
         <value>0x1f31</value>
         <object_component_ref idref="oc-187"/>
      </symbol>
      <symbol id="sm-723">
         <name>HibernateRTCMatchSet</name>
         <value>0x2019</value>
         <object_component_ref idref="oc-26f"/>
      </symbol>
      <symbol id="sm-724">
         <name>HibernateRequest</name>
         <value>0x1f6d</value>
         <object_component_ref idref="oc-287"/>
      </symbol>
      <symbol id="sm-725">
         <name>HibernateRTCEnable</name>
         <value>0x1f59</value>
         <object_component_ref idref="oc-269"/>
      </symbol>
      <symbol id="sm-726">
         <name>HibernateIntStatus</name>
         <value>0x1ed1</value>
         <object_component_ref idref="oc-16f"/>
      </symbol>
      <symbol id="sm-727">
         <name>HibernateDataGet</name>
         <value>0x1e7d</value>
         <object_component_ref idref="oc-17b"/>
      </symbol>
      <symbol id="sm-728">
         <name>HibernateIsActive</name>
         <value>0x2009</value>
         <object_component_ref idref="oc-169"/>
      </symbol>
      <symbol id="sm-729">
         <name>HibernateGPIORetentionEnable</name>
         <value>0x1eb9</value>
         <object_component_ref idref="oc-25d"/>
      </symbol>
      <symbol id="sm-733">
         <name>CPUcpsie</name>
         <value>0x2065</value>
         <object_component_ref idref="oc-256"/>
      </symbol>
      <symbol id="sm-734">
         <name>__TI_static_base__</name>
         <value>0x0</value>
      </symbol>
      <symbol id="sm-737">
         <name>SHT$$INIT_ARRAY$$Limit</name>
         <value>0x0</value>
      </symbol>
      <symbol id="sm-738">
         <name>SHT$$INIT_ARRAY$$Base</name>
         <value>0x0</value>
      </symbol>
   </symbol_table>
   <title>Link successful</title>
</link_info>
