******************************************************************************
                  TI ARM Linker PC v5.2.2                      
******************************************************************************
>> Linked Fri Apr 24 01:08:11 2015

OUTPUT FILE NAME:   <[TIVA][FW1] _1BUTTON_3LEDS.out>
ENTRY POINT SYMBOL: "_c_int00"  address: 00000f2d


MEMORY CONFIGURATION

         name            origin    length      used     unused   attr    fill
----------------------  --------  ---------  --------  --------  ----  --------
  FLASH                 00000000   00040000  00001506  0003eafa  R  X
  SRAM                  20000000   00008000  00000cce  00007332  RW X


SEGMENT ALLOCATION MAP

run origin  load origin   length   init length attrs members
----------  ----------- ---------- ----------- ----- -------
00000000    00000000    00001508   00001508    r-x
  00000000    00000000    0000026c   0000026c    r-- .intvecs
  0000026c    0000026c    00001124   00001124    r-x .text
  00001390    00001390    00000136   00000136    r-- .const
  000014c8    000014c8    00000040   00000040    r-- .cinit
20000000    20000000    00000cd0   00000000    rw-
  20000000    20000000    00000800   00000000    rw- .stack
  20000800    20000800    000004a2   00000000    rw- .bss
  20000ca4    20000ca4    0000002c   00000000    rw- .data


SECTION ALLOCATION MAP

 output                                  attributes/
section   page    origin      length       input sections
--------  ----  ----------  ----------   ----------------
.intvecs   0    00000000    0000026c     
                  00000000    0000026c     startup_ccs.obj (.intvecs)

.text      0    0000026c    00001124     
                  0000026c    000001ea     uartstdio.obj (.text:UARTvprintf)
                  00000456    00000002     startup_ccs.obj (.text:FaultISR)
                  00000458    00000160     uartstdio.obj (.text:UARTStdioIntHandler)
                  000005b8    00000130     driverlib.lib : gpio.obj (.text:GPIOPadConfigSet)
                  000006e8    00000118                   : sysctl.obj (.text:SysCtlClockGet)
                  00000800    000000f0                   : sysctl.obj (.text:SysCtlClockSet)
                  000008f0    000000bc     main.obj (.text:AppButtonHandler)
                  000009ac    000000b0     uartstdio.obj (.text:UARTStdioConfig)
                  00000a5c    000000a8     uartstdio.obj (.text:UARTwrite)
                  00000b04    0000009c     rtsv7M4_T_le_v4SPD16_eabi.lib : memcpy_t2.obj (.text)
                  00000ba0    0000008c     buttons.obj (.text:ButtonsPoll)
                  00000c2c    0000008c     uartstdio.obj (.text:UARTPrimeTransmit)
                  00000cb8    0000007a     rtsv7M4_T_le_v4SPD16_eabi.lib : memset_t2.obj (.text)
                  00000d32    00000002     startup_ccs.obj (.text:IntDefaultHandler)
                  00000d34    0000006c     rtsv7M4_T_le_v4SPD16_eabi.lib : autoinit.obj (.text)
                  00000da0    0000006a                                   : copy_decompress_rle.obj (.text)
                  00000e0a    00000002     startup_ccs.obj (.text:NmiSR)
                  00000e0c    00000068     buttons.obj (.text:ButtonsInit)
                  00000e74    0000005d     main.obj (.text:main)
                  00000ed1    00000003     --HOLE-- [fill = 0]
                  00000ed4    00000058     UserFunction.obj (.text:UserFunctionMode)
                  00000f2c    00000050     rtsv7M4_T_le_v4SPD16_eabi.lib : boot.obj (.text)
                  00000f7c    0000004c     SystemConfig.obj (.text:ConfigUART)
                  00000fc8    0000004c     rtsv7M4_T_le_v4SPD16_eabi.lib : cpy_tbl.obj (.text)
                  00001014    00000048     driverlib.lib : gpio.obj (.text:GPIOPinConfigure)
                  0000105c    00000044     UserFunction.obj (.text:UserDisplayMode)
                  000010a0    00000044     rtsv7M4_T_le_v4SPD16_eabi.lib : exit.obj (.text)
                  000010e4    00000042                                   : u_divt2.obj (.text)
                  00001126    00000002     --HOLE-- [fill = 0]
                  00001128    0000003c     uartstdio.obj (.text:UARTFlushTx)
                  00001164    00000034     driverlib.lib : sysctl.obj (.text:SysCtlPeripheralEnable)
                  00001198    0000002c     uartstdio.obj (.text:UARTFlushRx)
                  000011c4    0000002a     driverlib.lib : gpio.obj (.text:GPIODirModeSet)
                  000011ee    00000002     --HOLE-- [fill = 0]
                  000011f0    00000028     main.obj (.text:InitDisplay)
                  00001218    0000001c     main.obj (.text:SysTickIntHandler)
                  00001234    0000001a     SystemConfig.obj (.text:ConfigSysTick)
                  0000124e    0000001a     uartstdio.obj (.text:UARTprintf)
                  00001268    00000018     driverlib.lib : gpio.obj (.text:GPIOPinTypeGPIOOutput)
                  00001280    00000018     uartstdio.obj (.text:IsBufferFull)
                  00001298    00000018     rtsv7M4_T_le_v4SPD16_eabi.lib : args_main.obj (.text)
                  000012b0    00000014     main.obj (.text:InitUserState)
                  000012c4    00000014     driverlib.lib : systick.obj (.text:SysTickEnable)
                  000012d8    00000014                   : systick.obj (.text:SysTickIntEnable)
                  000012ec    00000014     rtsv7M4_T_le_v4SPD16_eabi.lib : _lock.obj (.text)
                  00001300    00000012     driverlib.lib : gpio.obj (.text:GPIOPinTypeUART)
                  00001312    00000002     --HOLE-- [fill = 0]
                  00001314    00000010                   : systick.obj (.text:SysTickPeriodSet)
                  00001324    0000000e     uartstdio.obj (.text:IsBufferEmpty)
                  00001332    0000000e     rtsv7M4_T_le_v4SPD16_eabi.lib : copy_decompress_none.obj (.text:decompress:none)
                  00001340    0000000c     driverlib.lib : cpu.obj (.text:CPUcpsie)
                  0000134c    0000000c     SystemConfig.obj (.text:ConfigSystem)
                  00001358    0000000c     rtsv7M4_T_le_v4SPD16_eabi.lib : copy_zero_init.obj (.text:decompress:ZI)
                  00001364    0000000a     driverlib.lib : interrupt.obj (.text:IntMasterEnable)
                  0000136e    00000006                   : gpio.obj (.text:GPIOPinWrite)
                  00001374    00000006     startup_ccs.obj (.text:ResetISR)
                  0000137a    00000006     driverlib.lib : sysctl.obj (.text:SysCtlDelay)
                  00001380    00000006                   : uart.obj (.text:UARTClockSourceSet)
                  00001386    00000006     rtsv7M4_T_le_v4SPD16_eabi.lib : copy_decompress_rle.obj (.text:decompress:rle24)
                  0000138c    00000004                                   : pre_init.obj (.text)

.const     0    00001390    00000136     
                  00001390    00000090     driverlib.lib : gpio.obj (.const:g_pui32GPIOBaseAddrs)
                  00001420    0000006c                   : sysctl.obj (.const:g_pui32Xtals)
                  0000148c    00000028     uartstdio.obj (.const)
                  000014b4    00000012     uartstdio.obj (.const:.string)

.cinit     0    000014c8    00000040     
                  000014c8    00000015     (.cinit..data.load) [load image, compression = rle]
                  000014dd    00000003     --HOLE-- [fill = 0]
                  000014e0    0000000c     (__TI_handler_table)
                  000014ec    00000004     --HOLE-- [fill = 0]
                  000014f0    00000008     (.cinit..bss.load) [load image, compression = zero_init]
                  000014f8    00000010     (__TI_cinit_table)

.init_array 
*          0    00000000    00000000     UNINITIALIZED

.stack     0    20000000    00000800     UNINITIALIZED
                  20000000    00000800     --HOLE--

.bss       0    20000800    000004a2     UNINITIALIZED
                  20000800    00000400     uartstdio.obj (.bss:g_pcUARTTxBuffer)
                  20000c00    00000080     uartstdio.obj (.bss:g_pcUARTRxBuffer)
                  20000c80    00000010     (.common:g_sUserState)
                  20000c90    00000004     (.common:g_ui32PortNum)
                  20000c94    00000004     (.common:ui32PreviousMode$1)
                  20000c98    00000004     (.common:ui32TickCounter$1)
                  20000c9c    00000004     (.common:ui32tempState$2)
                  20000ca0    00000001     (.common:ctemp$3)
                  20000ca1    00000001     (.common:g_bDisableEcho)

.TI.noinit 
*          0    20000800    00000000     UNINITIALIZED

.data      0    20000ca4    0000002c     UNINITIALIZED
                  20000ca4    00000015     uartstdio.obj (.data)
                  20000cb9    00000003     buttons.obj (.data)
                  20000cbc    00000008     rtsv7M4_T_le_v4SPD16_eabi.lib : _lock.obj (.data)
                  20000cc4    00000008                                   : exit.obj (.data)
                  20000ccc    00000004                                   : stkdepth_vars.obj (.data)

.TI.persistent 
*          0    20000ca4    00000000     UNINITIALIZED


LINKER GENERATED COPY TABLES

__TI_cinit_table @ 000014f8 records: 2, size/record: 8, table size: 16
	.data: load addr=000014c8, load size=00000015 bytes, run addr=20000ca4, run size=0000002c bytes, compression=rle
	.bss: load addr=000014f0, load size=00000008 bytes, run addr=20000800, run size=000004a2 bytes, compression=zero_init


LINKER GENERATED HANDLER TABLE

__TI_handler_table @ 000014e0 records: 3, size/record: 4, table size: 12
	index: 0, handler: __TI_decompress_rle24
	index: 1, handler: __TI_decompress_none
	index: 2, handler: __TI_zero_init


GLOBAL SYMBOLS: SORTED ALPHABETICALLY BY Name 

address   name                    
-------   ----                    
000008f1  AppButtonHandler        
00000e0d  ButtonsInit             
00000ba1  ButtonsPoll             
000010a1  C$$EXIT                 
00001341  CPUcpsie                
00001235  ConfigSysTick           
0000134d  ConfigSystem            
00000f7d  ConfigUART              
000011c5  GPIODirModeSet          
000005b9  GPIOPadConfigSet        
00001015  GPIOPinConfigure        
00001269  GPIOPinTypeGPIOOutput   
00001301  GPIOPinTypeUART         
0000136f  GPIOPinWrite            
000011f1  InitDisplay             
000012b1  InitUserState           
00001365  IntMasterEnable         
00001375  ResetISR                
UNDEFED   SHT$$INIT_ARRAY$$Base   
UNDEFED   SHT$$INIT_ARRAY$$Limit  
000006e9  SysCtlClockGet          
00000801  SysCtlClockSet          
0000137b  SysCtlDelay             
00001165  SysCtlPeripheralEnable  
000012c5  SysTickEnable           
000012d9  SysTickIntEnable        
00001219  SysTickIntHandler       
00001315  SysTickPeriodSet        
00001381  UARTClockSourceSet      
00001199  UARTFlushRx             
00001129  UARTFlushTx             
000009ad  UARTStdioConfig         
00000459  UARTStdioIntHandler     
0000124f  UARTprintf              
0000026d  UARTvprintf             
00000a5d  UARTwrite               
0000105d  UserDisplayMode         
00000ed5  UserFunctionMode        
20000800  __STACK_END             
00000800  __STACK_SIZE            
20000800  __STACK_TOP             
000014f8  __TI_CINIT_Base         
00001508  __TI_CINIT_Limit        
000014e0  __TI_Handler_Table_Base 
000014ec  __TI_Handler_Table_Limit
00000d35  __TI_auto_init          
20000cc4  __TI_cleanup_ptr        
00001333  __TI_decompress_none    
00001387  __TI_decompress_rle24   
20000cc8  __TI_dtors_ptr          
00000000  __TI_static_base__      
00001359  __TI_zero_init          
00000cb9  __aeabi_memclr          
00000cb9  __aeabi_memclr4         
00000cb9  __aeabi_memclr8         
00000b05  __aeabi_memcpy          
00000b05  __aeabi_memcpy4         
00000b05  __aeabi_memcpy8         
00000cbb  __aeabi_memset          
00000cbb  __aeabi_memset4         
00000cbb  __aeabi_memset8         
000010e5  __aeabi_uidiv           
000010e5  __aeabi_uidivmod        
ffffffff  __binit__               
ffffffff  __c_args__              
20000000  __stack                 
00001299  _args_main              
00000f2d  _c_int00                
20000cbc  _lock                   
000012fb  _nop                    
000012f3  _register_lock          
000012ed  _register_unlock        
0000138d  _system_pre_init        
20000cc0  _unlock                 
000010a5  abort                   
ffffffff  binit                   
00000fc9  copy_in                 
000010ad  exit                    
00000000  g_pfnVectors            
20000c80  g_sUserState            
00000e75  main                    
20000ccc  main_func_sp            
00000b05  memcpy                  
00000cc1  memset                  


GLOBAL SYMBOLS: SORTED BY Symbol Address 

address   name                    
-------   ----                    
00000000  __TI_static_base__      
00000000  g_pfnVectors            
0000026d  UARTvprintf             
00000459  UARTStdioIntHandler     
000005b9  GPIOPadConfigSet        
000006e9  SysCtlClockGet          
00000800  __STACK_SIZE            
00000801  SysCtlClockSet          
000008f1  AppButtonHandler        
000009ad  UARTStdioConfig         
00000a5d  UARTwrite               
00000b05  __aeabi_memcpy          
00000b05  __aeabi_memcpy4         
00000b05  __aeabi_memcpy8         
00000b05  memcpy                  
00000ba1  ButtonsPoll             
00000cb9  __aeabi_memclr          
00000cb9  __aeabi_memclr4         
00000cb9  __aeabi_memclr8         
00000cbb  __aeabi_memset          
00000cbb  __aeabi_memset4         
00000cbb  __aeabi_memset8         
00000cc1  memset                  
00000d35  __TI_auto_init          
00000e0d  ButtonsInit             
00000e75  main                    
00000ed5  UserFunctionMode        
00000f2d  _c_int00                
00000f7d  ConfigUART              
00000fc9  copy_in                 
00001015  GPIOPinConfigure        
0000105d  UserDisplayMode         
000010a1  C$$EXIT                 
000010a5  abort                   
000010ad  exit                    
000010e5  __aeabi_uidiv           
000010e5  __aeabi_uidivmod        
00001129  UARTFlushTx             
00001165  SysCtlPeripheralEnable  
00001199  UARTFlushRx             
000011c5  GPIODirModeSet          
000011f1  InitDisplay             
00001219  SysTickIntHandler       
00001235  ConfigSysTick           
0000124f  UARTprintf              
00001269  GPIOPinTypeGPIOOutput   
00001299  _args_main              
000012b1  InitUserState           
000012c5  SysTickEnable           
000012d9  SysTickIntEnable        
000012ed  _register_unlock        
000012f3  _register_lock          
000012fb  _nop                    
00001301  GPIOPinTypeUART         
00001315  SysTickPeriodSet        
00001333  __TI_decompress_none    
00001341  CPUcpsie                
0000134d  ConfigSystem            
00001359  __TI_zero_init          
00001365  IntMasterEnable         
0000136f  GPIOPinWrite            
00001375  ResetISR                
0000137b  SysCtlDelay             
00001381  UARTClockSourceSet      
00001387  __TI_decompress_rle24   
0000138d  _system_pre_init        
000014e0  __TI_Handler_Table_Base 
000014ec  __TI_Handler_Table_Limit
000014f8  __TI_CINIT_Base         
00001508  __TI_CINIT_Limit        
20000000  __stack                 
20000800  __STACK_END             
20000800  __STACK_TOP             
20000c80  g_sUserState            
20000cbc  _lock                   
20000cc0  _unlock                 
20000cc4  __TI_cleanup_ptr        
20000cc8  __TI_dtors_ptr          
20000ccc  main_func_sp            
ffffffff  __binit__               
ffffffff  __c_args__              
ffffffff  binit                   
UNDEFED   SHT$$INIT_ARRAY$$Base   
UNDEFED   SHT$$INIT_ARRAY$$Limit  

[84 symbols]
