******************************************************************************
                  TI ARM Linker PC v5.2.2                      
******************************************************************************
>> Linked Fri Apr 24 01:08:30 2015

OUTPUT FILE NAME:   <[TIVA][FW1] _1BUTTON_3LEDS.out>
ENTRY POINT SYMBOL: "_c_int00"  address: 0000118d


MEMORY CONFIGURATION

         name            origin    length      used     unused   attr    fill
----------------------  --------  ---------  --------  --------  ----  --------
  FLASH                 00000000   00040000  00001704  0003e8fc  R  X
  SRAM                  20000000   00008000  00000cce  00007332  RW X


SEGMENT ALLOCATION MAP

run origin  load origin   length   init length attrs members
----------  ----------- ---------- ----------- ----- -------
00000000    00000000    00001710   00001710    r-x
  00000000    00000000    0000026c   0000026c    r-- .intvecs
  00000270    00000270    00001322   00001322    r-x .text
  00001594    00001594    00000136   00000136    r-- .const
  000016d0    000016d0    00000040   00000040    r-- .cinit
20000000    20000000    00000cd0   00000000    rw-
  20000000    20000000    00000800   00000000    rw- .stack
  20000800    20000800    000004a2   00000000    rw- .bss
  20000ca4    20000ca4    0000002c   00000000    rw- .data


SECTION ALLOCATION MAP

 output                                  attributes/
section   page    origin      length       input sections
--------  ----  ----------  ----------   ----------------
.intvecs   0    00000000    0000026c     
                  00000000    0000026c     startup_ccs.obj (.intvecs)

.text      0    00000270    00001322     
                  00000270    0000029d     uartstdio.obj (.text:UARTvprintf)
                  0000050d    00000003     --HOLE-- [fill = 0]
                  00000510    00000174     uartstdio.obj (.text:UARTStdioIntHandler)
                  00000684    00000004     rtsv7M4_T_le_v4SPD16_eabi.lib : pre_init.obj (.text)
                  00000688    00000136     main.obj (.text:AppButtonHandler)
                  000007be    00000130     driverlib.lib : gpio.obj (.text:GPIOPadConfigSet)
                  000008ee    00000002     --HOLE-- [fill = 0]
                  000008f0    00000118                   : sysctl.obj (.text:SysCtlClockGet)
                  00000a08    000000f0                   : sysctl.obj (.text:SysCtlClockSet)
                  00000af8    000000c8     uartstdio.obj (.text:UARTStdioConfig)
                  00000bc0    000000ba     uartstdio.obj (.text:UARTwrite)
                  00000c7a    0000009c     rtsv7M4_T_le_v4SPD16_eabi.lib : memcpy_t2.obj (.text)
                  00000d16    00000002     --HOLE-- [fill = 0]
                  00000d18    00000096     uartstdio.obj (.text:UARTPrimeTransmit)
                  00000dae    00000002     --HOLE-- [fill = 0]
                  00000db0    00000090     buttons.obj (.text:ButtonsPoll)
                  00000e40    0000007a     rtsv7M4_T_le_v4SPD16_eabi.lib : memset_t2.obj (.text)
                  00000eba    00000006     driverlib.lib : gpio.obj (.text:GPIOPinWrite)
                  00000ec0    00000074     UserFunction.obj (.text:UserDisplayMode)
                  00000f34    0000006c     rtsv7M4_T_le_v4SPD16_eabi.lib : autoinit.obj (.text)
                  00000fa0    0000006a                                   : copy_decompress_rle.obj (.text)
                  0000100a    00000006     driverlib.lib : sysctl.obj (.text:SysCtlDelay)
                  00001010    00000068     buttons.obj (.text:ButtonsInit)
                  00001078    00000062     main.obj (.text:main)
                  000010da    00000006     driverlib.lib : uart.obj (.text:UARTClockSourceSet)
                  000010e0    00000058     UserFunction.obj (.text:UserFunctionMode)
                  00001138    00000054     SystemConfig.obj (.text:ConfigUART)
                  0000118c    00000050     rtsv7M4_T_le_v4SPD16_eabi.lib : boot.obj (.text)
                  000011dc    00000004     --HOLE-- [fill = 0]
                  000011e0    0000004c     uartstdio.obj (.text:UARTFlushTx)
                  0000122c    0000004c     rtsv7M4_T_le_v4SPD16_eabi.lib : cpy_tbl.obj (.text)
                  00001278    00000048     driverlib.lib : gpio.obj (.text:GPIOPinConfigure)
                  000012c0    00000044     rtsv7M4_T_le_v4SPD16_eabi.lib : exit.obj (.text)
                  00001304    00000042                                   : u_divt2.obj (.text)
                  00001346    00000002     --HOLE-- [fill = 0]
                  00001348    00000034     driverlib.lib : sysctl.obj (.text:SysCtlPeripheralEnable)
                  0000137c    00000004     --HOLE-- [fill = 0]
                  00001380    0000002e     uartstdio.obj (.text:UARTFlushRx)
                  000013ae    0000002a     driverlib.lib : gpio.obj (.text:GPIODirModeSet)
                  000013d8    0000002a     main.obj (.text:InitDisplay)
                  00001402    00000006     rtsv7M4_T_le_v4SPD16_eabi.lib : copy_decompress_rle.obj (.text:decompress:rle24)
                  00001408    0000001a     SystemConfig.obj (.text:ConfigSysTick)
                  00001422    00000006     --HOLE-- [fill = 0]
                  00001428    0000001a     main.obj (.text:SysTickIntHandler)
                  00001442    00000006     --HOLE-- [fill = 0]
                  00001448    0000001a     uartstdio.obj (.text:UARTprintf)
                  00001462    00000018     driverlib.lib : gpio.obj (.text:GPIOPinTypeGPIOOutput)
                  0000147a    00000006     --HOLE-- [fill = 0]
                  00001480    00000018     uartstdio.obj (.text:IsBufferFull)
                  00001498    00000018     rtsv7M4_T_le_v4SPD16_eabi.lib : args_main.obj (.text)
                  000014b0    00000014     main.obj (.text:InitUserState)
                  000014c4    00000014     driverlib.lib : systick.obj (.text:SysTickEnable)
                  000014d8    00000014                   : systick.obj (.text:SysTickIntEnable)
                  000014ec    00000014     rtsv7M4_T_le_v4SPD16_eabi.lib : _lock.obj (.text)
                  00001500    00000012     driverlib.lib : gpio.obj (.text:GPIOPinTypeUART)
                  00001512    00000002     --HOLE-- [fill = 0]
                  00001514    00000010                   : systick.obj (.text:SysTickPeriodSet)
                  00001524    00000004     --HOLE-- [fill = 0]
                  00001528    0000000e     uartstdio.obj (.text:IsBufferEmpty)
                  00001536    0000000e     rtsv7M4_T_le_v4SPD16_eabi.lib : copy_decompress_none.obj (.text:decompress:none)
                  00001544    0000000c     driverlib.lib : cpu.obj (.text:CPUcpsie)
                  00001550    0000000c     SystemConfig.obj (.text:ConfigSystem)
                  0000155c    0000000c     rtsv7M4_T_le_v4SPD16_eabi.lib : copy_zero_init.obj (.text:decompress:ZI)
                  00001568    0000000a     driverlib.lib : interrupt.obj (.text:IntMasterEnable)
                  00001572    00000006     --HOLE-- [fill = 0]
                  00001578    00000006     startup_ccs.obj (.text:ResetISR)
                  0000157e    00000002     --HOLE-- [fill = 0]
                  00001580    00000002     startup_ccs.obj (.text:FaultISR)
                  00001582    00000006     --HOLE-- [fill = 0]
                  00001588    00000002     startup_ccs.obj (.text:IntDefaultHandler)
                  0000158a    00000006     --HOLE-- [fill = 0]
                  00001590    00000002     startup_ccs.obj (.text:NmiSR)

.const     0    00001594    00000136     
                  00001594    00000090     driverlib.lib : gpio.obj (.const:g_pui32GPIOBaseAddrs)
                  00001624    0000006c                   : sysctl.obj (.const:g_pui32Xtals)
                  00001690    00000028     uartstdio.obj (.const)
                  000016b8    00000012     uartstdio.obj (.const:.string)

.cinit     0    000016d0    00000040     
                  000016d0    00000015     (.cinit..data.load) [load image, compression = rle]
                  000016e5    00000003     --HOLE-- [fill = 0]
                  000016e8    0000000c     (__TI_handler_table)
                  000016f4    00000004     --HOLE-- [fill = 0]
                  000016f8    00000008     (.cinit..bss.load) [load image, compression = zero_init]
                  00001700    00000010     (__TI_cinit_table)

.init_array 
*          0    00000000    00000000     UNINITIALIZED

.stack     0    20000000    00000800     UNINITIALIZED
                  20000000    00000800     --HOLE--

.bss       0    20000800    000004a2     UNINITIALIZED
                  20000800    00000400     uartstdio.obj (.bss:g_pcUARTTxBuffer)
                  20000c00    00000080     uartstdio.obj (.bss:g_pcUARTRxBuffer)
                  20000c80    00000010     (.common:g_sUserState)
                  20000c90    00000004     (.common:g_ui32PortNum)
                  20000c94    00000004     (.common:ui32PreviousMode$1)
                  20000c98    00000004     (.common:ui32TickCounter$1)
                  20000c9c    00000004     (.common:ui32tempState$2)
                  20000ca0    00000001     (.common:ctemp$3)
                  20000ca1    00000001     (.common:g_bDisableEcho)

.TI.noinit 
*          0    20000800    00000000     UNINITIALIZED

.data      0    20000ca4    0000002c     UNINITIALIZED
                  20000ca4    00000015     uartstdio.obj (.data)
                  20000cb9    00000003     buttons.obj (.data)
                  20000cbc    00000008     rtsv7M4_T_le_v4SPD16_eabi.lib : _lock.obj (.data)
                  20000cc4    00000008                                   : exit.obj (.data)
                  20000ccc    00000004                                   : stkdepth_vars.obj (.data)

.TI.persistent 
*          0    20000ca4    00000000     UNINITIALIZED


LINKER GENERATED COPY TABLES

__TI_cinit_table @ 00001700 records: 2, size/record: 8, table size: 16
	.data: load addr=000016d0, load size=00000015 bytes, run addr=20000ca4, run size=0000002c bytes, compression=rle
	.bss: load addr=000016f8, load size=00000008 bytes, run addr=20000800, run size=000004a2 bytes, compression=zero_init


LINKER GENERATED HANDLER TABLE

__TI_handler_table @ 000016e8 records: 3, size/record: 4, table size: 12
	index: 0, handler: __TI_decompress_rle24
	index: 1, handler: __TI_decompress_none
	index: 2, handler: __TI_zero_init


GLOBAL SYMBOLS: SORTED ALPHABETICALLY BY Name 

address   name                    
-------   ----                    
00000689  AppButtonHandler        
00001011  ButtonsInit             
00000db1  ButtonsPoll             
000012c1  C$$EXIT                 
00001545  CPUcpsie                
00001409  ConfigSysTick           
00001551  ConfigSystem            
00001139  ConfigUART              
000013af  GPIODirModeSet          
000007bf  GPIOPadConfigSet        
00001279  GPIOPinConfigure        
00001463  GPIOPinTypeGPIOOutput   
00001501  GPIOPinTypeUART         
00000ebb  GPIOPinWrite            
000013d9  InitDisplay             
000014b1  InitUserState           
00001569  IntMasterEnable         
00001579  ResetISR                
UNDEFED   SHT$$INIT_ARRAY$$Base   
UNDEFED   SHT$$INIT_ARRAY$$Limit  
000008f1  SysCtlClockGet          
00000a09  SysCtlClockSet          
0000100b  SysCtlDelay             
00001349  SysCtlPeripheralEnable  
000014c5  SysTickEnable           
000014d9  SysTickIntEnable        
00001429  SysTickIntHandler       
00001515  SysTickPeriodSet        
000010db  UARTClockSourceSet      
00001381  UARTFlushRx             
000011e1  UARTFlushTx             
00000af9  UARTStdioConfig         
00000511  UARTStdioIntHandler     
00001449  UARTprintf              
00000271  UARTvprintf             
00000bc1  UARTwrite               
00000ec1  UserDisplayMode         
000010e1  UserFunctionMode        
20000800  __STACK_END             
00000800  __STACK_SIZE            
20000800  __STACK_TOP             
00001700  __TI_CINIT_Base         
00001710  __TI_CINIT_Limit        
000016e8  __TI_Handler_Table_Base 
000016f4  __TI_Handler_Table_Limit
00000f35  __TI_auto_init          
20000cc4  __TI_cleanup_ptr        
00001537  __TI_decompress_none    
00001403  __TI_decompress_rle24   
20000cc8  __TI_dtors_ptr          
00000000  __TI_static_base__      
0000155d  __TI_zero_init          
00000e41  __aeabi_memclr          
00000e41  __aeabi_memclr4         
00000e41  __aeabi_memclr8         
00000c7b  __aeabi_memcpy          
00000c7b  __aeabi_memcpy4         
00000c7b  __aeabi_memcpy8         
00000e43  __aeabi_memset          
00000e43  __aeabi_memset4         
00000e43  __aeabi_memset8         
00001305  __aeabi_uidiv           
00001305  __aeabi_uidivmod        
ffffffff  __binit__               
ffffffff  __c_args__              
20000000  __stack                 
00001499  _args_main              
0000118d  _c_int00                
20000cbc  _lock                   
000014fb  _nop                    
000014f3  _register_lock          
000014ed  _register_unlock        
00000685  _system_pre_init        
20000cc0  _unlock                 
000012c5  abort                   
ffffffff  binit                   
0000122d  copy_in                 
000012cd  exit                    
00000000  g_pfnVectors            
20000c80  g_sUserState            
00001079  main                    
20000ccc  main_func_sp            
00000c7b  memcpy                  
00000e49  memset                  


GLOBAL SYMBOLS: SORTED BY Symbol Address 

address   name                    
-------   ----                    
00000000  __TI_static_base__      
00000000  g_pfnVectors            
00000271  UARTvprintf             
00000511  UARTStdioIntHandler     
00000685  _system_pre_init        
00000689  AppButtonHandler        
000007bf  GPIOPadConfigSet        
00000800  __STACK_SIZE            
000008f1  SysCtlClockGet          
00000a09  SysCtlClockSet          
00000af9  UARTStdioConfig         
00000bc1  UARTwrite               
00000c7b  __aeabi_memcpy          
00000c7b  __aeabi_memcpy4         
00000c7b  __aeabi_memcpy8         
00000c7b  memcpy                  
00000db1  ButtonsPoll             
00000e41  __aeabi_memclr          
00000e41  __aeabi_memclr4         
00000e41  __aeabi_memclr8         
00000e43  __aeabi_memset          
00000e43  __aeabi_memset4         
00000e43  __aeabi_memset8         
00000e49  memset                  
00000ebb  GPIOPinWrite            
00000ec1  UserDisplayMode         
00000f35  __TI_auto_init          
0000100b  SysCtlDelay             
00001011  ButtonsInit             
00001079  main                    
000010db  UARTClockSourceSet      
000010e1  UserFunctionMode        
00001139  ConfigUART              
0000118d  _c_int00                
000011e1  UARTFlushTx             
0000122d  copy_in                 
00001279  GPIOPinConfigure        
000012c1  C$$EXIT                 
000012c5  abort                   
000012cd  exit                    
00001305  __aeabi_uidiv           
00001305  __aeabi_uidivmod        
00001349  SysCtlPeripheralEnable  
00001381  UARTFlushRx             
000013af  GPIODirModeSet          
000013d9  InitDisplay             
00001403  __TI_decompress_rle24   
00001409  ConfigSysTick           
00001429  SysTickIntHandler       
00001449  UARTprintf              
00001463  GPIOPinTypeGPIOOutput   
00001499  _args_main              
000014b1  InitUserState           
000014c5  SysTickEnable           
000014d9  SysTickIntEnable        
000014ed  _register_unlock        
000014f3  _register_lock          
000014fb  _nop                    
00001501  GPIOPinTypeUART         
00001515  SysTickPeriodSet        
00001537  __TI_decompress_none    
00001545  CPUcpsie                
00001551  ConfigSystem            
0000155d  __TI_zero_init          
00001569  IntMasterEnable         
00001579  ResetISR                
000016e8  __TI_Handler_Table_Base 
000016f4  __TI_Handler_Table_Limit
00001700  __TI_CINIT_Base         
00001710  __TI_CINIT_Limit        
20000000  __stack                 
20000800  __STACK_END             
20000800  __STACK_TOP             
20000c80  g_sUserState            
20000cbc  _lock                   
20000cc0  _unlock                 
20000cc4  __TI_cleanup_ptr        
20000cc8  __TI_dtors_ptr          
20000ccc  main_func_sp            
ffffffff  __binit__               
ffffffff  __c_args__              
ffffffff  binit                   
UNDEFED   SHT$$INIT_ARRAY$$Base   
UNDEFED   SHT$$INIT_ARRAY$$Limit  

[84 symbols]
