******************************************************************************
                  TI ARM Linker PC v5.2.2                      
******************************************************************************
>> Linked Fri Apr 24 01:08:50 2015

OUTPUT FILE NAME:   <[TIVA][FW1] _1BUTTON_3LEDS.out>
ENTRY POINT SYMBOL: "_c_int00"  address: 00001295


MEMORY CONFIGURATION

         name            origin    length      used     unused   attr    fill
----------------------  --------  ---------  --------  --------  ----  --------
  FLASH                 00000000   00040000  000017bc  0003e844  R  X
  SRAM                  20000000   00008000  00000cce  00007332  RW X


SEGMENT ALLOCATION MAP

run origin  load origin   length   init length attrs members
----------  ----------- ---------- ----------- ----- -------
00000000    00000000    000017c8   000017c8    r-x
  00000000    00000000    0000026c   0000026c    r-- .intvecs
  00000270    00000270    000013da   000013da    r-x .text
  0000164c    0000164c    00000136   00000136    r-- .const
  00001788    00001788    00000040   00000040    r-- .cinit
20000000    20000000    00000cd0   00000000    rw-
  20000000    20000000    00000800   00000000    rw- .stack
  20000800    20000800    000004a2   00000000    rw- .bss
  20000ca4    20000ca4    0000002c   00000000    rw- .data


SECTION ALLOCATION MAP

 output                                  attributes/
section   page    origin      length       input sections
--------  ----  ----------  ----------   ----------------
.intvecs   0    00000000    0000026c     
                  00000000    0000026c     startup_ccs.obj (.intvecs)

.text      0    00000270    000013da     
                  00000270    00000306     uartstdio.obj (.text:UARTvprintf)
                  00000576    00000002     --HOLE-- [fill = 0]
                  00000578    0000017c     uartstdio.obj (.text:UARTStdioIntHandler)
                  000006f4    00000004     rtsv7M4_T_le_v4SPD16_eabi.lib : pre_init.obj (.text)
                  000006f8    0000013e     main.obj (.text:AppButtonHandler)
                  00000836    00000130     driverlib.lib : gpio.obj (.text:GPIOPadConfigSet)
                  00000966    00000002     --HOLE-- [fill = 0]
                  00000968    00000118                   : sysctl.obj (.text:SysCtlClockGet)
                  00000a80    000000f0                   : sysctl.obj (.text:SysCtlClockSet)
                  00000b70    000000c8     uartstdio.obj (.text:UARTStdioConfig)
                  00000c38    000000ba     uartstdio.obj (.text:UARTwrite)
                  00000cf2    0000009c     rtsv7M4_T_le_v4SPD16_eabi.lib : memcpy_t2.obj (.text)
                  00000d8e    00000002     --HOLE-- [fill = 0]
                  00000d90    00000096     uartstdio.obj (.text:UARTPrimeTransmit)
                  00000e26    00000002     --HOLE-- [fill = 0]
                  00000e28    00000092     buttons.obj (.text:ButtonsPoll)
                  00000eba    00000006     driverlib.lib : gpio.obj (.text:GPIOPinWrite)
                  00000ec0    00000092     UserFunction.obj (.text:UserDisplayMode)
                  00000f52    0000007a     rtsv7M4_T_le_v4SPD16_eabi.lib : memset_t2.obj (.text)
                  00000fcc    00000004     --HOLE-- [fill = 0]
                  00000fd0    00000072     buttons.obj (.text:ButtonsInit)
                  00001042    00000002     --HOLE-- [fill = 0]
                  00001044    0000006c     rtsv7M4_T_le_v4SPD16_eabi.lib : autoinit.obj (.text)
                  000010b0    0000006a                                   : copy_decompress_rle.obj (.text)
                  0000111a    00000006     driverlib.lib : sysctl.obj (.text:SysCtlDelay)
                  00001120    00000062     main.obj (.text:main)
                  00001182    00000006     driverlib.lib : uart.obj (.text:UARTClockSourceSet)
                  00001188    0000005c     uartstdio.obj (.text:UARTFlushTx)
                  000011e4    00000004     --HOLE-- [fill = 0]
                  000011e8    00000058     UserFunction.obj (.text:UserFunctionMode)
                  00001240    00000054     SystemConfig.obj (.text:ConfigUART)
                  00001294    00000050     rtsv7M4_T_le_v4SPD16_eabi.lib : boot.obj (.text)
                  000012e4    0000004c                                   : cpy_tbl.obj (.text)
                  00001330    00000048     driverlib.lib : gpio.obj (.text:GPIOPinConfigure)
                  00001378    00000044     rtsv7M4_T_le_v4SPD16_eabi.lib : exit.obj (.text)
                  000013bc    00000042                                   : u_divt2.obj (.text)
                  000013fe    00000002     --HOLE-- [fill = 0]
                  00001400    00000034     driverlib.lib : sysctl.obj (.text:SysCtlPeripheralEnable)
                  00001434    00000004     --HOLE-- [fill = 0]
                  00001438    0000002e     main.obj (.text:InitDisplay)
                  00001466    00000002     --HOLE-- [fill = 0]
                  00001468    0000002e     uartstdio.obj (.text:UARTFlushRx)
                  00001496    0000002a     driverlib.lib : gpio.obj (.text:GPIODirModeSet)
                  000014c0    0000001a     SystemConfig.obj (.text:ConfigSysTick)
                  000014da    00000006     rtsv7M4_T_le_v4SPD16_eabi.lib : copy_decompress_rle.obj (.text:decompress:rle24)
                  000014e0    0000001a     main.obj (.text:SysTickIntHandler)
                  000014fa    00000006     --HOLE-- [fill = 0]
                  00001500    0000001a     uartstdio.obj (.text:UARTprintf)
                  0000151a    00000018     driverlib.lib : gpio.obj (.text:GPIOPinTypeGPIOOutput)
                  00001532    00000006     --HOLE-- [fill = 0]
                  00001538    00000018     uartstdio.obj (.text:IsBufferFull)
                  00001550    00000018     rtsv7M4_T_le_v4SPD16_eabi.lib : args_main.obj (.text)
                  00001568    00000014     main.obj (.text:InitUserState)
                  0000157c    00000014     driverlib.lib : systick.obj (.text:SysTickEnable)
                  00001590    00000014                   : systick.obj (.text:SysTickIntEnable)
                  000015a4    00000014     rtsv7M4_T_le_v4SPD16_eabi.lib : _lock.obj (.text)
                  000015b8    00000012     driverlib.lib : gpio.obj (.text:GPIOPinTypeUART)
                  000015ca    00000002     --HOLE-- [fill = 0]
                  000015cc    00000010                   : systick.obj (.text:SysTickPeriodSet)
                  000015dc    00000004     --HOLE-- [fill = 0]
                  000015e0    0000000e     uartstdio.obj (.text:IsBufferEmpty)
                  000015ee    0000000e     rtsv7M4_T_le_v4SPD16_eabi.lib : copy_decompress_none.obj (.text:decompress:none)
                  000015fc    0000000c     driverlib.lib : cpu.obj (.text:CPUcpsie)
                  00001608    0000000c     SystemConfig.obj (.text:ConfigSystem)
                  00001614    0000000c     rtsv7M4_T_le_v4SPD16_eabi.lib : copy_zero_init.obj (.text:decompress:ZI)
                  00001620    0000000a     driverlib.lib : interrupt.obj (.text:IntMasterEnable)
                  0000162a    00000006     --HOLE-- [fill = 0]
                  00001630    00000006     startup_ccs.obj (.text:ResetISR)
                  00001636    00000002     --HOLE-- [fill = 0]
                  00001638    00000002     startup_ccs.obj (.text:FaultISR)
                  0000163a    00000006     --HOLE-- [fill = 0]
                  00001640    00000002     startup_ccs.obj (.text:IntDefaultHandler)
                  00001642    00000006     --HOLE-- [fill = 0]
                  00001648    00000002     startup_ccs.obj (.text:NmiSR)

.const     0    0000164c    00000136     
                  0000164c    00000090     driverlib.lib : gpio.obj (.const:g_pui32GPIOBaseAddrs)
                  000016dc    0000006c                   : sysctl.obj (.const:g_pui32Xtals)
                  00001748    00000028     uartstdio.obj (.const)
                  00001770    00000012     uartstdio.obj (.const:.string)

.cinit     0    00001788    00000040     
                  00001788    00000015     (.cinit..data.load) [load image, compression = rle]
                  0000179d    00000003     --HOLE-- [fill = 0]
                  000017a0    0000000c     (__TI_handler_table)
                  000017ac    00000004     --HOLE-- [fill = 0]
                  000017b0    00000008     (.cinit..bss.load) [load image, compression = zero_init]
                  000017b8    00000010     (__TI_cinit_table)

.init_array 
*          0    00000000    00000000     UNINITIALIZED

.stack     0    20000000    00000800     UNINITIALIZED
                  20000000    00000800     --HOLE--

.bss       0    20000800    000004a2     UNINITIALIZED
                  20000800    00000400     uartstdio.obj (.bss:g_pcUARTTxBuffer)
                  20000c00    00000080     uartstdio.obj (.bss:g_pcUARTRxBuffer)
                  20000c80    00000010     (.common:g_sUserState)
                  20000c90    00000004     (.common:g_ui32PortNum)
                  20000c94    00000004     (.common:ui32PreviousMode$1)
                  20000c98    00000004     (.common:ui32TickCounter$1)
                  20000c9c    00000004     (.common:ui32tempState$2)
                  20000ca0    00000001     (.common:ctemp$3)
                  20000ca1    00000001     (.common:g_bDisableEcho)

.TI.noinit 
*          0    20000800    00000000     UNINITIALIZED

.data      0    20000ca4    0000002c     UNINITIALIZED
                  20000ca4    00000015     uartstdio.obj (.data)
                  20000cb9    00000003     buttons.obj (.data)
                  20000cbc    00000008     rtsv7M4_T_le_v4SPD16_eabi.lib : _lock.obj (.data)
                  20000cc4    00000008                                   : exit.obj (.data)
                  20000ccc    00000004                                   : stkdepth_vars.obj (.data)

.TI.persistent 
*          0    20000ca4    00000000     UNINITIALIZED


LINKER GENERATED COPY TABLES

__TI_cinit_table @ 000017b8 records: 2, size/record: 8, table size: 16
	.data: load addr=00001788, load size=00000015 bytes, run addr=20000ca4, run size=0000002c bytes, compression=rle
	.bss: load addr=000017b0, load size=00000008 bytes, run addr=20000800, run size=000004a2 bytes, compression=zero_init


LINKER GENERATED HANDLER TABLE

__TI_handler_table @ 000017a0 records: 3, size/record: 4, table size: 12
	index: 0, handler: __TI_decompress_rle24
	index: 1, handler: __TI_decompress_none
	index: 2, handler: __TI_zero_init


GLOBAL SYMBOLS: SORTED ALPHABETICALLY BY Name 

address   name                    
-------   ----                    
000006f9  AppButtonHandler        
00000fd1  ButtonsInit             
00000e29  ButtonsPoll             
00001379  C$$EXIT                 
000015fd  CPUcpsie                
000014c1  ConfigSysTick           
00001609  ConfigSystem            
00001241  ConfigUART              
00001497  GPIODirModeSet          
00000837  GPIOPadConfigSet        
00001331  GPIOPinConfigure        
0000151b  GPIOPinTypeGPIOOutput   
000015b9  GPIOPinTypeUART         
00000ebb  GPIOPinWrite            
00001439  InitDisplay             
00001569  InitUserState           
00001621  IntMasterEnable         
00001631  ResetISR                
UNDEFED   SHT$$INIT_ARRAY$$Base   
UNDEFED   SHT$$INIT_ARRAY$$Limit  
00000969  SysCtlClockGet          
00000a81  SysCtlClockSet          
0000111b  SysCtlDelay             
00001401  SysCtlPeripheralEnable  
0000157d  SysTickEnable           
00001591  SysTickIntEnable        
000014e1  SysTickIntHandler       
000015cd  SysTickPeriodSet        
00001183  UARTClockSourceSet      
00001469  UARTFlushRx             
00001189  UARTFlushTx             
00000b71  UARTStdioConfig         
00000579  UARTStdioIntHandler     
00001501  UARTprintf              
00000271  UARTvprintf             
00000c39  UARTwrite               
00000ec1  UserDisplayMode         
000011e9  UserFunctionMode        
20000800  __STACK_END             
00000800  __STACK_SIZE            
20000800  __STACK_TOP             
000017b8  __TI_CINIT_Base         
000017c8  __TI_CINIT_Limit        
000017a0  __TI_Handler_Table_Base 
000017ac  __TI_Handler_Table_Limit
00001045  __TI_auto_init          
20000cc4  __TI_cleanup_ptr        
000015ef  __TI_decompress_none    
000014db  __TI_decompress_rle24   
20000cc8  __TI_dtors_ptr          
00000000  __TI_static_base__      
00001615  __TI_zero_init          
00000f53  __aeabi_memclr          
00000f53  __aeabi_memclr4         
00000f53  __aeabi_memclr8         
00000cf3  __aeabi_memcpy          
00000cf3  __aeabi_memcpy4         
00000cf3  __aeabi_memcpy8         
00000f55  __aeabi_memset          
00000f55  __aeabi_memset4         
00000f55  __aeabi_memset8         
000013bd  __aeabi_uidiv           
000013bd  __aeabi_uidivmod        
ffffffff  __binit__               
ffffffff  __c_args__              
20000000  __stack                 
00001551  _args_main              
00001295  _c_int00                
20000cbc  _lock                   
000015b3  _nop                    
000015ab  _register_lock          
000015a5  _register_unlock        
000006f5  _system_pre_init        
20000cc0  _unlock                 
0000137d  abort                   
ffffffff  binit                   
000012e5  copy_in                 
00001385  exit                    
00000000  g_pfnVectors            
20000c80  g_sUserState            
00001121  main                    
20000ccc  main_func_sp            
00000cf3  memcpy                  
00000f5b  memset                  


GLOBAL SYMBOLS: SORTED BY Symbol Address 

address   name                    
-------   ----                    
00000000  __TI_static_base__      
00000000  g_pfnVectors            
00000271  UARTvprintf             
00000579  UARTStdioIntHandler     
000006f5  _system_pre_init        
000006f9  AppButtonHandler        
00000800  __STACK_SIZE            
00000837  GPIOPadConfigSet        
00000969  SysCtlClockGet          
00000a81  SysCtlClockSet          
00000b71  UARTStdioConfig         
00000c39  UARTwrite               
00000cf3  __aeabi_memcpy          
00000cf3  __aeabi_memcpy4         
00000cf3  __aeabi_memcpy8         
00000cf3  memcpy                  
00000e29  ButtonsPoll             
00000ebb  GPIOPinWrite            
00000ec1  UserDisplayMode         
00000f53  __aeabi_memclr          
00000f53  __aeabi_memclr4         
00000f53  __aeabi_memclr8         
00000f55  __aeabi_memset          
00000f55  __aeabi_memset4         
00000f55  __aeabi_memset8         
00000f5b  memset                  
00000fd1  ButtonsInit             
00001045  __TI_auto_init          
0000111b  SysCtlDelay             
00001121  main                    
00001183  UARTClockSourceSet      
00001189  UARTFlushTx             
000011e9  UserFunctionMode        
00001241  ConfigUART              
00001295  _c_int00                
000012e5  copy_in                 
00001331  GPIOPinConfigure        
00001379  C$$EXIT                 
0000137d  abort                   
00001385  exit                    
000013bd  __aeabi_uidiv           
000013bd  __aeabi_uidivmod        
00001401  SysCtlPeripheralEnable  
00001439  InitDisplay             
00001469  UARTFlushRx             
00001497  GPIODirModeSet          
000014c1  ConfigSysTick           
000014db  __TI_decompress_rle24   
000014e1  SysTickIntHandler       
00001501  UARTprintf              
0000151b  GPIOPinTypeGPIOOutput   
00001551  _args_main              
00001569  InitUserState           
0000157d  SysTickEnable           
00001591  SysTickIntEnable        
000015a5  _register_unlock        
000015ab  _register_lock          
000015b3  _nop                    
000015b9  GPIOPinTypeUART         
000015cd  SysTickPeriodSet        
000015ef  __TI_decompress_none    
000015fd  CPUcpsie                
00001609  ConfigSystem            
00001615  __TI_zero_init          
00001621  IntMasterEnable         
00001631  ResetISR                
000017a0  __TI_Handler_Table_Base 
000017ac  __TI_Handler_Table_Limit
000017b8  __TI_CINIT_Base         
000017c8  __TI_CINIT_Limit        
20000000  __stack                 
20000800  __STACK_END             
20000800  __STACK_TOP             
20000c80  g_sUserState            
20000cbc  _lock                   
20000cc0  _unlock                 
20000cc4  __TI_cleanup_ptr        
20000cc8  __TI_dtors_ptr          
20000ccc  main_func_sp            
ffffffff  __binit__               
ffffffff  __c_args__              
ffffffff  binit                   
UNDEFED   SHT$$INIT_ARRAY$$Base   
UNDEFED   SHT$$INIT_ARRAY$$Limit  

[84 symbols]
